Archive member included to satisfy reference by file (symbol)

/usr/lib/gcc/arm-none-eabi/7.3.1/../../../arm-none-eabi/lib/thumb/v6-m/libm.a(lib_a-s_floor.o)
                              ../../mac/CMakeFiles/mac.dir/region/RegionCommon.c.obj (floor)
/usr/lib/gcc/arm-none-eabi/7.3.1/thumb/v6-m/libgcc.a(_thumb1_case_uqi.o)
                              CMakeFiles/LoRaMac-periodic-uplink-lpp.dir/common/LmHandlerMsgDisplay.c.obj (__gnu_thumb1_case_uqi)
/usr/lib/gcc/arm-none-eabi/7.3.1/thumb/v6-m/libgcc.a(_thumb1_case_shi.o)
                              ../../mac/CMakeFiles/mac.dir/LoRaMac.c.obj (__gnu_thumb1_case_shi)
/usr/lib/gcc/arm-none-eabi/7.3.1/thumb/v6-m/libgcc.a(_thumb1_case_uhi.o)
                              CMakeFiles/LoRaMac-periodic-uplink-lpp.dir/common/LmHandler/packages/LmhpRemoteMcastSetup.c.obj (__gnu_thumb1_case_uhi)
/usr/lib/gcc/arm-none-eabi/7.3.1/thumb/v6-m/libgcc.a(_udivsi3.o)
                              CMakeFiles/LoRaMac-periodic-uplink-lpp.dir/periodic-uplink-lpp/B-L072Z-LRWAN1/main.c.obj (__aeabi_uidiv)
/usr/lib/gcc/arm-none-eabi/7.3.1/thumb/v6-m/libgcc.a(_divsi3.o)
                              CMakeFiles/LoRaMac-periodic-uplink-lpp.dir/periodic-uplink-lpp/B-L072Z-LRWAN1/main.c.obj (__aeabi_idiv)
/usr/lib/gcc/arm-none-eabi/7.3.1/thumb/v6-m/libgcc.a(_dvmd_tls.o)
                              /usr/lib/gcc/arm-none-eabi/7.3.1/thumb/v6-m/libgcc.a(_udivsi3.o) (__aeabi_idiv0)
/usr/lib/gcc/arm-none-eabi/7.3.1/thumb/v6-m/libgcc.a(_arm_cmpdf2.o)
                              ../../system/CMakeFiles/system.dir/gps.c.obj (__aeabi_dcmpeq)
/usr/lib/gcc/arm-none-eabi/7.3.1/thumb/v6-m/libgcc.a(_arm_cmpsf2.o)
                              ../../boards/B-L072Z-LRWAN1/CMakeFiles/B-L072Z-LRWAN1.dir/rtc-board.c.obj (__aeabi_fcmplt)
/usr/lib/gcc/arm-none-eabi/7.3.1/thumb/v6-m/libgcc.a(_aeabi_ldivmod.o)
                              ../../boards/B-L072Z-LRWAN1/CMakeFiles/B-L072Z-LRWAN1.dir/rtc-board.c.obj (__aeabi_ldivmod)
/usr/lib/gcc/arm-none-eabi/7.3.1/thumb/v6-m/libgcc.a(_aeabi_uldivmod.o)
                              ../../boards/B-L072Z-LRWAN1/CMakeFiles/B-L072Z-LRWAN1.dir/rtc-board.c.obj (__aeabi_uldivmod)
/usr/lib/gcc/arm-none-eabi/7.3.1/thumb/v6-m/libgcc.a(_fixunssfsi.o)
                              CMakeFiles/LoRaMac-periodic-uplink-lpp.dir/common/CayenneLpp.c.obj (__aeabi_f2uiz)
/usr/lib/gcc/arm-none-eabi/7.3.1/thumb/v6-m/libgcc.a(_udivmoddi4.o)
                              /usr/lib/gcc/arm-none-eabi/7.3.1/thumb/v6-m/libgcc.a(_aeabi_uldivmod.o) (__udivmoddi4)
/usr/lib/gcc/arm-none-eabi/7.3.1/thumb/v6-m/libgcc.a(bpabi.o)
                              /usr/lib/gcc/arm-none-eabi/7.3.1/thumb/v6-m/libgcc.a(_aeabi_ldivmod.o) (__gnu_ldivmod_helper)
/usr/lib/gcc/arm-none-eabi/7.3.1/thumb/v6-m/libgcc.a(addsf3.o)
                              CMakeFiles/LoRaMac-periodic-uplink-lpp.dir/common/CayenneLpp.c.obj (__aeabi_fadd)
/usr/lib/gcc/arm-none-eabi/7.3.1/thumb/v6-m/libgcc.a(eqsf2.o)
                              /usr/lib/gcc/arm-none-eabi/7.3.1/thumb/v6-m/libgcc.a(_arm_cmpsf2.o) (__eqsf2)
/usr/lib/gcc/arm-none-eabi/7.3.1/thumb/v6-m/libgcc.a(gesf2.o)
                              /usr/lib/gcc/arm-none-eabi/7.3.1/thumb/v6-m/libgcc.a(_arm_cmpsf2.o) (__gesf2)
/usr/lib/gcc/arm-none-eabi/7.3.1/thumb/v6-m/libgcc.a(lesf2.o)
                              /usr/lib/gcc/arm-none-eabi/7.3.1/thumb/v6-m/libgcc.a(_arm_cmpsf2.o) (__lesf2)
/usr/lib/gcc/arm-none-eabi/7.3.1/thumb/v6-m/libgcc.a(mulsf3.o)
                              CMakeFiles/LoRaMac-periodic-uplink-lpp.dir/common/CayenneLpp.c.obj (__aeabi_fmul)
/usr/lib/gcc/arm-none-eabi/7.3.1/thumb/v6-m/libgcc.a(subsf3.o)
                              ../../mac/CMakeFiles/mac.dir/region/RegionCommon.c.obj (__aeabi_fsub)
/usr/lib/gcc/arm-none-eabi/7.3.1/thumb/v6-m/libgcc.a(fixsfsi.o)
                              CMakeFiles/LoRaMac-periodic-uplink-lpp.dir/common/CayenneLpp.c.obj (__aeabi_f2iz)
/usr/lib/gcc/arm-none-eabi/7.3.1/thumb/v6-m/libgcc.a(floatsisf.o)
                              CMakeFiles/LoRaMac-periodic-uplink-lpp.dir/periodic-uplink-lpp/B-L072Z-LRWAN1/main.c.obj (__aeabi_i2f)
/usr/lib/gcc/arm-none-eabi/7.3.1/thumb/v6-m/libgcc.a(floatunsisf.o)
                              ../../mac/CMakeFiles/mac.dir/LoRaMac.c.obj (__aeabi_ui2f)
/usr/lib/gcc/arm-none-eabi/7.3.1/thumb/v6-m/libgcc.a(adddf3.o)
                              ../../system/CMakeFiles/system.dir/gps.c.obj (__aeabi_dadd)
/usr/lib/gcc/arm-none-eabi/7.3.1/thumb/v6-m/libgcc.a(eqdf2.o)
                              /usr/lib/gcc/arm-none-eabi/7.3.1/thumb/v6-m/libgcc.a(_arm_cmpdf2.o) (__eqdf2)
/usr/lib/gcc/arm-none-eabi/7.3.1/thumb/v6-m/libgcc.a(gedf2.o)
                              /usr/lib/gcc/arm-none-eabi/7.3.1/thumb/v6-m/libgcc.a(_arm_cmpdf2.o) (__gedf2)
/usr/lib/gcc/arm-none-eabi/7.3.1/thumb/v6-m/libgcc.a(ledf2.o)
                              /usr/lib/gcc/arm-none-eabi/7.3.1/thumb/v6-m/libgcc.a(_arm_cmpdf2.o) (__ledf2)
/usr/lib/gcc/arm-none-eabi/7.3.1/thumb/v6-m/libgcc.a(muldf3.o)
[...]
Memory Configuration

Name             Origin             Length             Attributes
FLASH            0x0000000008000000 0x0000000000030000 xr
RAM              0x0000000020000000 0x0000000000005000 xrw
*default*        0x0000000000000000 0xffffffffffffffff

Linker script and memory map

LOAD /usr/lib/gcc/arm-none-eabi/7.3.1/thumb/v6-m/crtfastmath.o
LOAD /usr/lib/gcc/arm-none-eabi/7.3.1/thumb/v6-m/crti.o
LOAD /usr/lib/gcc/arm-none-eabi/7.3.1/thumb/v6-m/crtbegin.o
LOAD /usr/lib/gcc/arm-none-eabi/7.3.1/../../../arm-none-eabi/lib/thumb/v6-m/crt0.o
LOAD CMakeFiles/LoRaMac-periodic-uplink-lpp.dir/common/CayenneLpp.c.obj
LOAD CMakeFiles/LoRaMac-periodic-uplink-lpp.dir/common/LmHandlerMsgDisplay.c.obj
LOAD CMakeFiles/LoRaMac-periodic-uplink-lpp.dir/common/NvmCtxMgmt.c.obj
LOAD CMakeFiles/LoRaMac-periodic-uplink-lpp.dir/common/LmHandler/LmHandler.c.obj
LOAD CMakeFiles/LoRaMac-periodic-uplink-lpp.dir/common/LmHandler/packages/FragDecoder.c.obj
LOAD CMakeFiles/LoRaMac-periodic-uplink-lpp.dir/common/LmHandler/packages/LmhpClockSync.c.obj
LOAD CMakeFiles/LoRaMac-periodic-uplink-lpp.dir/common/LmHandler/packages/LmhpCompliance.c.obj
LOAD CMakeFiles/LoRaMac-periodic-uplink-lpp.dir/common/LmHandler/packages/LmhpFragmentation.c.obj
LOAD CMakeFiles/LoRaMac-periodic-uplink-lpp.dir/common/LmHandler/packages/LmhpRemoteMcastSetup.c.obj
LOAD CMakeFiles/LoRaMac-periodic-uplink-lpp.dir/periodic-uplink-lpp/B-L072Z-LRWAN1/main.c.obj
LOAD ../../mac/CMakeFiles/mac.dir/LoRaMac.c.obj
LOAD ../../mac/CMakeFiles/mac.dir/LoRaMacAdr.c.obj
LOAD ../../mac/CMakeFiles/mac.dir/LoRaMacClassB.c.obj
LOAD ../../mac/CMakeFiles/mac.dir/LoRaMacCommands.c.obj
LOAD ../../mac/CMakeFiles/mac.dir/LoRaMacConfirmQueue.c.obj
LOAD ../../mac/CMakeFiles/mac.dir/LoRaMacCrypto.c.obj
LOAD ../../mac/CMakeFiles/mac.dir/LoRaMacParser.c.obj
LOAD ../../mac/CMakeFiles/mac.dir/LoRaMacSerializer.c.obj
LOAD ../../mac/CMakeFiles/mac.dir/region/Region.c.obj
LOAD ../../mac/CMakeFiles/mac.dir/region/RegionAS923.c.obj
LOAD ../../mac/CMakeFiles/mac.dir/region/RegionAU915.c.obj
LOAD ../../mac/CMakeFiles/mac.dir/region/RegionBaseUS.c.obj
LOAD ../../mac/CMakeFiles/mac.dir/region/RegionCN470.c.obj
LOAD ../../mac/CMakeFiles/mac.dir/region/RegionCN779.c.obj
LOAD ../../mac/CMakeFiles/mac.dir/region/RegionCommon.c.obj
LOAD ../../mac/CMakeFiles/mac.dir/region/RegionEU433.c.obj
LOAD ../../mac/CMakeFiles/mac.dir/region/RegionEU868.c.obj
LOAD ../../mac/CMakeFiles/mac.dir/region/RegionIN865.c.obj
LOAD ../../mac/CMakeFiles/mac.dir/region/RegionKR920.c.obj
LOAD ../../mac/CMakeFiles/mac.dir/region/RegionRU864.c.obj
LOAD ../../mac/CMakeFiles/mac.dir/region/RegionUS915.c.obj
LOAD ../../system/CMakeFiles/system.dir/adc.c.obj
LOAD ../../system/CMakeFiles/system.dir/delay.c.obj
LOAD ../../system/CMakeFiles/system.dir/eeprom.c.obj
LOAD ../../system/CMakeFiles/system.dir/fifo.c.obj
LOAD ../../system/CMakeFiles/system.dir/gpio.c.obj
LOAD ../../system/CMakeFiles/system.dir/gps.c.obj
LOAD ../../system/CMakeFiles/system.dir/i2c.c.obj
LOAD ../../system/CMakeFiles/system.dir/nvmm.c.obj
LOAD ../../system/CMakeFiles/system.dir/systime.c.obj
LOAD ../../system/CMakeFiles/system.dir/timer.c.obj
LOAD ../../system/CMakeFiles/system.dir/uart.c.obj
LOAD ../../radio/CMakeFiles/radio.dir/sx1276/sx1276.c.obj
LOAD ../../peripherals/CMakeFiles/peripherals.dir/gpio-ioe.c.obj
LOAD ../../peripherals/CMakeFiles/peripherals.dir/mag3110.c.obj
LOAD ../../peripherals/CMakeFiles/peripherals.dir/mma8451.c.obj
LOAD ../../peripherals/CMakeFiles/peripherals.dir/mpl3115.c.obj
LOAD ../../peripherals/CMakeFiles/peripherals.dir/pam7q.c.obj
LOAD ../../peripherals/CMakeFiles/peripherals.dir/soft-se/aes.c.obj
LOAD ../../peripherals/CMakeFiles/peripherals.dir/soft-se/cmac.c.obj
LOAD ../../peripherals/CMakeFiles/peripherals.dir/soft-se/soft-se-hal.c.obj
LOAD ../../peripherals/CMakeFiles/peripherals.dir/soft-se/soft-se.c.obj
LOAD ../../peripherals/CMakeFiles/peripherals.dir/sx1509.c.obj
LOAD ../../peripherals/CMakeFiles/peripherals.dir/sx9500.c.obj
LOAD ../../boards/B-L072Z-LRWAN1/CMakeFiles/B-L072Z-LRWAN1.dir/adc-board.c.obj
LOAD ../../boards/B-L072Z-LRWAN1/CMakeFiles/B-L072Z-LRWAN1.dir/board.c.obj
LOAD ../../boards/B-L072Z-LRWAN1/CMakeFiles/B-L072Z-LRWAN1.dir/delay-board.c.obj
LOAD ../../boards/B-L072Z-LRWAN1/CMakeFiles/B-L072Z-LRWAN1.dir/eeprom-board.c.obj
LOAD ../../boards/B-L072Z-LRWAN1/CMakeFiles/B-L072Z-LRWAN1.dir/gpio-board.c.obj
LOAD ../../boards/B-L072Z-LRWAN1/CMakeFiles/B-L072Z-LRWAN1.dir/lpm-board.c.obj
LOAD ../../boards/B-L072Z-LRWAN1/CMakeFiles/B-L072Z-LRWAN1.dir/rtc-board.c.obj
LOAD ../../boards/B-L072Z-LRWAN1/CMakeFiles/B-L072Z-LRWAN1.dir/spi-board.c.obj
LOAD ../../boards/B-L072Z-LRWAN1/CMakeFiles/B-L072Z-LRWAN1.dir/sx1276-board.c.obj
LOAD ../../boards/B-L072Z-LRWAN1/CMakeFiles/B-L072Z-LRWAN1.dir/sysIrqHandlers.c.obj
LOAD ../../boards/B-L072Z-LRWAN1/CMakeFiles/B-L072Z-LRWAN1.dir/uart-board.c.obj
LOAD ../../boards/B-L072Z-LRWAN1/CMakeFiles/B-L072Z-LRWAN1.dir/__/mcu/utilities.c.obj
LOAD ../../boards/B-L072Z-LRWAN1/CMakeFiles/B-L072Z-LRWAN1.dir/cmsis/arm-gcc/startup_stm32l072xx.s.obj
LOAD ../../boards/B-L072Z-LRWAN1/CMakeFiles/B-L072Z-LRWAN1.dir/cmsis/system_stm32l0xx.c.obj
LOAD ../../boards/B-L072Z-LRWAN1/CMakeFiles/B-L072Z-LRWAN1.dir/__/mcu/stm32/STM32L0xx_HAL_Driver/Src/stm32l0xx_hal.c.obj
LOAD ../../boards/B-L072Z-LRWAN1/CMakeFiles/B-L072Z-LRWAN1.dir/__/mcu/stm32/STM32L0xx_HAL_Driver/Src/stm32l0xx_hal_adc.c.obj
LOAD ../../boards/B-L072Z-LRWAN1/CMakeFiles/B-L072Z-LRWAN1.dir/__/mcu/stm32/STM32L0xx_HAL_Driver/Src/stm32l0xx_hal_adc_ex.c.obj
LOAD ../../boards/B-L072Z-LRWAN1/CMakeFiles/B-L072Z-LRWAN1.dir/__/mcu/stm32/STM32L0xx_HAL_Driver/Src/stm32l0xx_hal_cortex.c.obj
LOAD ../../boards/B-L072Z-LRWAN1/CMakeFiles/B-L072Z-LRWAN1.dir/__/mcu/stm32/STM32L0xx_HAL_Driver/Src/stm32l0xx_hal_dma.c.obj
LOAD ../../boards/B-L072Z-LRWAN1/CMakeFiles/B-L072Z-LRWAN1.dir/__/mcu/stm32/STM32L0xx_HAL_Driver/Src/stm32l0xx_hal_flash.c.obj
LOAD ../../boards/B-L072Z-LRWAN1/CMakeFiles/B-L072Z-LRWAN1.dir/__/mcu/stm32/STM32L0xx_HAL_Driver/Src/stm32l0xx_hal_flash_ex.c.obj
LOAD ../../boards/B-L072Z-LRWAN1/CMakeFiles/B-L072Z-LRWAN1.dir/__/mcu/stm32/STM32L0xx_HAL_Driver/Src/stm32l0xx_hal_gpio.c.obj
LOAD ../../boards/B-L072Z-LRWAN1/CMakeFiles/B-L072Z-LRWAN1.dir/__/mcu/stm32/STM32L0xx_HAL_Driver/Src/stm32l0xx_hal_i2c.c.obj
LOAD ../../boards/B-L072Z-LRWAN1/CMakeFiles/B-L072Z-LRWAN1.dir/__/mcu/stm32/STM32L0xx_HAL_Driver/Src/stm32l0xx_hal_i2c_ex.c.obj
LOAD ../../boards/B-L072Z-LRWAN1/CMakeFiles/B-L072Z-LRWAN1.dir/__/mcu/stm32/STM32L0xx_HAL_Driver/Src/stm32l0xx_hal_pwr.c.obj
LOAD ../../boards/B-L072Z-LRWAN1/CMakeFiles/B-L072Z-LRWAN1.dir/__/mcu/stm32/STM32L0xx_HAL_Driver/Src/stm32l0xx_hal_pwr_ex.c.obj
LOAD ../../boards/B-L072Z-LRWAN1/CMakeFiles/B-L072Z-LRWAN1.dir/__/mcu/stm32/STM32L0xx_HAL_Driver/Src/stm32l0xx_hal_rcc.c.obj
LOAD ../../boards/B-L072Z-LRWAN1/CMakeFiles/B-L072Z-LRWAN1.dir/__/mcu/stm32/STM32L0xx_HAL_Driver/Src/stm32l0xx_hal_rcc_ex.c.obj
LOAD ../../boards/B-L072Z-LRWAN1/CMakeFiles/B-L072Z-LRWAN1.dir/__/mcu/stm32/STM32L0xx_HAL_Driver/Src/stm32l0xx_hal_rtc.c.obj
LOAD ../../boards/B-L072Z-LRWAN1/CMakeFiles/B-L072Z-LRWAN1.dir/__/mcu/stm32/STM32L0xx_HAL_Driver/Src/stm32l0xx_hal_rtc_ex.c.obj
LOAD ../../boards/B-L072Z-LRWAN1/CMakeFiles/B-L072Z-LRWAN1.dir/__/mcu/stm32/STM32L0xx_HAL_Driver/Src/stm32l0xx_hal_spi.c.obj
LOAD ../../boards/B-L072Z-LRWAN1/CMakeFiles/B-L072Z-LRWAN1.dir/__/mcu/stm32/STM32L0xx_HAL_Driver/Src/stm32l0xx_hal_uart.c.obj
LOAD ../../boards/B-L072Z-LRWAN1/CMakeFiles/B-L072Z-LRWAN1.dir/__/mcu/stm32/STM32L0xx_HAL_Driver/Src/stm32l0xx_hal_uart_ex.c.obj
LOAD /usr/lib/gcc/arm-none-eabi/7.3.1/../../../arm-none-eabi/lib/thumb/v6-m/libm.a
START GROUP
LOAD /usr/lib/gcc/arm-none-eabi/7.3.1/thumb/v6-m/libgcc.a
LOAD /usr/lib/gcc/arm-none-eabi/7.3.1/../../../arm-none-eabi/lib/thumb/v6-m/libg_nano.a
LOAD /usr/lib/gcc/arm-none-eabi/7.3.1/../../../arm-none-eabi/lib/thumb/v6-m/libc_nano.a
END GROUP
START GROUP
LOAD /usr/lib/gcc/arm-none-eabi/7.3.1/thumb/v6-m/libgcc.a
LOAD /usr/lib/gcc/arm-none-eabi/7.3.1/../../../arm-none-eabi/lib/thumb/v6-m/libc_nano.a
LOAD /usr/lib/gcc/arm-none-eabi/7.3.1/../../../arm-none-eabi/lib/thumb/v6-m/libnosys.a
END GROUP
START GROUP
LOAD /usr/lib/gcc/arm-none-eabi/7.3.1/thumb/v6-m/libgcc.a
LOAD /usr/lib/gcc/arm-none-eabi/7.3.1/../../../arm-none-eabi/lib/thumb/v6-m/libc_nano.a
LOAD /usr/lib/gcc/arm-none-eabi/7.3.1/../../../arm-none-eabi/lib/thumb/v6-m/libnosys.a
END GROUP
LOAD /usr/lib/gcc/arm-none-eabi/7.3.1/thumb/v6-m/crtend.o
LOAD /usr/lib/gcc/arm-none-eabi/7.3.1/thumb/v6-m/crtn.o

.text           0x0000000008000000    0x12da8
 *(.isr_vector)
 .isr_vector    0x0000000008000000       0xc0 ../../boards/B-L072Z-LRWAN1/CMakeFiles/B-L072Z-LRWAN1.dir/cmsis/arm-gcc/startup_stm32l072xx.s.obj
                0x0000000008000000                g_pfnVectors
 *(.text*)
 .text          0x00000000080000c0       0x98 /usr/lib/gcc/arm-none-eabi/7.3.1/thumb/v6-m/crtbegin.o
 .text.CayenneLppReset
                0x0000000008000158        0xc CMakeFiles/LoRaMac-periodic-uplink-lpp.dir/common/CayenneLpp.c.obj
                0x0000000008000158                CayenneLppReset
 .text.CayenneLppGetSize
                0x0000000008000164        0xc CMakeFiles/LoRaMac-periodic-uplink-lpp.dir/common/CayenneLpp.c.obj
                0x0000000008000164                CayenneLppGetSize
 .text.CayenneLppCopy
                0x0000000008000170       0x18 CMakeFiles/LoRaMac-periodic-uplink-lpp.dir/common/CayenneLpp.c.obj
                0x0000000008000170                CayenneLppCopy
 .text.CayenneLppAddDigitalInput
                0x0000000008000188       0x30 CMakeFiles/LoRaMac-periodic-uplink-lpp.dir/common/CayenneLpp.c.obj
                0x0000000008000188                CayenneLppAddDigitalInput
 .text.CayenneLppAddAnalogInput
                0x00000000080001b8       0x4c CMakeFiles/LoRaMac-periodic-uplink-lpp.dir/common/CayenneLpp.c.obj
                0x00000000080001b8                CayenneLppAddAnalogInput
 .text.PrintHexBuffer
                0x0000000008000204       0x40 CMakeFiles/LoRaMac-periodic-uplink-lpp.dir/common/LmHandlerMsgDisplay.c.obj
                0x0000000008000204                PrintHexBuffer
 .text.DisplayNvmContextChange
                0x0000000008000244       0x1c CMakeFiles/LoRaMac-periodic-uplink-lpp.dir/common/LmHandlerMsgDisplay.c.obj
                0x0000000008000244                DisplayNvmContextChange
 .text.DisplayNetworkParametersUpdate
                0x0000000008000260       0x94 CMakeFiles/LoRaMac-periodic-uplink-lpp.dir/common/LmHandlerMsgDisplay.c.obj
                0x0000000008000260                DisplayNetworkParametersUpdate
 .text.DisplayMacMcpsRequestUpdate
                0x00000000080002f4       0x80 CMakeFiles/LoRaMac-periodic-uplink-lpp.dir/common/LmHandlerMsgDisplay.c.obj
                0x00000000080002f4                DisplayMacMcpsRequestUpdate
 .text.DisplayMacMlmeRequestUpdate
                0x0000000008000374       0xac CMakeFiles/LoRaMac-periodic-uplink-lpp.dir/common/LmHandlerMsgDisplay.c.obj
                0x0000000008000374                DisplayMacMlmeRequestUpdate
 .text.DisplayJoinRequestUpdate
                0x0000000008000420       0x78 CMakeFiles/LoRaMac-periodic-uplink-lpp.dir/common/LmHandlerMsgDisplay.c.obj
                0x0000000008000420                DisplayJoinRequestUpdate
 .text.DisplayTxUpdate
                0x0000000008000498      0x184 CMakeFiles/LoRaMac-periodic-uplink-lpp.dir/common/LmHandlerMsgDisplay.c.obj
                0x0000000008000498                DisplayTxUpdate
 .text.DisplayRxUpdate
                0x000000000800061c       0xdc CMakeFiles/LoRaMac-periodic-uplink-lpp.dir/common/LmHandlerMsgDisplay.c.obj
                0x000000000800061c                DisplayRxUpdate
 .text.DisplayBeaconUpdate
                0x00000000080006f8       0x9c CMakeFiles/LoRaMac-periodic-uplink-lpp.dir/common/LmHandlerMsgDisplay.c.obj
                0x00000000080006f8                DisplayBeaconUpdate
 .text.DisplayClassUpdate
                0x0000000008000794       0x18 CMakeFiles/LoRaMac-periodic-uplink-lpp.dir/common/LmHandlerMsgDisplay.c.obj
                0x0000000008000794                DisplayClassUpdate
 .text.DisplayAppInfo
                0x00000000080007ac       0x48 CMakeFiles/LoRaMac-periodic-uplink-lpp.dir/common/LmHandlerMsgDisplay.c.obj
                0x00000000080007ac                DisplayAppInfo
 .text.NvmCtxMgmtEvent
                0x00000000080007f4        0x2 CMakeFiles/LoRaMac-periodic-uplink-lpp.dir/common/NvmCtxMgmt.c.obj
                0x00000000080007f4                NvmCtxMgmtEvent
 .text.NvmCtxMgmtStore
                0x00000000080007f6        0x4 CMakeFiles/LoRaMac-periodic-uplink-lpp.dir/common/NvmCtxMgmt.c.obj
                0x00000000080007f6                NvmCtxMgmtStore
 .text.NvmCtxMgmtRestore
                0x00000000080007fa        0x4 CMakeFiles/LoRaMac-periodic-uplink-lpp.dir/common/NvmCtxMgmt.c.obj
                0x00000000080007fa                NvmCtxMgmtRestore
 *fill*         0x00000000080007fe        0x2 
 .text.LmHandlerDeviceTimeReq
                0x0000000008000800       0x2c CMakeFiles/LoRaMac-periodic-uplink-lpp.dir/common/LmHandler/LmHandler.c.obj
 .text.LmHandlerJoinRequest
                0x000000000800082c       0x5c CMakeFiles/LoRaMac-periodic-uplink-lpp.dir/common/LmHandler/LmHandler.c.obj
 .text.McpsConfirm
                0x0000000008000888       0x54 CMakeFiles/LoRaMac-periodic-uplink-lpp.dir/common/LmHandler/LmHandler.c.obj
 .text.LmHandlerInit
                0x00000000080008dc      0x11c CMakeFiles/LoRaMac-periodic-uplink-lpp.dir/common/LmHandler/LmHandler.c.obj
                0x00000000080008dc                LmHandlerInit
 .text.LmHandlerJoin
                0x00000000080009f8       0x10 CMakeFiles/LoRaMac-periodic-uplink-lpp.dir/common/LmHandler/LmHandler.c.obj
                0x00000000080009f8                LmHandlerJoin
 .text.LmHandlerJoinStatus
                0x0000000008000a08       0x24 CMakeFiles/LoRaMac-periodic-uplink-lpp.dir/common/LmHandler/LmHandler.c.obj
                0x0000000008000a08                LmHandlerJoinStatus
 .text.LmHandlerIsBusy
                0x0000000008000a2c       0x28 CMakeFiles/LoRaMac-periodic-uplink-lpp.dir/common/LmHandler/LmHandler.c.obj
                0x0000000008000a2c                LmHandlerIsBusy
 .text.LmHandlerSend
                0x0000000008000a54       0xbc CMakeFiles/LoRaMac-periodic-uplink-lpp.dir/common/LmHandler/LmHandler.c.obj
                0x0000000008000a54                LmHandlerSend
 .text.MlmeIndication
                0x0000000008000b10       0xd4 CMakeFiles/LoRaMac-periodic-uplink-lpp.dir/common/LmHandler/LmHandler.c.obj
 .text.LmHandlerPingSlotReq
                0x0000000008000be4       0x4c CMakeFiles/LoRaMac-periodic-uplink-lpp.dir/common/LmHandler/LmHandler.c.obj
                0x0000000008000be4                LmHandlerPingSlotReq
 .text.LmHandlerRequestClass
                0x0000000008000c30       0x80 CMakeFiles/LoRaMac-periodic-uplink-lpp.dir/common/LmHandler/LmHandler.c.obj
                0x0000000008000c30                LmHandlerRequestClass
 .text.LmHandlerGetCurrentClass
                0x0000000008000cb0       0x16 CMakeFiles/LoRaMac-periodic-uplink-lpp.dir/common/LmHandler/LmHandler.c.obj
                0x0000000008000cb0                LmHandlerGetCurrentClass
 *fill*         0x0000000008000cc6        0x2 
 .text.McpsIndication
                0x0000000008000cc8       0x9c CMakeFiles/LoRaMac-periodic-uplink-lpp.dir/common/LmHandler/LmHandler.c.obj
 .text.LmHandlerGetCurrentDatarate
                0x0000000008000d64       0x18 CMakeFiles/LoRaMac-periodic-uplink-lpp.dir/common/LmHandler/LmHandler.c.obj
                0x0000000008000d64                LmHandlerGetCurrentDatarate
 .text.MlmeConfirm
                0x0000000008000d7c       0xe4 CMakeFiles/LoRaMac-periodic-uplink-lpp.dir/common/LmHandler/LmHandler.c.obj
 .text.LmHandlerGetActiveRegion
                0x0000000008000e60        0xc CMakeFiles/LoRaMac-periodic-uplink-lpp.dir/common/LmHandler/LmHandler.c.obj
                0x0000000008000e60                LmHandlerGetActiveRegion
 .text.LmHandlerSetSystemMaxRxError
                0x0000000008000e6c       0x1c CMakeFiles/LoRaMac-periodic-uplink-lpp.dir/common/LmHandler/LmHandler.c.obj
                0x0000000008000e6c                LmHandlerSetSystemMaxRxError
 .text.LmHandlerPackageRegister
                0x0000000008000e88       0x80 CMakeFiles/LoRaMac-periodic-uplink-lpp.dir/common/LmHandler/LmHandler.c.obj
                0x0000000008000e88                LmHandlerPackageRegister
 .text.LmHandlerPackageIsInitialized
                0x0000000008000f08       0x18 CMakeFiles/LoRaMac-periodic-uplink-lpp.dir/common/LmHandler/LmHandler.c.obj
                0x0000000008000f08                LmHandlerPackageIsInitialized
 .text.LmHandlerProcess
                0x0000000008000f20       0x58 CMakeFiles/LoRaMac-periodic-uplink-lpp.dir/common/LmHandler/LmHandler.c.obj
                0x0000000008000f20                LmHandlerProcess
 .text.SetRow   0x0000000008000f78       0x20 CMakeFiles/LoRaMac-periodic-uplink-lpp.dir/common/LmHandler/packages/FragDecoder.c.obj
 .text.GetRow   0x0000000008000f98       0x20 CMakeFiles/LoRaMac-periodic-uplink-lpp.dir/common/LmHandler/packages/FragDecoder.c.obj
 .text.GetParity
                0x0000000008000fb8       0x12 CMakeFiles/LoRaMac-periodic-uplink-lpp.dir/common/LmHandler/packages/FragDecoder.c.obj
 .text.SetParity
                0x0000000008000fca       0x1e CMakeFiles/LoRaMac-periodic-uplink-lpp.dir/common/LmHandler/packages/FragDecoder.c.obj
 .text.XorDataLine
                0x0000000008000fe8       0x16 CMakeFiles/LoRaMac-periodic-uplink-lpp.dir/common/LmHandler/packages/FragDecoder.c.obj
 .text.XorParityLine
                0x0000000008000ffe       0x36 CMakeFiles/LoRaMac-periodic-uplink-lpp.dir/common/LmHandler/packages/FragDecoder.c.obj
 .text.FragFindMissingFrags
                0x0000000008001034       0x48 CMakeFiles/LoRaMac-periodic-uplink-lpp.dir/common/LmHandler/packages/FragDecoder.c.obj
 .text.FragFindMissingIndex
                0x000000000800107c       0x28 CMakeFiles/LoRaMac-periodic-uplink-lpp.dir/common/LmHandler/packages/FragDecoder.c.obj
 .text.FragExtractLineFromBinaryMatrix
                0x00000000080010a4       0x7c CMakeFiles/LoRaMac-periodic-uplink-lpp.dir/common/LmHandler/packages/FragDecoder.c.obj
 .text.FragDecoderInit
                0x0000000008001120       0x5c CMakeFiles/LoRaMac-periodic-uplink-lpp.dir/common/LmHandler/packages/FragDecoder.c.obj
                0x0000000008001120                FragDecoderInit
 .text.FragDecoderGetMaxFileSize
                0x000000000800117c        0x8 CMakeFiles/LoRaMac-periodic-uplink-lpp.dir/common/LmHandler/packages/FragDecoder.c.obj
                0x000000000800117c                FragDecoderGetMaxFileSize
 .text.FragDecoderProcess
                0x0000000008001184      0x32c CMakeFiles/LoRaMac-periodic-uplink-lpp.dir/common/LmHandler/packages/FragDecoder.c.obj
                0x0000000008001184                FragDecoderProcess
 .text.FragDecoderGetStatus
                0x00000000080014b0       0x18 CMakeFiles/LoRaMac-periodic-uplink-lpp.dir/common/LmHandler/packages/FragDecoder.c.obj
                0x00000000080014b0                FragDecoderGetStatus
 .text.LmhpClockSyncInit
                0x00000000080014c8       0x18 CMakeFiles/LoRaMac-periodic-uplink-lpp.dir/common/LmHandler/packages/LmhpClockSync.c.obj
 .text.LmhpClockSyncIsInitialized
                0x00000000080014e0        0xc CMakeFiles/LoRaMac-periodic-uplink-lpp.dir/common/LmHandler/packages/LmhpClockSync.c.obj
 .text.LmhpClockSyncIsRunning
                0x00000000080014ec       0x10 CMakeFiles/LoRaMac-periodic-uplink-lpp.dir/common/LmHandler/packages/LmhpClockSync.c.obj
 .text.LmhpClockSyncOnMcpsIndication
                0x00000000080014fc      0x158 CMakeFiles/LoRaMac-periodic-uplink-lpp.dir/common/LmHandler/packages/LmhpClockSync.c.obj
 .text.LmhpClockSyncOnMcpsConfirm
                0x0000000008001654       0x44 CMakeFiles/LoRaMac-periodic-uplink-lpp.dir/common/LmHandler/packages/LmhpClockSync.c.obj
 .text.LmphClockSyncPackageFactory
                0x0000000008001698        0x8 CMakeFiles/LoRaMac-periodic-uplink-lpp.dir/common/LmHandler/packages/LmhpClockSync.c.obj
                0x0000000008001698                LmphClockSyncPackageFactory
 .text.LmhpClockSyncAppTimeReq
                0x00000000080016a0       0xac CMakeFiles/LoRaMac-periodic-uplink-lpp.dir/common/LmHandler/packages/LmhpClockSync.c.obj
                0x00000000080016a0                LmhpClockSyncAppTimeReq
 .text.LmhpClockSyncProcess
                0x000000000800174c       0x20 CMakeFiles/LoRaMac-periodic-uplink-lpp.dir/common/LmHandler/packages/LmhpClockSync.c.obj
 .text.LmhpComplianceInit
                0x000000000800176c       0x28 CMakeFiles/LoRaMac-periodic-uplink-lpp.dir/common/LmHandler/packages/LmhpCompliance.c.obj
 .text.LmhpComplianceIsInitialized
                0x0000000008001794        0xc CMakeFiles/LoRaMac-periodic-uplink-lpp.dir/common/LmHandler/packages/LmhpCompliance.c.obj
 .text.LmhpComplianceIsRunning
                0x00000000080017a0       0x10 CMakeFiles/LoRaMac-periodic-uplink-lpp.dir/common/LmHandler/packages/LmhpCompliance.c.obj
 .text.OnComplianceTxNextPacketTimerEvent
                0x00000000080017b0        0xc CMakeFiles/LoRaMac-periodic-uplink-lpp.dir/common/LmHandler/packages/LmhpCompliance.c.obj
 .text.LmhpComplianceProcess
                0x00000000080017bc       0x88 CMakeFiles/LoRaMac-periodic-uplink-lpp.dir/common/LmHandler/packages/LmhpCompliance.c.obj
 .text.LmhpComplianceOnMlmeConfirm
                0x0000000008001844       0x28 CMakeFiles/LoRaMac-periodic-uplink-lpp.dir/common/LmHandler/packages/LmhpCompliance.c.obj
 .text.LmhpComplianceOnMcpsIndication
                0x000000000800186c      0x204 CMakeFiles/LoRaMac-periodic-uplink-lpp.dir/common/LmHandler/packages/LmhpCompliance.c.obj
 .text.LmphCompliancePackageFactory
                0x0000000008001a70        0x8 CMakeFiles/LoRaMac-periodic-uplink-lpp.dir/common/LmHandler/packages/LmhpCompliance.c.obj
                0x0000000008001a70                LmphCompliancePackageFactory
 .text.LmhpFragmentationIsInitialized
                0x0000000008001a78        0xc CMakeFiles/LoRaMac-periodic-uplink-lpp.dir/common/LmHandler/packages/LmhpFragmentation.c.obj
 .text.LmhpFragmentationIsRunning
                0x0000000008001a84       0x10 CMakeFiles/LoRaMac-periodic-uplink-lpp.dir/common/LmHandler/packages/LmhpFragmentation.c.obj
 .text.OnFragmentTxDelay
                0x0000000008001a94       0x18 CMakeFiles/LoRaMac-periodic-uplink-lpp.dir/common/LmHandler/packages/LmhpFragmentation.c.obj
 .text.LmhpFragmentationOnMcpsIndication
                0x0000000008001aac      0x30c CMakeFiles/LoRaMac-periodic-uplink-lpp.dir/common/LmHandler/packages/LmhpFragmentation.c.obj
 .text.LmhpFragmentationProcess
                0x0000000008001db8       0x50 CMakeFiles/LoRaMac-periodic-uplink-lpp.dir/common/LmHandler/packages/LmhpFragmentation.c.obj
 .text.LmhpFragmentationInit
                0x0000000008001e08       0x48 CMakeFiles/LoRaMac-periodic-uplink-lpp.dir/common/LmHandler/packages/LmhpFragmentation.c.obj
 .text.LmhpFragmentationPackageFactory
                0x0000000008001e50        0x8 CMakeFiles/LoRaMac-periodic-uplink-lpp.dir/common/LmHandler/packages/LmhpFragmentation.c.obj
                0x0000000008001e50                LmhpFragmentationPackageFactory
 .text.LmhpRemoteMcastSetupIsInitialized
                0x0000000008001e58        0xc CMakeFiles/LoRaMac-periodic-uplink-lpp.dir/common/LmHandler/packages/LmhpRemoteMcastSetup.c.obj
 .text.LmhpRemoteMcastSetupIsRunning
                0x0000000008001e64       0x10 CMakeFiles/LoRaMac-periodic-uplink-lpp.dir/common/LmHandler/packages/LmhpRemoteMcastSetup.c.obj
 .text.OnSessionStopTimer
                0x0000000008001e74       0x18 CMakeFiles/LoRaMac-periodic-uplink-lpp.dir/common/LmHandler/packages/LmhpRemoteMcastSetup.c.obj
 .text.OnSessionStartTimer
                0x0000000008001e8c       0x18 CMakeFiles/LoRaMac-periodic-uplink-lpp.dir/common/LmHandler/packages/LmhpRemoteMcastSetup.c.obj
 .text.LmhpRemoteMcastSetupOnMcpsIndication
                0x0000000008001ea4      0x3c8 CMakeFiles/LoRaMac-periodic-uplink-lpp.dir/common/LmHandler/packages/LmhpRemoteMcastSetup.c.obj
 .text.LmhpRemoteMcastSetupProcess
                0x000000000800226c       0x58 CMakeFiles/LoRaMac-periodic-uplink-lpp.dir/common/LmHandler/packages/LmhpRemoteMcastSetup.c.obj
 .text.LmhpRemoteMcastSetupInit
                0x00000000080022c4       0x40 CMakeFiles/LoRaMac-periodic-uplink-lpp.dir/common/LmHandler/packages/LmhpRemoteMcastSetup.c.obj
 .text.LmhpRemoteMcastSetupPackageFactory
                0x0000000008002304        0x8 CMakeFiles/LoRaMac-periodic-uplink-lpp.dir/common/LmHandler/packages/LmhpRemoteMcastSetup.c.obj
                0x0000000008002304                LmhpRemoteMcastSetupPackageFactory
 .text.OnMacProcessNotify
                0x000000000800230c        0xc CMakeFiles/LoRaMac-periodic-uplink-lpp.dir/periodic-uplink-lpp/B-L072Z-LRWAN1/main.c.obj
 .text.OnSysTimeUpdate
                0x0000000008002318        0x2 CMakeFiles/LoRaMac-periodic-uplink-lpp.dir/periodic-uplink-lpp/B-L072Z-LRWAN1/main.c.obj
 *fill*         0x000000000800231a        0x2 
 .text.OnBeaconStatusChange
                0x000000000800231c       0x2c CMakeFiles/LoRaMac-periodic-uplink-lpp.dir/periodic-uplink-lpp/B-L072Z-LRWAN1/main.c.obj
 .text.OnClassChange
                0x0000000008002348       0x16 CMakeFiles/LoRaMac-periodic-uplink-lpp.dir/periodic-uplink-lpp/B-L072Z-LRWAN1/main.c.obj
 *fill*         0x000000000800235e        0x2 
 .text.OnRxData
                0x0000000008002360       0x44 CMakeFiles/LoRaMac-periodic-uplink-lpp.dir/periodic-uplink-lpp/B-L072Z-LRWAN1/main.c.obj
 .text.OnLedBeaconTimerEvent
                0x00000000080023a4       0x24 CMakeFiles/LoRaMac-periodic-uplink-lpp.dir/periodic-uplink-lpp/B-L072Z-LRWAN1/main.c.obj
 .text.OnLed3TimerEvent
                0x00000000080023c8       0x1c CMakeFiles/LoRaMac-periodic-uplink-lpp.dir/periodic-uplink-lpp/B-L072Z-LRWAN1/main.c.obj
 .text.OnLed2TimerEvent
                0x00000000080023e4       0x1c CMakeFiles/LoRaMac-periodic-uplink-lpp.dir/periodic-uplink-lpp/B-L072Z-LRWAN1/main.c.obj
 .text.OnLed1TimerEvent
                0x0000000008002400       0x1c CMakeFiles/LoRaMac-periodic-uplink-lpp.dir/periodic-uplink-lpp/B-L072Z-LRWAN1/main.c.obj
 .text.OnTxData
                0x000000000800241c        0x8 CMakeFiles/LoRaMac-periodic-uplink-lpp.dir/periodic-uplink-lpp/B-L072Z-LRWAN1/main.c.obj
 .text.OnJoinRequest
                0x0000000008002424       0x1e CMakeFiles/LoRaMac-periodic-uplink-lpp.dir/periodic-uplink-lpp/B-L072Z-LRWAN1/main.c.obj
 .text.OnMacMlmeRequest
                0x0000000008002442        0x8 CMakeFiles/LoRaMac-periodic-uplink-lpp.dir/periodic-uplink-lpp/B-L072Z-LRWAN1/main.c.obj
 .text.OnMacMcpsRequest
                0x000000000800244a        0x8 CMakeFiles/LoRaMac-periodic-uplink-lpp.dir/periodic-uplink-lpp/B-L072Z-LRWAN1/main.c.obj
 .text.OnNetworkParametersChange
                0x0000000008002452        0x8 CMakeFiles/LoRaMac-periodic-uplink-lpp.dir/periodic-uplink-lpp/B-L072Z-LRWAN1/main.c.obj
 .text.OnNvmContextChange
                0x000000000800245a        0x8 CMakeFiles/LoRaMac-periodic-uplink-lpp.dir/periodic-uplink-lpp/B-L072Z-LRWAN1/main.c.obj
 *fill*         0x0000000008002462        0x2 
 .text.OnTxTimerEvent
                0x0000000008002464       0x3c CMakeFiles/LoRaMac-periodic-uplink-lpp.dir/periodic-uplink-lpp/B-L072Z-LRWAN1/main.c.obj
 .text.startup.main
                0x00000000080024a0      0x1b0 CMakeFiles/LoRaMac-periodic-uplink-lpp.dir/periodic-uplink-lpp/B-L072Z-LRWAN1/main.c.obj
                0x00000000080024a0                main
 .text.OnRadioTxTimeout
                0x0000000008002650       0x2c ../../mac/CMakeFiles/mac.dir/LoRaMac.c.obj
 .text.OnRadioRxError
                0x000000000800267c       0x2c ../../mac/CMakeFiles/mac.dir/LoRaMac.c.obj
 .text.OnRadioRxTimeout
                0x00000000080026a8       0x2c ../../mac/CMakeFiles/mac.dir/LoRaMac.c.obj
 .text.UpdateRxSlotIdleState
                0x00000000080026d4       0x24 ../../mac/CMakeFiles/mac.dir/LoRaMac.c.obj
 .text.StopRetransmission
                0x00000000080026f8       0x60 ../../mac/CMakeFiles/mac.dir/LoRaMac.c.obj
 .text.CallNvmCtxCallback
                0x0000000008002758       0x1c ../../mac/CMakeFiles/mac.dir/LoRaMac.c.obj
 .text.EventMacNvmCtxChanged
                0x0000000008002774        0xa ../../mac/CMakeFiles/mac.dir/LoRaMac.c.obj
 .text.EventRegionNvmCtxChanged
                0x000000000800277e        0xa ../../mac/CMakeFiles/mac.dir/LoRaMac.c.obj
 .text.EventCryptoNvmCtxChanged
                0x0000000008002788        0xa ../../mac/CMakeFiles/mac.dir/LoRaMac.c.obj
 .text.EventSecureElementNvmCtxChanged
                0x0000000008002792        0xa ../../mac/CMakeFiles/mac.dir/LoRaMac.c.obj
 .text.EventCommandsNvmCtxChanged
                0x000000000800279c        0xa ../../mac/CMakeFiles/mac.dir/LoRaMac.c.obj
 .text.EventClassBNvmCtxChanged
                0x00000000080027a6        0xa ../../mac/CMakeFiles/mac.dir/LoRaMac.c.obj
 .text.EventConfirmQueueNvmCtxChanged
                0x00000000080027b0        0xa ../../mac/CMakeFiles/mac.dir/LoRaMac.c.obj
 *fill*         0x00000000080027ba        0x2 
 .text.GetMaxAppPayloadWithoutFOptsLength
                0x00000000080027bc       0x2c ../../mac/CMakeFiles/mac.dir/LoRaMac.c.obj
 .text.OnAckTimeoutTimerEvent
                0x00000000080027e8       0x5c ../../mac/CMakeFiles/mac.dir/LoRaMac.c.obj
 .text.PrepareRxDoneAbort
                0x0000000008002844       0x3c ../../mac/CMakeFiles/mac.dir/LoRaMac.c.obj
 .text.HandleRadioRxErrorTimeout
                0x0000000008002880       0xf0 ../../mac/CMakeFiles/mac.dir/LoRaMac.c.obj
 .text.OpenContinuousRxCWindow
                0x0000000008002970       0x74 ../../mac/CMakeFiles/mac.dir/LoRaMac.c.obj
 .text.OnRadioRxDone
                0x00000000080029e4       0x48 ../../mac/CMakeFiles/mac.dir/LoRaMac.c.obj
 .text.OnRadioTxDone
                0x0000000008002a2c       0x48 ../../mac/CMakeFiles/mac.dir/LoRaMac.c.obj
 .text.ResetMacParameters
                0x0000000008002a74      0x164 ../../mac/CMakeFiles/mac.dir/LoRaMac.c.obj
 .text.SwitchClass
                0x0000000008002bd8      0x100 ../../mac/CMakeFiles/mac.dir/LoRaMac.c.obj
 .text.RxWindowSetup.constprop.8
                0x0000000008002cd8       0x4c ../../mac/CMakeFiles/mac.dir/LoRaMac.c.obj
 .text.OnRxWindow1TimerEvent
                0x0000000008002d24       0x5c ../../mac/CMakeFiles/mac.dir/LoRaMac.c.obj
 .text.OnRxWindow2TimerEvent
                0x0000000008002d80       0x64 ../../mac/CMakeFiles/mac.dir/LoRaMac.c.obj
 .text.unlikely.ProcessMacCommands.isra.1.constprop.9
                0x0000000008002de4      0x59c ../../mac/CMakeFiles/mac.dir/LoRaMac.c.obj
 .text.LoRaMacIsBusy
                0x0000000008003380       0x24 ../../mac/CMakeFiles/mac.dir/LoRaMac.c.obj
                0x0000000008003380                LoRaMacIsBusy
 .text.PrepareFrame
                0x00000000080033a4      0x190 ../../mac/CMakeFiles/mac.dir/LoRaMac.c.obj
                0x00000000080033a4                PrepareFrame
 .text.SendFrameOnChannel
                0x0000000008003534      0x16c ../../mac/CMakeFiles/mac.dir/LoRaMac.c.obj
                0x0000000008003534                SendFrameOnChannel
 .text.ScheduleTx
                0x00000000080036a0      0x240 ../../mac/CMakeFiles/mac.dir/LoRaMac.c.obj
 .text.OnTxDelayedTimerEvent
                0x00000000080038e0       0x64 ../../mac/CMakeFiles/mac.dir/LoRaMac.c.obj
 .text.Send     0x0000000008003944      0x128 ../../mac/CMakeFiles/mac.dir/LoRaMac.c.obj
                0x0000000008003944                Send
 .text.SendReJoinReq
                0x0000000008003a6c       0x58 ../../mac/CMakeFiles/mac.dir/LoRaMac.c.obj
                0x0000000008003a6c                SendReJoinReq
 .text.SetTxContinuousWave
                0x0000000008003ac4       0x58 ../../mac/CMakeFiles/mac.dir/LoRaMac.c.obj
                0x0000000008003ac4                SetTxContinuousWave
 .text.SetTxContinuousWave1
                0x0000000008003b1c       0x2c ../../mac/CMakeFiles/mac.dir/LoRaMac.c.obj
                0x0000000008003b1c                SetTxContinuousWave1
 .text.GetCtxs  0x0000000008003b48       0x78 ../../mac/CMakeFiles/mac.dir/LoRaMac.c.obj
                0x0000000008003b48                GetCtxs
 .text.RestoreCtxs
                0x0000000008003bc0       0xc4 ../../mac/CMakeFiles/mac.dir/LoRaMac.c.obj
                0x0000000008003bc0                RestoreCtxs
 .text.DetermineFrameType
                0x0000000008003c84       0x4e ../../mac/CMakeFiles/mac.dir/LoRaMac.c.obj
                0x0000000008003c84                DetermineFrameType
 *fill*         0x0000000008003cd2        0x2 
 .text.LoRaMacProcess
                0x0000000008003cd4      0xa0c ../../mac/CMakeFiles/mac.dir/LoRaMac.c.obj
                0x0000000008003cd4                LoRaMacProcess
 .text.LoRaMacInitialization
                0x00000000080046e0      0x388 ../../mac/CMakeFiles/mac.dir/LoRaMac.c.obj
                0x00000000080046e0                LoRaMacInitialization
 .text.LoRaMacStart
                0x0000000008004a68       0x10 ../../mac/CMakeFiles/mac.dir/LoRaMac.c.obj
                0x0000000008004a68                LoRaMacStart
 .text.LoRaMacQueryTxPossible
                0x0000000008004a78       0xc4 ../../mac/CMakeFiles/mac.dir/LoRaMac.c.obj
                0x0000000008004a78                LoRaMacQueryTxPossible
 .text.LoRaMacMibGetRequestConfirm
                0x0000000008004b3c      0x1cc ../../mac/CMakeFiles/mac.dir/LoRaMac.c.obj
                0x0000000008004b3c                LoRaMacMibGetRequestConfirm
 .text.LoRaMacMibSetRequestConfirm
                0x0000000008004d08      0x430 ../../mac/CMakeFiles/mac.dir/LoRaMac.c.obj
                0x0000000008004d08                LoRaMacMibSetRequestConfirm
 .text.LoRaMacMcChannelSetup
                0x0000000008005138       0xcc ../../mac/CMakeFiles/mac.dir/LoRaMac.c.obj
                0x0000000008005138                LoRaMacMcChannelSetup
 .text.LoRaMacMcChannelDelete
                0x0000000008005204       0x68 ../../mac/CMakeFiles/mac.dir/LoRaMac.c.obj
                0x0000000008005204                LoRaMacMcChannelDelete
 .text.LoRaMacMcChannelSetupRxParams
                0x000000000800526c       0xd0 ../../mac/CMakeFiles/mac.dir/LoRaMac.c.obj
                0x000000000800526c                LoRaMacMcChannelSetupRxParams
 .text.LoRaMacMlmeRequest
                0x000000000800533c      0x188 ../../mac/CMakeFiles/mac.dir/LoRaMac.c.obj
                0x000000000800533c                LoRaMacMlmeRequest
 .text.LoRaMacMcpsRequest
                0x00000000080054c4      0x164 ../../mac/CMakeFiles/mac.dir/LoRaMac.c.obj
                0x00000000080054c4                LoRaMacMcpsRequest
 .text.LoRaMacTestSetDutyCycleOn
                0x0000000008005628       0x2c ../../mac/CMakeFiles/mac.dir/LoRaMac.c.obj
                0x0000000008005628                LoRaMacTestSetDutyCycleOn
 .text.LoRaMacAdrCalcNext
                0x0000000008005654       0xc8 ../../mac/CMakeFiles/mac.dir/LoRaMacAdr.c.obj
                0x0000000008005654                LoRaMacAdrCalcNext
 .text.NvmContextChange
                0x000000000800571c       0x14 ../../mac/CMakeFiles/mac.dir/LoRaMacClassB.c.obj
 .text.LoRaMacClassBPingSlotTimerEvent
                0x0000000008005730       0x24 ../../mac/CMakeFiles/mac.dir/LoRaMacClassB.c.obj
                0x0000000008005730                LoRaMacClassBPingSlotTimerEvent
 .text.LoRaMacClassBMulticastSlotTimerEvent
                0x0000000008005754       0x24 ../../mac/CMakeFiles/mac.dir/LoRaMacClassB.c.obj
                0x0000000008005754                LoRaMacClassBMulticastSlotTimerEvent
 .text.CalcDownlinkFrequency
                0x0000000008005778       0x28 ../../mac/CMakeFiles/mac.dir/LoRaMacClassB.c.obj
 .text.LoRaMacClassBBeaconTimerEvent
                0x00000000080057a0       0x34 ../../mac/CMakeFiles/mac.dir/LoRaMacClassB.c.obj
                0x00000000080057a0                LoRaMacClassBBeaconTimerEvent
 .text.CalcNextSlotTime
                0x00000000080057d4       0x90 ../../mac/CMakeFiles/mac.dir/LoRaMacClassB.c.obj
 .text.ComputePingOffset
                0x0000000008005864       0x62 ../../mac/CMakeFiles/mac.dir/LoRaMacClassB.c.obj
 *fill*         0x00000000080058c6        0x2 
 .text.BeaconCrc
                0x00000000080058c8       0x40 ../../mac/CMakeFiles/mac.dir/LoRaMacClassB.c.obj
 .text.CalculateBeaconRxWindowConfig
                0x0000000008005908       0x48 ../../mac/CMakeFiles/mac.dir/LoRaMacClassB.c.obj
 .text.CalcDownlinkChannelAndFrequency.constprop.6
                0x0000000008005950       0x68 ../../mac/CMakeFiles/mac.dir/LoRaMacClassB.c.obj
 .text.RxBeaconSetup
                0x00000000080059b8       0x80 ../../mac/CMakeFiles/mac.dir/LoRaMacClassB.c.obj
 .text.InitClassB
                0x0000000008005a38       0x80 ../../mac/CMakeFiles/mac.dir/LoRaMacClassB.c.obj
 .text.InitClassBDefaults
                0x0000000008005ab8       0x4c ../../mac/CMakeFiles/mac.dir/LoRaMacClassB.c.obj
 .text.LoRaMacClassBInit
                0x0000000008005b04       0x68 ../../mac/CMakeFiles/mac.dir/LoRaMacClassB.c.obj
                0x0000000008005b04                LoRaMacClassBInit
 .text.LoRaMacClassBRestoreNvmCtx
                0x0000000008005b6c       0x1c ../../mac/CMakeFiles/mac.dir/LoRaMacClassB.c.obj
                0x0000000008005b6c                LoRaMacClassBRestoreNvmCtx
 .text.LoRaMacClassBGetNvmCtx
                0x0000000008005b88        0xc ../../mac/CMakeFiles/mac.dir/LoRaMacClassB.c.obj
                0x0000000008005b88                LoRaMacClassBGetNvmCtx
 .text.LoRaMacClassBSetPingSlotState
                0x0000000008005b94        0xc ../../mac/CMakeFiles/mac.dir/LoRaMacClassB.c.obj
                0x0000000008005b94                LoRaMacClassBSetPingSlotState
 .text.LoRaMacClassBSetMulticastSlotState
                0x0000000008005ba0        0xc ../../mac/CMakeFiles/mac.dir/LoRaMacClassB.c.obj
                0x0000000008005ba0                LoRaMacClassBSetMulticastSlotState
 .text.LoRaMacClassBRxBeacon
                0x0000000008005bac      0x1c0 ../../mac/CMakeFiles/mac.dir/LoRaMacClassB.c.obj
                0x0000000008005bac                LoRaMacClassBRxBeacon
 .text.LoRaMacClassBIsBeaconExpected
                0x0000000008005d6c       0x1c ../../mac/CMakeFiles/mac.dir/LoRaMacClassB.c.obj
                0x0000000008005d6c                LoRaMacClassBIsBeaconExpected
 .text.LoRaMacClassBIsPingExpected
                0x0000000008005d88       0x14 ../../mac/CMakeFiles/mac.dir/LoRaMacClassB.c.obj
                0x0000000008005d88                LoRaMacClassBIsPingExpected
 .text.LoRaMacClassBIsMulticastExpected
                0x0000000008005d9c       0x14 ../../mac/CMakeFiles/mac.dir/LoRaMacClassB.c.obj
                0x0000000008005d9c                LoRaMacClassBIsMulticastExpected
 .text.LoRaMacClassBIsAcquisitionPending
                0x0000000008005db0       0x10 ../../mac/CMakeFiles/mac.dir/LoRaMacClassB.c.obj
                0x0000000008005db0                LoRaMacClassBIsAcquisitionPending
 .text.LoRaMacClassBSetBeaconState
                0x0000000008005dc0       0x30 ../../mac/CMakeFiles/mac.dir/LoRaMacClassB.c.obj
                0x0000000008005dc0                LoRaMacClassBSetBeaconState
 .text.LoRaMacClassBIsAcquisitionInProgress
                0x0000000008005df0       0x18 ../../mac/CMakeFiles/mac.dir/LoRaMacClassB.c.obj
                0x0000000008005df0                LoRaMacClassBIsAcquisitionInProgress
 .text.LoRaMacClassBIsBeaconModeActive
                0x0000000008005e08       0x1c ../../mac/CMakeFiles/mac.dir/LoRaMacClassB.c.obj
                0x0000000008005e08                LoRaMacClassBIsBeaconModeActive
 .text.LoRaMacClassBSetPingSlotInfo
                0x0000000008005e24       0x24 ../../mac/CMakeFiles/mac.dir/LoRaMacClassB.c.obj
                0x0000000008005e24                LoRaMacClassBSetPingSlotInfo
 .text.LoRaMacClassBResumeBeaconing
                0x0000000008005e48       0x30 ../../mac/CMakeFiles/mac.dir/LoRaMacClassB.c.obj
                0x0000000008005e48                LoRaMacClassBResumeBeaconing
 .text.LoRaMacClassBMibGetRequestConfirm
                0x0000000008005e78       0x18 ../../mac/CMakeFiles/mac.dir/LoRaMacClassB.c.obj
                0x0000000008005e78                LoRaMacClassBMibGetRequestConfirm
 .text.LoRaMacMibClassBSetRequestConfirm
                0x0000000008005e90       0x20 ../../mac/CMakeFiles/mac.dir/LoRaMacClassB.c.obj
                0x0000000008005e90                LoRaMacMibClassBSetRequestConfirm
 .text.LoRaMacClassBPingSlotInfoAns
                0x0000000008005eb0       0x2c ../../mac/CMakeFiles/mac.dir/LoRaMacClassB.c.obj
                0x0000000008005eb0                LoRaMacClassBPingSlotInfoAns
 .text.LoRaMacClassBPingSlotChannelReq
                0x0000000008005edc       0x90 ../../mac/CMakeFiles/mac.dir/LoRaMacClassB.c.obj
                0x0000000008005edc                LoRaMacClassBPingSlotChannelReq
 .text.LoRaMacClassBBeaconTimingAns
                0x0000000008005f6c       0x6c ../../mac/CMakeFiles/mac.dir/LoRaMacClassB.c.obj
                0x0000000008005f6c                LoRaMacClassBBeaconTimingAns
 .text.LoRaMacClassBDeviceTimeAns
                0x0000000008005fd8       0xa8 ../../mac/CMakeFiles/mac.dir/LoRaMacClassB.c.obj
                0x0000000008005fd8                LoRaMacClassBDeviceTimeAns
 .text.LoRaMacClassBBeaconFreqReq
                0x0000000008006080       0x48 ../../mac/CMakeFiles/mac.dir/LoRaMacClassB.c.obj
                0x0000000008006080                LoRaMacClassBBeaconFreqReq
 .text.LoRaMacClassBIsUplinkCollision
                0x00000000080060c8       0x50 ../../mac/CMakeFiles/mac.dir/LoRaMacClassB.c.obj
                0x00000000080060c8                LoRaMacClassBIsUplinkCollision
 .text.LoRaMacClassBStopRxSlots
                0x0000000008006118       0x34 ../../mac/CMakeFiles/mac.dir/LoRaMacClassB.c.obj
                0x0000000008006118                LoRaMacClassBStopRxSlots
 .text.LoRaMacClassBHaltBeaconing
                0x000000000800614c       0x54 ../../mac/CMakeFiles/mac.dir/LoRaMacClassB.c.obj
                0x000000000800614c                LoRaMacClassBHaltBeaconing
 .text.LoRaMacClassBSwitchClass
                0x00000000080061a0       0x38 ../../mac/CMakeFiles/mac.dir/LoRaMacClassB.c.obj
                0x00000000080061a0                LoRaMacClassBSwitchClass
 .text.LoRaMacClassBStartRxSlots
                0x00000000080061d8       0x4c ../../mac/CMakeFiles/mac.dir/LoRaMacClassB.c.obj
                0x00000000080061d8                LoRaMacClassBStartRxSlots
 .text.UpdateBeaconState
                0x0000000008006224       0x98 ../../mac/CMakeFiles/mac.dir/LoRaMacClassB.c.obj
 .text.LoRaMacClassBSetMulticastPeriodicity
                0x00000000080062bc       0x1e ../../mac/CMakeFiles/mac.dir/LoRaMacClassB.c.obj
                0x00000000080062bc                LoRaMacClassBSetMulticastPeriodicity
 *fill*         0x00000000080062da        0x2 
 .text.LoRaMacClassBProcess
                0x00000000080062dc      0x57c ../../mac/CMakeFiles/mac.dir/LoRaMacClassB.c.obj
                0x00000000080062dc                LoRaMacClassBProcess
 .text.NvmCtxCallback
                0x0000000008006858       0x14 ../../mac/CMakeFiles/mac.dir/LoRaMacCommands.c.obj
 .text.LoRaMacCommandsInit
                0x000000000800686c       0x24 ../../mac/CMakeFiles/mac.dir/LoRaMacCommands.c.obj
                0x000000000800686c                LoRaMacCommandsInit
 .text.LoRaMacCommandsRestoreNvmCtx
                0x0000000008006890       0x1c ../../mac/CMakeFiles/mac.dir/LoRaMacCommands.c.obj
                0x0000000008006890                LoRaMacCommandsRestoreNvmCtx
 .text.LoRaMacCommandsGetNvmCtx
                0x00000000080068ac        0xc ../../mac/CMakeFiles/mac.dir/LoRaMacCommands.c.obj
                0x00000000080068ac                LoRaMacCommandsGetNvmCtx
 .text.LoRaMacCommandsAddCmd
                0x00000000080068b8       0x9c ../../mac/CMakeFiles/mac.dir/LoRaMacCommands.c.obj
                0x00000000080068b8                LoRaMacCommandsAddCmd
 .text.LoRaMacCommandsRemoveCmd
                0x0000000008006954       0x58 ../../mac/CMakeFiles/mac.dir/LoRaMacCommands.c.obj
                0x0000000008006954                LoRaMacCommandsRemoveCmd
 .text.LoRaMacCommandsRemoveNoneStickyCmds
                0x00000000080069ac       0x20 ../../mac/CMakeFiles/mac.dir/LoRaMacCommands.c.obj
                0x00000000080069ac                LoRaMacCommandsRemoveNoneStickyCmds
 .text.LoRaMacCommandsRemoveStickyAnsCmds
                0x00000000080069cc       0x30 ../../mac/CMakeFiles/mac.dir/LoRaMacCommands.c.obj
                0x00000000080069cc                LoRaMacCommandsRemoveStickyAnsCmds
 .text.LoRaMacCommandsGetSizeSerializedCmds
                0x00000000080069fc       0x18 ../../mac/CMakeFiles/mac.dir/LoRaMacCommands.c.obj
                0x00000000080069fc                LoRaMacCommandsGetSizeSerializedCmds
 .text.LoRaMacCommandsSerializeCmds
                0x0000000008006a14       0x64 ../../mac/CMakeFiles/mac.dir/LoRaMacCommands.c.obj
                0x0000000008006a14                LoRaMacCommandsSerializeCmds
 .text.LoRaMacCommandsStickyCmdsPending
                0x0000000008006a78       0x2c ../../mac/CMakeFiles/mac.dir/LoRaMacCommands.c.obj
                0x0000000008006a78                LoRaMacCommandsStickyCmdsPending
 .text.LoRaMacCommandsGetCmdSize
                0x0000000008006aa4       0x14 ../../mac/CMakeFiles/mac.dir/LoRaMacCommands.c.obj
                0x0000000008006aa4                LoRaMacCommandsGetCmdSize
 .text.GetElement.isra.0
                0x0000000008006ab8       0x38 ../../mac/CMakeFiles/mac.dir/LoRaMacConfirmQueue.c.obj
 .text.LoRaMacConfirmQueueInit
                0x0000000008006af0       0x30 ../../mac/CMakeFiles/mac.dir/LoRaMacConfirmQueue.c.obj
                0x0000000008006af0                LoRaMacConfirmQueueInit
 .text.LoRaMacConfirmQueueRestoreNvmCtx
                0x0000000008006b20       0x1c ../../mac/CMakeFiles/mac.dir/LoRaMacConfirmQueue.c.obj
                0x0000000008006b20                LoRaMacConfirmQueueRestoreNvmCtx
 .text.LoRaMacConfirmQueueGetNvmCtx
                0x0000000008006b3c        0xc ../../mac/CMakeFiles/mac.dir/LoRaMacConfirmQueue.c.obj
                0x0000000008006b3c                LoRaMacConfirmQueueGetNvmCtx
 .text.LoRaMacConfirmQueueAdd
                0x0000000008006b48       0x3c ../../mac/CMakeFiles/mac.dir/LoRaMacConfirmQueue.c.obj
                0x0000000008006b48                LoRaMacConfirmQueueAdd
 .text.LoRaMacConfirmQueueRemoveFirst
                0x0000000008006b84       0x2c ../../mac/CMakeFiles/mac.dir/LoRaMacConfirmQueue.c.obj
                0x0000000008006b84                LoRaMacConfirmQueueRemoveFirst
 .text.LoRaMacConfirmQueueSetStatus
                0x0000000008006bb0       0x28 ../../mac/CMakeFiles/mac.dir/LoRaMacConfirmQueue.c.obj
                0x0000000008006bb0                LoRaMacConfirmQueueSetStatus
 .text.LoRaMacConfirmQueueGetStatus
                0x0000000008006bd8       0x24 ../../mac/CMakeFiles/mac.dir/LoRaMacConfirmQueue.c.obj
                0x0000000008006bd8                LoRaMacConfirmQueueGetStatus
 .text.LoRaMacConfirmQueueSetStatusCmn
                0x0000000008006bfc       0x38 ../../mac/CMakeFiles/mac.dir/LoRaMacConfirmQueue.c.obj
                0x0000000008006bfc                LoRaMacConfirmQueueSetStatusCmn
 .text.LoRaMacConfirmQueueIsCmdActive
                0x0000000008006c34       0x18 ../../mac/CMakeFiles/mac.dir/LoRaMacConfirmQueue.c.obj
                0x0000000008006c34                LoRaMacConfirmQueueIsCmdActive
 .text.LoRaMacConfirmQueueHandleCb
                0x0000000008006c4c       0x58 ../../mac/CMakeFiles/mac.dir/LoRaMacConfirmQueue.c.obj
                0x0000000008006c4c                LoRaMacConfirmQueueHandleCb
 .text.LoRaMacConfirmQueueGetCnt
                0x0000000008006ca4        0xc ../../mac/CMakeFiles/mac.dir/LoRaMacConfirmQueue.c.obj
                0x0000000008006ca4                LoRaMacConfirmQueueGetCnt
 .text.LoRaMacConfirmQueueIsFull
                0x0000000008006cb0       0x14 ../../mac/CMakeFiles/mac.dir/LoRaMacConfirmQueue.c.obj
                0x0000000008006cb0                LoRaMacConfirmQueueIsFull
 .text.GetLastFcntDown
                0x0000000008006cc4       0x54 ../../mac/CMakeFiles/mac.dir/LoRaMacCrypto.c.obj
 .text.DummyCB  0x0000000008006d18        0x2 ../../mac/CMakeFiles/mac.dir/LoRaMacCrypto.c.obj
 .text.DeriveSessionKey10x
                0x0000000008006d1a       0x56 ../../mac/CMakeFiles/mac.dir/LoRaMacCrypto.c.obj
 .text.PayloadEncrypt
                0x0000000008006d70       0xb0 ../../mac/CMakeFiles/mac.dir/LoRaMacCrypto.c.obj
 .text.LoRaMacCryptoDeriveMcRootKey.part.1
                0x0000000008006e20       0x30 ../../mac/CMakeFiles/mac.dir/LoRaMacCrypto.c.obj
 .text.LoRaMacCryptoDeriveMcKEKey.part.2
                0x0000000008006e50       0x24 ../../mac/CMakeFiles/mac.dir/LoRaMacCrypto.c.obj
 .text.VerifyCmacB0.constprop.3
                0x0000000008006e74       0xac ../../mac/CMakeFiles/mac.dir/LoRaMacCrypto.c.obj
 .text.LoRaMacCryptoInit
                0x0000000008006f20       0x54 ../../mac/CMakeFiles/mac.dir/LoRaMacCrypto.c.obj
                0x0000000008006f20                LoRaMacCryptoInit
 .text.LoRaMacCryptoSetLrWanVersion
                0x0000000008006f74       0x10 ../../mac/CMakeFiles/mac.dir/LoRaMacCrypto.c.obj
                0x0000000008006f74                LoRaMacCryptoSetLrWanVersion
 .text.LoRaMacCryptoRestoreNvmCtx
                0x0000000008006f84       0x1c ../../mac/CMakeFiles/mac.dir/LoRaMacCrypto.c.obj
                0x0000000008006f84                LoRaMacCryptoRestoreNvmCtx
 .text.LoRaMacCryptoGetNvmCtx
                0x0000000008006fa0        0xc ../../mac/CMakeFiles/mac.dir/LoRaMacCrypto.c.obj
                0x0000000008006fa0                LoRaMacCryptoGetNvmCtx
 .text.LoRaMacCryptoGetFCntUp
                0x0000000008006fac       0x1c ../../mac/CMakeFiles/mac.dir/LoRaMacCrypto.c.obj
                0x0000000008006fac                LoRaMacCryptoGetFCntUp
 .text.LoRaMacCryptoGetFCntDown
                0x0000000008006fc8       0x7c ../../mac/CMakeFiles/mac.dir/LoRaMacCrypto.c.obj
                0x0000000008006fc8                LoRaMacCryptoGetFCntDown
 .text.LoRaMacCryptoSetMulticastReference
                0x0000000008007044       0x28 ../../mac/CMakeFiles/mac.dir/LoRaMacCrypto.c.obj
                0x0000000008007044                LoRaMacCryptoSetMulticastReference
 .text.LoRaMacCryptoSetKey
                0x000000000800706c       0x34 ../../mac/CMakeFiles/mac.dir/LoRaMacCrypto.c.obj
                0x000000000800706c                LoRaMacCryptoSetKey
 .text.LoRaMacCryptoPrepareJoinRequest
                0x00000000080070a0       0x60 ../../mac/CMakeFiles/mac.dir/LoRaMacCrypto.c.obj
                0x00000000080070a0                LoRaMacCryptoPrepareJoinRequest
 .text.LoRaMacCryptoHandleJoinAccept
                0x0000000008007100      0x104 ../../mac/CMakeFiles/mac.dir/LoRaMacCrypto.c.obj
                0x0000000008007100                LoRaMacCryptoHandleJoinAccept
 .text.LoRaMacCryptoSecureMessage
                0x0000000008007204       0xcc ../../mac/CMakeFiles/mac.dir/LoRaMacCrypto.c.obj
                0x0000000008007204                LoRaMacCryptoSecureMessage
 .text.LoRaMacCryptoUnsecureMessage
                0x00000000080072d0       0xfc ../../mac/CMakeFiles/mac.dir/LoRaMacCrypto.c.obj
                0x00000000080072d0                LoRaMacCryptoUnsecureMessage
 .text.LoRaMacCryptoDeriveMcSessionKeyPair
                0x00000000080073cc       0x90 ../../mac/CMakeFiles/mac.dir/LoRaMacCrypto.c.obj
                0x00000000080073cc                LoRaMacCryptoDeriveMcSessionKeyPair
 .text.LoRaMacParserJoinAccept
                0x000000000800745c       0x98 ../../mac/CMakeFiles/mac.dir/LoRaMacParser.c.obj
                0x000000000800745c                LoRaMacParserJoinAccept
 .text.LoRaMacParserData
                0x00000000080074f4       0xb6 ../../mac/CMakeFiles/mac.dir/LoRaMacParser.c.obj
                0x00000000080074f4                LoRaMacParserData
 .text.LoRaMacSerializerJoinRequest
                0x00000000080075aa       0x6a ../../mac/CMakeFiles/mac.dir/LoRaMacSerializer.c.obj
                0x00000000080075aa                LoRaMacSerializerJoinRequest
 .text.LoRaMacSerializerData
                0x0000000008007614       0xde ../../mac/CMakeFiles/mac.dir/LoRaMacSerializer.c.obj
                0x0000000008007614                LoRaMacSerializerData
 .text.RegionIsActive
                0x00000000080076f2        0x8 ../../mac/CMakeFiles/mac.dir/region/Region.c.obj
                0x00000000080076f2                RegionIsActive
 .text.RegionGetPhyParam
                0x00000000080076fa       0x18 ../../mac/CMakeFiles/mac.dir/region/Region.c.obj
                0x00000000080076fa                RegionGetPhyParam
 .text.RegionSetBandTxDone
                0x0000000008007712        0xe ../../mac/CMakeFiles/mac.dir/region/Region.c.obj
                0x0000000008007712                RegionSetBandTxDone
 .text.RegionInitDefaults
                0x0000000008007720        0xe ../../mac/CMakeFiles/mac.dir/region/Region.c.obj
                0x0000000008007720                RegionInitDefaults
 .text.RegionGetNvmCtx
                0x000000000800772e       0x12 ../../mac/CMakeFiles/mac.dir/region/Region.c.obj
                0x000000000800772e                RegionGetNvmCtx
 .text.RegionVerify
                0x0000000008007740       0x16 ../../mac/CMakeFiles/mac.dir/region/Region.c.obj
                0x0000000008007740                RegionVerify
 .text.RegionApplyCFList
                0x0000000008007756        0xe ../../mac/CMakeFiles/mac.dir/region/Region.c.obj
                0x0000000008007756                RegionApplyCFList
 .text.RegionChanMaskSet
                0x0000000008007764       0x12 ../../mac/CMakeFiles/mac.dir/region/Region.c.obj
                0x0000000008007764                RegionChanMaskSet
 .text.RegionComputeRxWindowParameters
                0x0000000008007776       0x16 ../../mac/CMakeFiles/mac.dir/region/Region.c.obj
                0x0000000008007776                RegionComputeRxWindowParameters
 .text.RegionRxConfig
                0x000000000800778c       0x16 ../../mac/CMakeFiles/mac.dir/region/Region.c.obj
                0x000000000800778c                RegionRxConfig
 .text.RegionTxConfig
                0x00000000080077a2       0x18 ../../mac/CMakeFiles/mac.dir/region/Region.c.obj
                0x00000000080077a2                RegionTxConfig
 .text.RegionLinkAdrReq
                0x00000000080077ba       0x1e ../../mac/CMakeFiles/mac.dir/region/Region.c.obj
                0x00000000080077ba                RegionLinkAdrReq
 .text.RegionRxParamSetupReq
                0x00000000080077d8       0x12 ../../mac/CMakeFiles/mac.dir/region/Region.c.obj
                0x00000000080077d8                RegionRxParamSetupReq
 .text.RegionNewChannelReq
                0x00000000080077ea       0x12 ../../mac/CMakeFiles/mac.dir/region/Region.c.obj
                0x00000000080077ea                RegionNewChannelReq
 .text.RegionTxParamSetupReq
                0x00000000080077fc       0x12 ../../mac/CMakeFiles/mac.dir/region/Region.c.obj
                0x00000000080077fc                RegionTxParamSetupReq
 .text.RegionDlChannelReq
                0x000000000800780e       0x12 ../../mac/CMakeFiles/mac.dir/region/Region.c.obj
                0x000000000800780e                RegionDlChannelReq
 .text.RegionAlternateDr
                0x0000000008007820       0x16 ../../mac/CMakeFiles/mac.dir/region/Region.c.obj
                0x0000000008007820                RegionAlternateDr
 .text.RegionNextChannel
                0x0000000008007836       0x1a ../../mac/CMakeFiles/mac.dir/region/Region.c.obj
                0x0000000008007836                RegionNextChannel
 .text.RegionSetContinuousWave
                0x0000000008007850        0xe ../../mac/CMakeFiles/mac.dir/region/Region.c.obj
                0x0000000008007850                RegionSetContinuousWave
 .text.RegionApplyDrOffset
                0x000000000800785e       0x18 ../../mac/CMakeFiles/mac.dir/region/Region.c.obj
                0x000000000800785e                RegionApplyDrOffset
 .text.RegionRxBeaconSetup
                0x0000000008007876       0x12 ../../mac/CMakeFiles/mac.dir/region/Region.c.obj
                0x0000000008007876                RegionRxBeaconSetup
 .text.RegionGetVersion
                0x0000000008007888        0x8 ../../mac/CMakeFiles/mac.dir/region/Region.c.obj
                0x0000000008007888                RegionGetVersion
 .text.GetTimeOnAir
                0x0000000008007890       0x3c ../../mac/CMakeFiles/mac.dir/region/RegionAU915.c.obj
 .text.VerifyRfFreq
                0x00000000080078cc       0x3c ../../mac/CMakeFiles/mac.dir/region/RegionAU915.c.obj
 .text.RegionAU915GetPhyParam
                0x0000000008007908      0x168 ../../mac/CMakeFiles/mac.dir/region/RegionAU915.c.obj
                0x0000000008007908                RegionAU915GetPhyParam
 .text.RegionAU915SetBandTxDone
                0x0000000008007a70       0x30 ../../mac/CMakeFiles/mac.dir/region/RegionAU915.c.obj
                0x0000000008007a70                RegionAU915SetBandTxDone
 .text.RegionAU915InitDefaults
                0x0000000008007aa0      0x10c ../../mac/CMakeFiles/mac.dir/region/RegionAU915.c.obj
                0x0000000008007aa0                RegionAU915InitDefaults
 .text.RegionAU915GetNvmCtx
                0x0000000008007bac       0x10 ../../mac/CMakeFiles/mac.dir/region/RegionAU915.c.obj
                0x0000000008007bac                RegionAU915GetNvmCtx
 .text.RegionAU915Verify
                0x0000000008007bbc       0x5a ../../mac/CMakeFiles/mac.dir/region/RegionAU915.c.obj
                0x0000000008007bbc                RegionAU915Verify
 *fill*         0x0000000008007c16        0x2 
 .text.RegionAU915ApplyCFList
                0x0000000008007c18       0x50 ../../mac/CMakeFiles/mac.dir/region/RegionAU915.c.obj
                0x0000000008007c18                RegionAU915ApplyCFList
 .text.RegionAU915ChanMaskSet
                0x0000000008007c68       0x64 ../../mac/CMakeFiles/mac.dir/region/RegionAU915.c.obj
                0x0000000008007c68                RegionAU915ChanMaskSet
 .text.RegionAU915ComputeRxWindowParameters
                0x0000000008007ccc       0x60 ../../mac/CMakeFiles/mac.dir/region/RegionAU915.c.obj
                0x0000000008007ccc                RegionAU915ComputeRxWindowParameters
 .text.RegionAU915RxConfig
                0x0000000008007d2c       0xa0 ../../mac/CMakeFiles/mac.dir/region/RegionAU915.c.obj
                0x0000000008007d2c                RegionAU915RxConfig
 .text.RegionAU915TxConfig
                0x0000000008007dcc       0xb8 ../../mac/CMakeFiles/mac.dir/region/RegionAU915.c.obj
                0x0000000008007dcc                RegionAU915TxConfig
 .text.RegionAU915LinkAdrReq
                0x0000000008007e84      0x1fc ../../mac/CMakeFiles/mac.dir/region/RegionAU915.c.obj
                0x0000000008007e84                RegionAU915LinkAdrReq
 .text.RegionAU915RxParamSetupReq
                0x0000000008008080       0x4e ../../mac/CMakeFiles/mac.dir/region/RegionAU915.c.obj
                0x0000000008008080                RegionAU915RxParamSetupReq
 .text.RegionAU915NewChannelReq
                0x00000000080080ce        0x6 ../../mac/CMakeFiles/mac.dir/region/RegionAU915.c.obj
                0x00000000080080ce                RegionAU915NewChannelReq
 .text.RegionAU915TxParamSetupReq
                0x00000000080080d4        0x4 ../../mac/CMakeFiles/mac.dir/region/RegionAU915.c.obj
                0x00000000080080d4                RegionAU915TxParamSetupReq
 .text.RegionAU915DlChannelReq
                0x00000000080080d8        0x6 ../../mac/CMakeFiles/mac.dir/region/RegionAU915.c.obj
                0x00000000080080d8                RegionAU915DlChannelReq
 *fill*         0x00000000080080de        0x2 
 .text.RegionAU915AlternateDr
                0x00000000080080e0       0x30 ../../mac/CMakeFiles/mac.dir/region/RegionAU915.c.obj
                0x00000000080080e0                RegionAU915AlternateDr
 .text.RegionAU915NextChannel
                0x0000000008008110      0x13c ../../mac/CMakeFiles/mac.dir/region/RegionAU915.c.obj
                0x0000000008008110                RegionAU915NextChannel
 .text.RegionAU915SetContinuousWave
                0x000000000800824c       0x50 ../../mac/CMakeFiles/mac.dir/region/RegionAU915.c.obj
                0x000000000800824c                RegionAU915SetContinuousWave
 .text.RegionAU915ApplyDrOffset
                0x000000000800829c       0x1c ../../mac/CMakeFiles/mac.dir/region/RegionAU915.c.obj
                0x000000000800829c                RegionAU915ApplyDrOffset
 .text.RegionAU915RxBeaconSetup
                0x00000000080082b8       0x38 ../../mac/CMakeFiles/mac.dir/region/RegionAU915.c.obj
                0x00000000080082b8                RegionAU915RxBeaconSetup
 .text.RegionBaseUSComputeNext125kHzJoinChannel
                0x00000000080082f0       0x90 ../../mac/CMakeFiles/mac.dir/region/RegionBaseUS.c.obj
                0x00000000080082f0                RegionBaseUSComputeNext125kHzJoinChannel
 .text.RegionBaseUSCalcDownlinkFrequency
                0x0000000008008380        0x6 ../../mac/CMakeFiles/mac.dir/region/RegionBaseUS.c.obj
                0x0000000008008380                RegionBaseUSCalcDownlinkFrequency
 .text.RegionCommonChanVerifyDr
                0x0000000008008386       0x6e ../../mac/CMakeFiles/mac.dir/region/RegionCommon.c.obj
                0x0000000008008386                RegionCommonChanVerifyDr
 .text.RegionCommonValueInRange
                0x00000000080083f4       0x14 ../../mac/CMakeFiles/mac.dir/region/RegionCommon.c.obj
                0x00000000080083f4                RegionCommonValueInRange
 .text.RegionCommonChanDisable
                0x0000000008008408       0x2a ../../mac/CMakeFiles/mac.dir/region/RegionCommon.c.obj
                0x0000000008008408                RegionCommonChanDisable
 .text.RegionCommonCountChannels
                0x0000000008008432       0x40 ../../mac/CMakeFiles/mac.dir/region/RegionCommon.c.obj
                0x0000000008008432                RegionCommonCountChannels
 .text.RegionCommonChanMaskCopy
                0x0000000008008472       0x1c ../../mac/CMakeFiles/mac.dir/region/RegionCommon.c.obj
                0x0000000008008472                RegionCommonChanMaskCopy
 *fill*         0x000000000800848e        0x2 
 .text.RegionCommonSetBandTxDone
                0x0000000008008490       0x5c ../../mac/CMakeFiles/mac.dir/region/RegionCommon.c.obj
                0x0000000008008490                RegionCommonSetBandTxDone
 .text.RegionCommonUpdateBandTimeOff
                0x00000000080084ec      0x200 ../../mac/CMakeFiles/mac.dir/region/RegionCommon.c.obj
                0x00000000080084ec                RegionCommonUpdateBandTimeOff
 .text.RegionCommonParseLinkAdrReq
                0x00000000080086ec       0x36 ../../mac/CMakeFiles/mac.dir/region/RegionCommon.c.obj
                0x00000000080086ec                RegionCommonParseLinkAdrReq
 .text.RegionCommonLinkAdrReqVerifyParams
                0x0000000008008722       0x8c ../../mac/CMakeFiles/mac.dir/region/RegionCommon.c.obj
                0x0000000008008722                RegionCommonLinkAdrReqVerifyParams
 *fill*         0x00000000080087ae        0x2 
 .text.RegionCommonComputeSymbolTimeLoRa
                0x00000000080087b0       0x14 ../../mac/CMakeFiles/mac.dir/region/RegionCommon.c.obj
                0x00000000080087b0                RegionCommonComputeSymbolTimeLoRa
 .text.RegionCommonComputeRxWindowParameters
                0x00000000080087c4       0x5c ../../mac/CMakeFiles/mac.dir/region/RegionCommon.c.obj
                0x00000000080087c4                RegionCommonComputeRxWindowParameters
 .text.RegionCommonComputeTxPower
                0x0000000008008820       0x2a ../../mac/CMakeFiles/mac.dir/region/RegionCommon.c.obj
                0x0000000008008820                RegionCommonComputeTxPower
 *fill*         0x000000000800884a        0x2 
 .text.RegionCommonRxBeaconSetup
                0x000000000800884c       0x5c ../../mac/CMakeFiles/mac.dir/region/RegionCommon.c.obj
                0x000000000800884c                RegionCommonRxBeaconSetup
 .text.RegionCommonCountNbOfEnabledChannels
                0x00000000080088a8       0xb4 ../../mac/CMakeFiles/mac.dir/region/RegionCommon.c.obj
                0x00000000080088a8                RegionCommonCountNbOfEnabledChannels
 .text.RegionCommonIdentifyChannels
                0x000000000800895c       0x84 ../../mac/CMakeFiles/mac.dir/region/RegionCommon.c.obj
                0x000000000800895c                RegionCommonIdentifyChannels
 .text.RegionCommonGetNextLowerTxDr
                0x00000000080089e0       0x36 ../../mac/CMakeFiles/mac.dir/region/RegionCommon.c.obj
                0x00000000080089e0                RegionCommonGetNextLowerTxDr
 .text.RegionCommonLimitTxPower
                0x0000000008008a16        0xc ../../mac/CMakeFiles/mac.dir/region/RegionCommon.c.obj
                0x0000000008008a16                RegionCommonLimitTxPower
 *fill*         0x0000000008008a22        0x2 
 .text.RegionCommonGetBandwidth
                0x0000000008008a24       0x20 ../../mac/CMakeFiles/mac.dir/region/RegionCommon.c.obj
                0x0000000008008a24                RegionCommonGetBandwidth
 .text.DelayMs  0x0000000008008a44        0x8 ../../system/CMakeFiles/system.dir/delay.c.obj
                0x0000000008008a44                DelayMs
 .text.FifoInit
                0x0000000008008a4c        0xa ../../system/CMakeFiles/system.dir/fifo.c.obj
                0x0000000008008a4c                FifoInit
 .text.FifoPush
                0x0000000008008a56       0x18 ../../system/CMakeFiles/system.dir/fifo.c.obj
                0x0000000008008a56                FifoPush
 .text.FifoPop  0x0000000008008a6e       0x16 ../../system/CMakeFiles/system.dir/fifo.c.obj
                0x0000000008008a6e                FifoPop
 .text.IsFifoEmpty
                0x0000000008008a84        0xe ../../system/CMakeFiles/system.dir/fifo.c.obj
                0x0000000008008a84                IsFifoEmpty
 .text.IsFifoFull
                0x0000000008008a92       0x1c ../../system/CMakeFiles/system.dir/fifo.c.obj
                0x0000000008008a92                IsFifoFull
 .text.GpioInit
                0x0000000008008aae       0x12 ../../system/CMakeFiles/system.dir/gpio.c.obj
                0x0000000008008aae                GpioInit
 .text.GpioSetInterrupt
                0x0000000008008ac0        0x8 ../../system/CMakeFiles/system.dir/gpio.c.obj
                0x0000000008008ac0                GpioSetInterrupt
 .text.GpioWrite
                0x0000000008008ac8        0x8 ../../system/CMakeFiles/system.dir/gpio.c.obj
                0x0000000008008ac8                GpioWrite
 .text.GpioRead
                0x0000000008008ad0        0x8 ../../system/CMakeFiles/system.dir/gpio.c.obj
                0x0000000008008ad0                GpioRead
 .text.SysTimeAdd
                0x0000000008008ad8       0x34 ../../system/CMakeFiles/system.dir/systime.c.obj
                0x0000000008008ad8                SysTimeAdd
 .text.SysTimeSub
                0x0000000008008b0c       0x2c ../../system/CMakeFiles/system.dir/systime.c.obj
                0x0000000008008b0c                SysTimeSub
 .text.SysTimeSet
                0x0000000008008b38       0x3a ../../system/CMakeFiles/system.dir/systime.c.obj
                0x0000000008008b38                SysTimeSet
 *fill*         0x0000000008008b72        0x2 
 .text.SysTimeGet
                0x0000000008008b74       0x50 ../../system/CMakeFiles/system.dir/systime.c.obj
                0x0000000008008b74                SysTimeGet
 .text.SysTimeGetMcuTime
                0x0000000008008bc4       0x1e ../../system/CMakeFiles/system.dir/systime.c.obj
                0x0000000008008bc4                SysTimeGetMcuTime
 .text.SysTimeToMs
                0x0000000008008be2       0x3a ../../system/CMakeFiles/system.dir/systime.c.obj
                0x0000000008008be2                SysTimeToMs
 .text.SysTimeFromMs
                0x0000000008008c1c       0x54 ../../system/CMakeFiles/system.dir/systime.c.obj
                0x0000000008008c1c                SysTimeFromMs
 .text.TimerSetTimeout
                0x0000000008008c70       0x2a ../../system/CMakeFiles/system.dir/timer.c.obj
 *fill*         0x0000000008008c9a        0x2 
 .text.TimerInsertNewHeadTimer
                0x0000000008008c9c       0x1c ../../system/CMakeFiles/system.dir/timer.c.obj
 .text.TimerInit
                0x0000000008008cb8       0x12 ../../system/CMakeFiles/system.dir/timer.c.obj
                0x0000000008008cb8                TimerInit
 *fill*         0x0000000008008cca        0x2 
 .text.TimerStart
                0x0000000008008ccc       0x78 ../../system/CMakeFiles/system.dir/timer.c.obj
                0x0000000008008ccc                TimerStart
 .text.TimerIrqHandler
                0x0000000008008d44       0x78 ../../system/CMakeFiles/system.dir/timer.c.obj
                0x0000000008008d44                TimerIrqHandler
 .text.TimerStop
                0x0000000008008dbc       0x5c ../../system/CMakeFiles/system.dir/timer.c.obj
                0x0000000008008dbc                TimerStop
 .text.TimerSetValue
                0x0000000008008e18       0x22 ../../system/CMakeFiles/system.dir/timer.c.obj
                0x0000000008008e18                TimerSetValue
 .text.TimerGetCurrentTime
                0x0000000008008e3a        0xc ../../system/CMakeFiles/system.dir/timer.c.obj
                0x0000000008008e3a                TimerGetCurrentTime
 .text.TimerGetElapsedTime
                0x0000000008008e46       0x1e ../../system/CMakeFiles/system.dir/timer.c.obj
                0x0000000008008e46                TimerGetElapsedTime
 .text.TimerTempCompensation
                0x0000000008008e64        0x8 ../../system/CMakeFiles/system.dir/timer.c.obj
                0x0000000008008e64                TimerTempCompensation
 .text.UartInit
                0x0000000008008e6c       0x12 ../../system/CMakeFiles/system.dir/uart.c.obj
                0x0000000008008e6c                UartInit
 .text.UartConfig
                0x0000000008008e7e       0x1a ../../system/CMakeFiles/system.dir/uart.c.obj
                0x0000000008008e7e                UartConfig
 .text.UartPutChar
                0x0000000008008e98        0x8 ../../system/CMakeFiles/system.dir/uart.c.obj
                0x0000000008008e98                UartPutChar
 .text.UartGetChar
                0x0000000008008ea0        0x8 ../../system/CMakeFiles/system.dir/uart.c.obj
                0x0000000008008ea0                UartGetChar
 .text.UartPutBuffer
                0x0000000008008ea8        0x8 ../../system/CMakeFiles/system.dir/uart.c.obj
                0x0000000008008ea8                UartPutBuffer
 .text.UartGetBuffer
                0x0000000008008eb0        0x8 ../../system/CMakeFiles/system.dir/uart.c.obj
                0x0000000008008eb0                UartGetBuffer
 .text.GetFskBandwidthRegValue
                0x0000000008008eb8       0x28 ../../radio/CMakeFiles/radio.dir/sx1276/sx1276.c.obj
 .text.SX1276OnDio4Irq
                0x0000000008008ee0       0x20 ../../radio/CMakeFiles/radio.dir/sx1276/sx1276.c.obj
 .text.SX1276GetStatus
                0x0000000008008f00        0xc ../../radio/CMakeFiles/radio.dir/sx1276/sx1276.c.obj
                0x0000000008008f00                SX1276GetStatus
 .text.SX1276GetTimeOnAir
                0x0000000008008f0c       0xec ../../radio/CMakeFiles/radio.dir/sx1276/sx1276.c.obj
                0x0000000008008f0c                SX1276GetTimeOnAir
 .text.SX1276WriteBuffer
                0x0000000008008ff8       0x44 ../../radio/CMakeFiles/radio.dir/sx1276/sx1276.c.obj
                0x0000000008008ff8                SX1276WriteBuffer
 .text.SX1276Write
                0x000000000800903c       0x12 ../../radio/CMakeFiles/radio.dir/sx1276/sx1276.c.obj
                0x000000000800903c                SX1276Write
 *fill*         0x000000000800904e        0x2 
 .text.SX1276SetChannel
                0x0000000008009050       0x54 ../../radio/CMakeFiles/radio.dir/sx1276/sx1276.c.obj
                0x0000000008009050                SX1276SetChannel
 .text.SX1276ReadBuffer
                0x00000000080090a4       0x44 ../../radio/CMakeFiles/radio.dir/sx1276/sx1276.c.obj
                0x00000000080090a4                SX1276ReadBuffer
 .text.SX1276Read
                0x00000000080090e8       0x12 ../../radio/CMakeFiles/radio.dir/sx1276/sx1276.c.obj
                0x00000000080090e8                SX1276Read
 *fill*         0x00000000080090fa        0x2 
 .text.SX1276OnDio3Irq
                0x00000000080090fc       0x54 ../../radio/CMakeFiles/radio.dir/sx1276/sx1276.c.obj
 .text.SX1276OnDio2Irq
                0x0000000008009150       0xdc ../../radio/CMakeFiles/radio.dir/sx1276/sx1276.c.obj
 .text.RxChainCalibration
                0x000000000800922c       0x98 ../../radio/CMakeFiles/radio.dir/sx1276/sx1276.c.obj
 .text.SX1276SetOpMode
                0x00000000080092c4       0x38 ../../radio/CMakeFiles/radio.dir/sx1276/sx1276.c.obj
 .text.SX1276SetSleep
                0x00000000080092fc       0x3c ../../radio/CMakeFiles/radio.dir/sx1276/sx1276.c.obj
                0x00000000080092fc                SX1276SetSleep
 .text.SX1276SetStby
                0x0000000008009338       0x34 ../../radio/CMakeFiles/radio.dir/sx1276/sx1276.c.obj
                0x0000000008009338                SX1276SetStby
 .text.SX1276Send
                0x000000000800936c      0x1b0 ../../radio/CMakeFiles/radio.dir/sx1276/sx1276.c.obj
                0x000000000800936c                SX1276Send
 .text.SX1276SetRx
                0x000000000800951c      0x240 ../../radio/CMakeFiles/radio.dir/sx1276/sx1276.c.obj
                0x000000000800951c                SX1276SetRx
 .text.SX1276StartCad
                0x000000000800975c       0x38 ../../radio/CMakeFiles/radio.dir/sx1276/sx1276.c.obj
                0x000000000800975c                SX1276StartCad
 .text.SX1276ReadRssi
                0x0000000008009794       0x48 ../../radio/CMakeFiles/radio.dir/sx1276/sx1276.c.obj
                0x0000000008009794                SX1276ReadRssi
 .text.SX1276SetModem
                0x00000000080097dc       0x70 ../../radio/CMakeFiles/radio.dir/sx1276/sx1276.c.obj
                0x00000000080097dc                SX1276SetModem
 .text.SX1276Init
                0x000000000800984c       0x80 ../../radio/CMakeFiles/radio.dir/sx1276/sx1276.c.obj
                0x000000000800984c                SX1276Init
 .text.SX1276IsChannelFree
                0x00000000080098cc       0x66 ../../radio/CMakeFiles/radio.dir/sx1276/sx1276.c.obj
                0x00000000080098cc                SX1276IsChannelFree
 .text.SX1276Random
                0x0000000008009932       0x3c ../../radio/CMakeFiles/radio.dir/sx1276/sx1276.c.obj
                0x0000000008009932                SX1276Random
 *fill*         0x000000000800996e        0x2 
 .text.SX1276SetRxConfig
                0x0000000008009970      0x2f0 ../../radio/CMakeFiles/radio.dir/sx1276/sx1276.c.obj
                0x0000000008009970                SX1276SetRxConfig
 .text.SX1276SetTxConfig
                0x0000000008009c60      0x298 ../../radio/CMakeFiles/radio.dir/sx1276/sx1276.c.obj
                0x0000000008009c60                SX1276SetTxConfig
 .text.SX1276SetTxContinuousWave
                0x0000000008009ef8       0x80 ../../radio/CMakeFiles/radio.dir/sx1276/sx1276.c.obj
                0x0000000008009ef8                SX1276SetTxContinuousWave
 .text.SX1276OnDio1Irq
                0x0000000008009f78      0x114 ../../radio/CMakeFiles/radio.dir/sx1276/sx1276.c.obj
 .text.SX1276OnDio0Irq
                0x000000000800a08c      0x2a0 ../../radio/CMakeFiles/radio.dir/sx1276/sx1276.c.obj
 .text.SX1276SetMaxPayloadLength
                0x000000000800a32c       0x34 ../../radio/CMakeFiles/radio.dir/sx1276/sx1276.c.obj
                0x000000000800a32c                SX1276SetMaxPayloadLength
 .text.SX1276SetPublicNetwork
                0x000000000800a360       0x28 ../../radio/CMakeFiles/radio.dir/sx1276/sx1276.c.obj
                0x000000000800a360                SX1276SetPublicNetwork
 .text.SX1276OnTimeoutIrq
                0x000000000800a388       0xc8 ../../radio/CMakeFiles/radio.dir/sx1276/sx1276.c.obj
 .text.SX1276GetWakeupTime
                0x000000000800a450        0xa ../../radio/CMakeFiles/radio.dir/sx1276/sx1276.c.obj
                0x000000000800a450                SX1276GetWakeupTime
 .text.xor_block
                0x000000000800a45a       0x82 ../../peripherals/CMakeFiles/peripherals.dir/soft-se/aes.c.obj
 .text.copy_and_key
                0x000000000800a4dc       0x84 ../../peripherals/CMakeFiles/peripherals.dir/soft-se/aes.c.obj
 .text.aes_set_key
                0x000000000800a560      0x108 ../../peripherals/CMakeFiles/peripherals.dir/soft-se/aes.c.obj
                0x000000000800a560                aes_set_key
 .text.aes_encrypt
                0x000000000800a668      0x2c8 ../../peripherals/CMakeFiles/peripherals.dir/soft-se/aes.c.obj
                0x000000000800a668                aes_encrypt
 .text.AES_CMAC_Init
                0x000000000800a930       0x20 ../../peripherals/CMakeFiles/peripherals.dir/soft-se/cmac.c.obj
                0x000000000800a930                AES_CMAC_Init
 .text.AES_CMAC_SetKey
                0x000000000800a950        0xe ../../peripherals/CMakeFiles/peripherals.dir/soft-se/cmac.c.obj
                0x000000000800a950                AES_CMAC_SetKey
 .text.AES_CMAC_Update
                0x000000000800a95e       0xe0 ../../peripherals/CMakeFiles/peripherals.dir/soft-se/cmac.c.obj
                0x000000000800a95e                AES_CMAC_Update
 .text.AES_CMAC_Final
                0x000000000800aa3e      0x156 ../../peripherals/CMakeFiles/peripherals.dir/soft-se/cmac.c.obj
                0x000000000800aa3e                AES_CMAC_Final
 .text.SoftSeHalGetRandomNumber
                0x000000000800ab94       0x10 ../../peripherals/CMakeFiles/peripherals.dir/soft-se/soft-se-hal.c.obj
                0x000000000800ab94                SoftSeHalGetRandomNumber
 .text.DummyCB  0x000000000800aba4        0x2 ../../peripherals/CMakeFiles/peripherals.dir/soft-se/soft-se.c.obj
 *fill*         0x000000000800aba6        0x2 
 .text.ComputeCmac.part.0
                0x000000000800aba8       0x68 ../../peripherals/CMakeFiles/peripherals.dir/soft-se/soft-se.c.obj
 .text.SecureElementInit
                0x000000000800ac10       0x1c ../../peripherals/CMakeFiles/peripherals.dir/soft-se/soft-se.c.obj
                0x000000000800ac10                SecureElementInit
 .text.SecureElementRestoreNvmCtx
                0x000000000800ac2c       0x1c ../../peripherals/CMakeFiles/peripherals.dir/soft-se/soft-se.c.obj
                0x000000000800ac2c                SecureElementRestoreNvmCtx
 .text.SecureElementGetNvmCtx
                0x000000000800ac48       0x10 ../../peripherals/CMakeFiles/peripherals.dir/soft-se/soft-se.c.obj
                0x000000000800ac48                SecureElementGetNvmCtx
 .text.SecureElementComputeAesCmac
                0x000000000800ac58       0x20 ../../peripherals/CMakeFiles/peripherals.dir/soft-se/soft-se.c.obj
                0x000000000800ac58                SecureElementComputeAesCmac
 .text.SecureElementVerifyAesCmac
                0x000000000800ac78       0x30 ../../peripherals/CMakeFiles/peripherals.dir/soft-se/soft-se.c.obj
                0x000000000800ac78                SecureElementVerifyAesCmac
 .text.SecureElementAesEncrypt
                0x000000000800aca8       0x78 ../../peripherals/CMakeFiles/peripherals.dir/soft-se/soft-se.c.obj
                0x000000000800aca8                SecureElementAesEncrypt
 .text.SecureElementSetKey.part.2
                0x000000000800ad20       0x84 ../../peripherals/CMakeFiles/peripherals.dir/soft-se/soft-se.c.obj
 .text.SecureElementSetKey
                0x000000000800ada4       0x12 ../../peripherals/CMakeFiles/peripherals.dir/soft-se/soft-se.c.obj
                0x000000000800ada4                SecureElementSetKey
 .text.SecureElementDeriveAndStoreKey
                0x000000000800adb6       0x3e ../../peripherals/CMakeFiles/peripherals.dir/soft-se/soft-se.c.obj
                0x000000000800adb6                SecureElementDeriveAndStoreKey
 .text.SecureElementProcessJoinAccept
                0x000000000800adf4       0x8e ../../peripherals/CMakeFiles/peripherals.dir/soft-se/soft-se.c.obj
                0x000000000800adf4                SecureElementProcessJoinAccept
 .text.SecureElementRandomNumber
                0x000000000800ae82       0x14 ../../peripherals/CMakeFiles/peripherals.dir/soft-se/soft-se.c.obj
                0x000000000800ae82                SecureElementRandomNumber
 *fill*         0x000000000800ae96        0x2 
 .text.SecureElementSetDevEui
                0x000000000800ae98       0x24 ../../peripherals/CMakeFiles/peripherals.dir/soft-se/soft-se.c.obj
                0x000000000800ae98                SecureElementSetDevEui
 .text.SecureElementGetDevEui
                0x000000000800aebc        0x8 ../../peripherals/CMakeFiles/peripherals.dir/soft-se/soft-se.c.obj
                0x000000000800aebc                SecureElementGetDevEui
 .text.SecureElementSetJoinEui
                0x000000000800aec4       0x24 ../../peripherals/CMakeFiles/peripherals.dir/soft-se/soft-se.c.obj
                0x000000000800aec4                SecureElementSetJoinEui
 .text.SecureElementGetJoinEui
                0x000000000800aee8        0x8 ../../peripherals/CMakeFiles/peripherals.dir/soft-se/soft-se.c.obj
                0x000000000800aee8                SecureElementGetJoinEui
 .text.SecureElementSetPin
                0x000000000800aef0       0x24 ../../peripherals/CMakeFiles/peripherals.dir/soft-se/soft-se.c.obj
                0x000000000800aef0                SecureElementSetPin
 .text.SecureElementGetPin
                0x000000000800af14        0x8 ../../peripherals/CMakeFiles/peripherals.dir/soft-se/soft-se.c.obj
                0x000000000800af14                SecureElementGetPin
 .text.OnCalibrateSystemWakeupTimeTimerEvent
                0x000000000800af1c       0x14 ../../boards/B-L072Z-LRWAN1/CMakeFiles/B-L072Z-LRWAN1.dir/board.c.obj
 .text.BoardCriticalSectionBegin
                0x000000000800af30        0xa ../../boards/B-L072Z-LRWAN1/CMakeFiles/B-L072Z-LRWAN1.dir/board.c.obj
                0x000000000800af30                BoardCriticalSectionBegin
 .text.BoardCriticalSectionEnd
                0x000000000800af3a        0x8 ../../boards/B-L072Z-LRWAN1/CMakeFiles/B-L072Z-LRWAN1.dir/board.c.obj
                0x000000000800af3a                BoardCriticalSectionEnd
 .text.BoardInitPeriph
                0x000000000800af42        0x2 ../../boards/B-L072Z-LRWAN1/CMakeFiles/B-L072Z-LRWAN1.dir/board.c.obj
                0x000000000800af42                BoardInitPeriph
 .text.BoardDeInitMcu
                0x000000000800af44       0x14 ../../boards/B-L072Z-LRWAN1/CMakeFiles/B-L072Z-LRWAN1.dir/board.c.obj
                0x000000000800af44                BoardDeInitMcu
 .text.BoardGetRandomSeed
                0x000000000800af58       0x20 ../../boards/B-L072Z-LRWAN1/CMakeFiles/B-L072Z-LRWAN1.dir/board.c.obj
                0x000000000800af58                BoardGetRandomSeed
 .text.BoardGetBatteryLevel
                0x000000000800af78        0x4 ../../boards/B-L072Z-LRWAN1/CMakeFiles/B-L072Z-LRWAN1.dir/board.c.obj
                0x000000000800af78                BoardGetBatteryLevel
 .text.SysTick_Handler
                0x000000000800af7c        0xc ../../boards/B-L072Z-LRWAN1/CMakeFiles/B-L072Z-LRWAN1.dir/board.c.obj
                0x000000000800af7c                SysTick_Handler
 .text.GetBoardPowerSource
                0x000000000800af88       0x10 ../../boards/B-L072Z-LRWAN1/CMakeFiles/B-L072Z-LRWAN1.dir/board.c.obj
                0x000000000800af88                GetBoardPowerSource
 .text.BoardInitMcu
                0x000000000800af98      0x25c ../../boards/B-L072Z-LRWAN1/CMakeFiles/B-L072Z-LRWAN1.dir/board.c.obj
                0x000000000800af98                BoardInitMcu
 .text.LpmEnterStopMode
                0x000000000800b1f4       0x38 ../../boards/B-L072Z-LRWAN1/CMakeFiles/B-L072Z-LRWAN1.dir/board.c.obj
                0x000000000800b1f4                LpmEnterStopMode
 .text.LpmExitStopMode
                0x000000000800b22c       0x14 ../../boards/B-L072Z-LRWAN1/CMakeFiles/B-L072Z-LRWAN1.dir/board.c.obj
                0x000000000800b22c                LpmExitStopMode
 .text.LpmEnterSleepMode
                0x000000000800b240        0xc ../../boards/B-L072Z-LRWAN1/CMakeFiles/B-L072Z-LRWAN1.dir/board.c.obj
                0x000000000800b240                LpmEnterSleepMode
 .text.BoardLowPowerHandler
                0x000000000800b24c        0xc ../../boards/B-L072Z-LRWAN1/CMakeFiles/B-L072Z-LRWAN1.dir/board.c.obj
                0x000000000800b24c                BoardLowPowerHandler
 .text._write   0x000000000800b258       0x1c ../../boards/B-L072Z-LRWAN1/CMakeFiles/B-L072Z-LRWAN1.dir/board.c.obj
                0x000000000800b258                _write
 .text._read    0x000000000800b274       0x34 ../../boards/B-L072Z-LRWAN1/CMakeFiles/B-L072Z-LRWAN1.dir/board.c.obj
                0x000000000800b274                _read
 .text.DelayMsMcu
                0x000000000800b2a8        0x8 ../../boards/B-L072Z-LRWAN1/CMakeFiles/B-L072Z-LRWAN1.dir/delay-board.c.obj
                0x000000000800b2a8                DelayMsMcu
 .text.GpioMcuSetInterrupt
                0x000000000800b2b0       0xe4 ../../boards/B-L072Z-LRWAN1/CMakeFiles/B-L072Z-LRWAN1.dir/gpio-board.c.obj
                0x000000000800b2b0                GpioMcuSetInterrupt
 .text.GpioMcuWrite
                0x000000000800b394       0x1a ../../boards/B-L072Z-LRWAN1/CMakeFiles/B-L072Z-LRWAN1.dir/gpio-board.c.obj
                0x000000000800b394                GpioMcuWrite
 *fill*         0x000000000800b3ae        0x2 
 .text.GpioMcuInit
                0x000000000800b3b0       0xfc ../../boards/B-L072Z-LRWAN1/CMakeFiles/B-L072Z-LRWAN1.dir/gpio-board.c.obj
                0x000000000800b3b0                GpioMcuInit
 .text.GpioMcuRead
                0x000000000800b4ac       0x1c ../../boards/B-L072Z-LRWAN1/CMakeFiles/B-L072Z-LRWAN1.dir/gpio-board.c.obj
                0x000000000800b4ac                GpioMcuRead
 .text.EXTI0_1_IRQHandler
                0x000000000800b4c8       0x10 ../../boards/B-L072Z-LRWAN1/CMakeFiles/B-L072Z-LRWAN1.dir/gpio-board.c.obj
                0x000000000800b4c8                EXTI0_1_IRQHandler
 .text.EXTI2_3_IRQHandler
                0x000000000800b4d8       0x10 ../../boards/B-L072Z-LRWAN1/CMakeFiles/B-L072Z-LRWAN1.dir/gpio-board.c.obj
                0x000000000800b4d8                EXTI2_3_IRQHandler
 .text.EXTI4_15_IRQHandler
                0x000000000800b4e8       0x5c ../../boards/B-L072Z-LRWAN1/CMakeFiles/B-L072Z-LRWAN1.dir/gpio-board.c.obj
                0x000000000800b4e8                EXTI4_15_IRQHandler
 .text.HAL_GPIO_EXTI_Callback
                0x000000000800b544       0x30 ../../boards/B-L072Z-LRWAN1/CMakeFiles/B-L072Z-LRWAN1.dir/gpio-board.c.obj
                0x000000000800b544                HAL_GPIO_EXTI_Callback
 .text.LpmSetOffMode
                0x000000000800b574       0x34 ../../boards/B-L072Z-LRWAN1/CMakeFiles/B-L072Z-LRWAN1.dir/lpm-board.c.obj
                0x000000000800b574                LpmSetOffMode
 .text.LpmSetStopMode
                0x000000000800b5a8       0x34 ../../boards/B-L072Z-LRWAN1/CMakeFiles/B-L072Z-LRWAN1.dir/lpm-board.c.obj
                0x000000000800b5a8                LpmSetStopMode
 .text.LpmGetMode
                0x000000000800b5dc       0x30 ../../boards/B-L072Z-LRWAN1/CMakeFiles/B-L072Z-LRWAN1.dir/lpm-board.c.obj
                0x000000000800b5dc                LpmGetMode
 .text.LpmExitSleepMode
                0x000000000800b60c        0x2 ../../boards/B-L072Z-LRWAN1/CMakeFiles/B-L072Z-LRWAN1.dir/lpm-board.c.obj
                0x000000000800b60c                LpmExitSleepMode
 .text.LpmEnterOffMode
                0x000000000800b60e        0x2 ../../boards/B-L072Z-LRWAN1/CMakeFiles/B-L072Z-LRWAN1.dir/lpm-board.c.obj
                0x000000000800b60e                LpmEnterOffMode
 .text.LpmExitOffMode
                0x000000000800b610        0x2 ../../boards/B-L072Z-LRWAN1/CMakeFiles/B-L072Z-LRWAN1.dir/lpm-board.c.obj
                0x000000000800b610                LpmExitOffMode
 *fill*         0x000000000800b612        0x2 
 .text.LpmEnterLowPower
                0x000000000800b614       0x38 ../../boards/B-L072Z-LRWAN1/CMakeFiles/B-L072Z-LRWAN1.dir/lpm-board.c.obj
                0x000000000800b614                LpmEnterLowPower
 .text.RtcGetCalendarValue
                0x000000000800b64c       0xb0 ../../boards/B-L072Z-LRWAN1/CMakeFiles/B-L072Z-LRWAN1.dir/rtc-board.c.obj
 .text.RtcSetTimerContext
                0x000000000800b6fc       0x18 ../../boards/B-L072Z-LRWAN1/CMakeFiles/B-L072Z-LRWAN1.dir/rtc-board.c.obj
                0x000000000800b6fc                RtcSetTimerContext
 .text.RtcInit  0x000000000800b714       0x98 ../../boards/B-L072Z-LRWAN1/CMakeFiles/B-L072Z-LRWAN1.dir/rtc-board.c.obj
                0x000000000800b714                RtcInit
 .text.RtcGetTimerContext
                0x000000000800b7ac        0xc ../../boards/B-L072Z-LRWAN1/CMakeFiles/B-L072Z-LRWAN1.dir/rtc-board.c.obj
                0x000000000800b7ac                RtcGetTimerContext
 .text.RtcGetMinimumTimeout
                0x000000000800b7b8        0x4 ../../boards/B-L072Z-LRWAN1/CMakeFiles/B-L072Z-LRWAN1.dir/rtc-board.c.obj
                0x000000000800b7b8                RtcGetMinimumTimeout
 .text.RtcMs2Tick
                0x000000000800b7bc       0x10 ../../boards/B-L072Z-LRWAN1/CMakeFiles/B-L072Z-LRWAN1.dir/rtc-board.c.obj
                0x000000000800b7bc                RtcMs2Tick
 .text.RtcTick2Ms
                0x000000000800b7cc       0x14 ../../boards/B-L072Z-LRWAN1/CMakeFiles/B-L072Z-LRWAN1.dir/rtc-board.c.obj
                0x000000000800b7cc                RtcTick2Ms
 .text.RtcStopAlarm
                0x000000000800b7e0       0x30 ../../boards/B-L072Z-LRWAN1/CMakeFiles/B-L072Z-LRWAN1.dir/rtc-board.c.obj
                0x000000000800b7e0                RtcStopAlarm
 .text.RtcStartAlarm
                0x000000000800b810      0x120 ../../boards/B-L072Z-LRWAN1/CMakeFiles/B-L072Z-LRWAN1.dir/rtc-board.c.obj
                0x000000000800b810                RtcStartAlarm
 .text.RtcGetTimerValue
                0x000000000800b930        0xe ../../boards/B-L072Z-LRWAN1/CMakeFiles/B-L072Z-LRWAN1.dir/rtc-board.c.obj
                0x000000000800b930                RtcGetTimerValue
 *fill*         0x000000000800b93e        0x2 
 .text.RtcGetTimerElapsedTime
                0x000000000800b940       0x18 ../../boards/B-L072Z-LRWAN1/CMakeFiles/B-L072Z-LRWAN1.dir/rtc-board.c.obj
                0x000000000800b940                RtcGetTimerElapsedTime
 .text.RtcSetAlarm
                0x000000000800b958       0x48 ../../boards/B-L072Z-LRWAN1/CMakeFiles/B-L072Z-LRWAN1.dir/rtc-board.c.obj
                0x000000000800b958                RtcSetAlarm
 .text.RtcSetMcuWakeUpTime
                0x000000000800b9a0       0x7c ../../boards/B-L072Z-LRWAN1/CMakeFiles/B-L072Z-LRWAN1.dir/rtc-board.c.obj
                0x000000000800b9a0                RtcSetMcuWakeUpTime
 .text.RtcGetCalendarTime
                0x000000000800ba1c       0x26 ../../boards/B-L072Z-LRWAN1/CMakeFiles/B-L072Z-LRWAN1.dir/rtc-board.c.obj
                0x000000000800ba1c                RtcGetCalendarTime
 *fill*         0x000000000800ba42        0x2 
 .text.RTC_IRQHandler
                0x000000000800ba44       0x40 ../../boards/B-L072Z-LRWAN1/CMakeFiles/B-L072Z-LRWAN1.dir/rtc-board.c.obj
                0x000000000800ba44                RTC_IRQHandler
 .text.RtcBkupWrite
                0x000000000800ba84       0x20 ../../boards/B-L072Z-LRWAN1/CMakeFiles/B-L072Z-LRWAN1.dir/rtc-board.c.obj
                0x000000000800ba84                RtcBkupWrite
 .text.RtcBkupRead
                0x000000000800baa4       0x24 ../../boards/B-L072Z-LRWAN1/CMakeFiles/B-L072Z-LRWAN1.dir/rtc-board.c.obj
                0x000000000800baa4                RtcBkupRead
 .text.RtcTempCompensation
                0x000000000800bac8       0x5c ../../boards/B-L072Z-LRWAN1/CMakeFiles/B-L072Z-LRWAN1.dir/rtc-board.c.obj
                0x000000000800bac8                RtcTempCompensation
 .text.SpiDeInit
                0x000000000800bb24       0x6c ../../boards/B-L072Z-LRWAN1/CMakeFiles/B-L072Z-LRWAN1.dir/spi-board.c.obj
                0x000000000800bb24                SpiDeInit
 .text.SpiFormat
                0x000000000800bb90       0x48 ../../boards/B-L072Z-LRWAN1/CMakeFiles/B-L072Z-LRWAN1.dir/spi-board.c.obj
                0x000000000800bb90                SpiFormat
 .text.SpiFrequency
                0x000000000800bbd8       0x40 ../../boards/B-L072Z-LRWAN1/CMakeFiles/B-L072Z-LRWAN1.dir/spi-board.c.obj
                0x000000000800bbd8                SpiFrequency
 .text.SpiInit  0x000000000800bc18      0x160 ../../boards/B-L072Z-LRWAN1/CMakeFiles/B-L072Z-LRWAN1.dir/spi-board.c.obj
                0x000000000800bc18                SpiInit
 .text.SpiInOut
                0x000000000800bd78       0x48 ../../boards/B-L072Z-LRWAN1/CMakeFiles/B-L072Z-LRWAN1.dir/spi-board.c.obj
                0x000000000800bd78                SpiInOut
 .text.SX1276CheckRfFrequency
                0x000000000800bdc0        0x4 ../../boards/B-L072Z-LRWAN1/CMakeFiles/B-L072Z-LRWAN1.dir/sx1276-board.c.obj