Archive member included to satisfy reference by file (symbol)

/usr/lib/gcc/arm-none-eabi/7.3.1/../../../arm-none-eabi/lib/thumb/v6-m/libm.a(lib_a-s_floor.o)
                              ../../mac/CMakeFiles/mac.dir/region/RegionCommon.c.obj (floor)
/usr/lib/gcc/arm-none-eabi/7.3.1/thumb/v6-m/libgcc.a(_thumb1_case_uqi.o)
                              CMakeFiles/LoRaMac-periodic-uplink-lpp.dir/common/LmHandlerMsgDisplay.c.obj (__gnu_thumb1_case_uqi)
/usr/lib/gcc/arm-none-eabi/7.3.1/thumb/v6-m/libgcc.a(_thumb1_case_shi.o)
                              ../../mac/CMakeFiles/mac.dir/LoRaMac.c.obj (__gnu_thumb1_case_shi)
/usr/lib/gcc/arm-none-eabi/7.3.1/thumb/v6-m/libgcc.a(_thumb1_case_uhi.o)
                              CMakeFiles/LoRaMac-periodic-uplink-lpp.dir/common/LmHandler/packages/LmhpRemoteMcastSetup.c.obj (__gnu_thumb1_case_uhi)
/usr/lib/gcc/arm-none-eabi/7.3.1/thumb/v6-m/libgcc.a(_udivsi3.o)
                              CMakeFiles/LoRaMac-periodic-uplink-lpp.dir/periodic-uplink-lpp/B-L072Z-LRWAN1/main.c.obj (__aeabi_uidiv)
/usr/lib/gcc/arm-none-eabi/7.3.1/thumb/v6-m/libgcc.a(_divsi3.o)
                              CMakeFiles/LoRaMac-periodic-uplink-lpp.dir/periodic-uplink-lpp/B-L072Z-LRWAN1/main.c.obj (__aeabi_idiv)
/usr/lib/gcc/arm-none-eabi/7.3.1/thumb/v6-m/libgcc.a(_dvmd_tls.o)
                              /usr/lib/gcc/arm-none-eabi/7.3.1/thumb/v6-m/libgcc.a(_udivsi3.o) (__aeabi_idiv0)
/usr/lib/gcc/arm-none-eabi/7.3.1/thumb/v6-m/libgcc.a(_arm_cmpdf2.o)
                              ../../system/CMakeFiles/system.dir/gps.c.obj (__aeabi_dcmpeq)
/usr/lib/gcc/arm-none-eabi/7.3.1/thumb/v6-m/libgcc.a(_arm_cmpsf2.o)
                              ../../boards/B-L072Z-LRWAN1/CMakeFiles/B-L072Z-LRWAN1.dir/rtc-board.c.obj (__aeabi_fcmplt)
/usr/lib/gcc/arm-none-eabi/7.3.1/thumb/v6-m/libgcc.a(_aeabi_ldivmod.o)
                              ../../boards/B-L072Z-LRWAN1/CMakeFiles/B-L072Z-LRWAN1.dir/rtc-board.c.obj (__aeabi_ldivmod)
/usr/lib/gcc/arm-none-eabi/7.3.1/thumb/v6-m/libgcc.a(_aeabi_uldivmod.o)
                              ../../boards/B-L072Z-LRWAN1/CMakeFiles/B-L072Z-LRWAN1.dir/rtc-board.c.obj (__aeabi_uldivmod)
/usr/lib/gcc/arm-none-eabi/7.3.1/thumb/v6-m/libgcc.a(_fixunssfsi.o)
                              CMakeFiles/LoRaMac-periodic-uplink-lpp.dir/common/CayenneLpp.c.obj (__aeabi_f2uiz)
/usr/lib/gcc/arm-none-eabi/7.3.1/thumb/v6-m/libgcc.a(_udivmoddi4.o)
                              /usr/lib/gcc/arm-none-eabi/7.3.1/thumb/v6-m/libgcc.a(_aeabi_uldivmod.o) (__udivmoddi4)
/usr/lib/gcc/arm-none-eabi/7.3.1/thumb/v6-m/libgcc.a(bpabi.o)
                              /usr/lib/gcc/arm-none-eabi/7.3.1/thumb/v6-m/libgcc.a(_aeabi_ldivmod.o) (__gnu_ldivmod_helper)
/usr/lib/gcc/arm-none-eabi/7.3.1/thumb/v6-m/libgcc.a(addsf3.o)
                              CMakeFiles/LoRaMac-periodic-uplink-lpp.dir/common/CayenneLpp.c.obj (__aeabi_fadd)
/usr/lib/gcc/arm-none-eabi/7.3.1/thumb/v6-m/libgcc.a(eqsf2.o)
                              /usr/lib/gcc/arm-none-eabi/7.3.1/thumb/v6-m/libgcc.a(_arm_cmpsf2.o) (__eqsf2)
/usr/lib/gcc/arm-none-eabi/7.3.1/thumb/v6-m/libgcc.a(gesf2.o)
                              /usr/lib/gcc/arm-none-eabi/7.3.1/thumb/v6-m/libgcc.a(_arm_cmpsf2.o) (__gesf2)
/usr/lib/gcc/arm-none-eabi/7.3.1/thumb/v6-m/libgcc.a(lesf2.o)
                              /usr/lib/gcc/arm-none-eabi/7.3.1/thumb/v6-m/libgcc.a(_arm_cmpsf2.o) (__lesf2)
/usr/lib/gcc/arm-none-eabi/7.3.1/thumb/v6-m/libgcc.a(mulsf3.o)
                              CMakeFiles/LoRaMac-periodic-uplink-lpp.dir/common/CayenneLpp.c.obj (__aeabi_fmul)
/usr/lib/gcc/arm-none-eabi/7.3.1/thumb/v6-m/libgcc.a(subsf3.o)
                              ../../mac/CMakeFiles/mac.dir/region/RegionCommon.c.obj (__aeabi_fsub)
/usr/lib/gcc/arm-none-eabi/7.3.1/thumb/v6-m/libgcc.a(fixsfsi.o)
                              CMakeFiles/LoRaMac-periodic-uplink-lpp.dir/common/CayenneLpp.c.obj (__aeabi_f2iz)
/usr/lib/gcc/arm-none-eabi/7.3.1/thumb/v6-m/libgcc.a(floatsisf.o)
                              CMakeFiles/LoRaMac-periodic-uplink-lpp.dir/periodic-uplink-lpp/B-L072Z-LRWAN1/main.c.obj (__aeabi_i2f)
/usr/lib/gcc/arm-none-eabi/7.3.1/thumb/v6-m/libgcc.a(floatunsisf.o)
                              ../../mac/CMakeFiles/mac.dir/LoRaMac.c.obj (__aeabi_ui2f)
/usr/lib/gcc/arm-none-eabi/7.3.1/thumb/v6-m/libgcc.a(adddf3.o)
                              ../../system/CMakeFiles/system.dir/gps.c.obj (__aeabi_dadd)
/usr/lib/gcc/arm-none-eabi/7.3.1/thumb/v6-m/libgcc.a(eqdf2.o)
                              /usr/lib/gcc/arm-none-eabi/7.3.1/thumb/v6-m/libgcc.a(_arm_cmpdf2.o) (__eqdf2)
/usr/lib/gcc/arm-none-eabi/7.3.1/thumb/v6-m/libgcc.a(gedf2.o)
                              /usr/lib/gcc/arm-none-eabi/7.3.1/thumb/v6-m/libgcc.a(_arm_cmpdf2.o) (__gedf2)
/usr/lib/gcc/arm-none-eabi/7.3.1/thumb/v6-m/libgcc.a(ledf2.o)
                              /usr/lib/gcc/arm-none-eabi/7.3.1/thumb/v6-m/libgcc.a(_arm_cmpdf2.o) (__ledf2)
/usr/lib/gcc/arm-none-eabi/7.3.1/thumb/v6-m/libgcc.a(muldf3.o)
[...]
Memory Configuration

Name             Origin             Length             Attributes
FLASH            0x0000000008000000 0x0000000000030000 xr
RAM              0x0000000020000000 0x0000000000005000 xrw
*default*        0x0000000000000000 0xffffffffffffffff

Linker script and memory map

LOAD /usr/lib/gcc/arm-none-eabi/7.3.1/thumb/v6-m/crtfastmath.o
LOAD /usr/lib/gcc/arm-none-eabi/7.3.1/thumb/v6-m/crti.o
LOAD /usr/lib/gcc/arm-none-eabi/7.3.1/thumb/v6-m/crtbegin.o
LOAD /usr/lib/gcc/arm-none-eabi/7.3.1/../../../arm-none-eabi/lib/thumb/v6-m/crt0.o
LOAD CMakeFiles/LoRaMac-periodic-uplink-lpp.dir/common/CayenneLpp.c.obj
LOAD CMakeFiles/LoRaMac-periodic-uplink-lpp.dir/common/LmHandlerMsgDisplay.c.obj
LOAD CMakeFiles/LoRaMac-periodic-uplink-lpp.dir/common/NvmCtxMgmt.c.obj
LOAD CMakeFiles/LoRaMac-periodic-uplink-lpp.dir/common/LmHandler/LmHandler.c.obj
LOAD CMakeFiles/LoRaMac-periodic-uplink-lpp.dir/common/LmHandler/packages/FragDecoder.c.obj
LOAD CMakeFiles/LoRaMac-periodic-uplink-lpp.dir/common/LmHandler/packages/LmhpClockSync.c.obj
LOAD CMakeFiles/LoRaMac-periodic-uplink-lpp.dir/common/LmHandler/packages/LmhpCompliance.c.obj
LOAD CMakeFiles/LoRaMac-periodic-uplink-lpp.dir/common/LmHandler/packages/LmhpFragmentation.c.obj
LOAD CMakeFiles/LoRaMac-periodic-uplink-lpp.dir/common/LmHandler/packages/LmhpRemoteMcastSetup.c.obj
LOAD CMakeFiles/LoRaMac-periodic-uplink-lpp.dir/periodic-uplink-lpp/B-L072Z-LRWAN1/app.c.obj
LOAD CMakeFiles/LoRaMac-periodic-uplink-lpp.dir/periodic-uplink-lpp/B-L072Z-LRWAN1/main.c.obj
LOAD ../../mac/CMakeFiles/mac.dir/LoRaMac.c.obj
LOAD ../../mac/CMakeFiles/mac.dir/LoRaMacAdr.c.obj
LOAD ../../mac/CMakeFiles/mac.dir/LoRaMacClassB.c.obj
LOAD ../../mac/CMakeFiles/mac.dir/LoRaMacCommands.c.obj
LOAD ../../mac/CMakeFiles/mac.dir/LoRaMacConfirmQueue.c.obj
LOAD ../../mac/CMakeFiles/mac.dir/LoRaMacCrypto.c.obj
LOAD ../../mac/CMakeFiles/mac.dir/LoRaMacParser.c.obj
LOAD ../../mac/CMakeFiles/mac.dir/LoRaMacSerializer.c.obj
LOAD ../../mac/CMakeFiles/mac.dir/region/Region.c.obj
LOAD ../../mac/CMakeFiles/mac.dir/region/RegionAS923.c.obj
LOAD ../../mac/CMakeFiles/mac.dir/region/RegionAU915.c.obj
LOAD ../../mac/CMakeFiles/mac.dir/region/RegionBaseUS.c.obj
LOAD ../../mac/CMakeFiles/mac.dir/region/RegionCN470.c.obj
LOAD ../../mac/CMakeFiles/mac.dir/region/RegionCN779.c.obj
LOAD ../../mac/CMakeFiles/mac.dir/region/RegionCommon.c.obj
LOAD ../../mac/CMakeFiles/mac.dir/region/RegionEU433.c.obj
LOAD ../../mac/CMakeFiles/mac.dir/region/RegionEU868.c.obj
LOAD ../../mac/CMakeFiles/mac.dir/region/RegionIN865.c.obj
LOAD ../../mac/CMakeFiles/mac.dir/region/RegionKR920.c.obj
LOAD ../../mac/CMakeFiles/mac.dir/region/RegionRU864.c.obj
LOAD ../../mac/CMakeFiles/mac.dir/region/RegionUS915.c.obj
LOAD ../../system/CMakeFiles/system.dir/adc.c.obj
LOAD ../../system/CMakeFiles/system.dir/delay.c.obj
LOAD ../../system/CMakeFiles/system.dir/eeprom.c.obj
LOAD ../../system/CMakeFiles/system.dir/fifo.c.obj
LOAD ../../system/CMakeFiles/system.dir/gpio.c.obj
LOAD ../../system/CMakeFiles/system.dir/gps.c.obj
LOAD ../../system/CMakeFiles/system.dir/i2c.c.obj
LOAD ../../system/CMakeFiles/system.dir/nvmm.c.obj
LOAD ../../system/CMakeFiles/system.dir/systime.c.obj
LOAD ../../system/CMakeFiles/system.dir/timer.c.obj
LOAD ../../system/CMakeFiles/system.dir/uart.c.obj
LOAD ../../radio/CMakeFiles/radio.dir/sx1276/sx1276.c.obj
LOAD ../../peripherals/CMakeFiles/peripherals.dir/gpio-ioe.c.obj
LOAD ../../peripherals/CMakeFiles/peripherals.dir/mag3110.c.obj
LOAD ../../peripherals/CMakeFiles/peripherals.dir/mma8451.c.obj
LOAD ../../peripherals/CMakeFiles/peripherals.dir/mpl3115.c.obj
LOAD ../../peripherals/CMakeFiles/peripherals.dir/pam7q.c.obj
LOAD ../../peripherals/CMakeFiles/peripherals.dir/soft-se/aes.c.obj
LOAD ../../peripherals/CMakeFiles/peripherals.dir/soft-se/cmac.c.obj
LOAD ../../peripherals/CMakeFiles/peripherals.dir/soft-se/soft-se-hal.c.obj
LOAD ../../peripherals/CMakeFiles/peripherals.dir/soft-se/soft-se.c.obj
LOAD ../../peripherals/CMakeFiles/peripherals.dir/sx1509.c.obj
LOAD ../../peripherals/CMakeFiles/peripherals.dir/sx9500.c.obj
LOAD ../../boards/B-L072Z-LRWAN1/CMakeFiles/B-L072Z-LRWAN1.dir/adc-board.c.obj
LOAD ../../boards/B-L072Z-LRWAN1/CMakeFiles/B-L072Z-LRWAN1.dir/board.c.obj
LOAD ../../boards/B-L072Z-LRWAN1/CMakeFiles/B-L072Z-LRWAN1.dir/delay-board.c.obj
LOAD ../../boards/B-L072Z-LRWAN1/CMakeFiles/B-L072Z-LRWAN1.dir/eeprom-board.c.obj
LOAD ../../boards/B-L072Z-LRWAN1/CMakeFiles/B-L072Z-LRWAN1.dir/gpio-board.c.obj
LOAD ../../boards/B-L072Z-LRWAN1/CMakeFiles/B-L072Z-LRWAN1.dir/lpm-board.c.obj
LOAD ../../boards/B-L072Z-LRWAN1/CMakeFiles/B-L072Z-LRWAN1.dir/rtc-board.c.obj
LOAD ../../boards/B-L072Z-LRWAN1/CMakeFiles/B-L072Z-LRWAN1.dir/spi-board.c.obj
LOAD ../../boards/B-L072Z-LRWAN1/CMakeFiles/B-L072Z-LRWAN1.dir/sx1276-board.c.obj
LOAD ../../boards/B-L072Z-LRWAN1/CMakeFiles/B-L072Z-LRWAN1.dir/sysIrqHandlers.c.obj
LOAD ../../boards/B-L072Z-LRWAN1/CMakeFiles/B-L072Z-LRWAN1.dir/uart-board.c.obj
LOAD ../../boards/B-L072Z-LRWAN1/CMakeFiles/B-L072Z-LRWAN1.dir/__/mcu/utilities.c.obj
LOAD ../../boards/B-L072Z-LRWAN1/CMakeFiles/B-L072Z-LRWAN1.dir/cmsis/arm-gcc/startup_stm32l072xx.s.obj
LOAD ../../boards/B-L072Z-LRWAN1/CMakeFiles/B-L072Z-LRWAN1.dir/cmsis/system_stm32l0xx.c.obj
LOAD ../../boards/B-L072Z-LRWAN1/CMakeFiles/B-L072Z-LRWAN1.dir/__/mcu/stm32/STM32L0xx_HAL_Driver/Src/stm32l0xx_hal.c.obj
LOAD ../../boards/B-L072Z-LRWAN1/CMakeFiles/B-L072Z-LRWAN1.dir/__/mcu/stm32/STM32L0xx_HAL_Driver/Src/stm32l0xx_hal_adc.c.obj
LOAD ../../boards/B-L072Z-LRWAN1/CMakeFiles/B-L072Z-LRWAN1.dir/__/mcu/stm32/STM32L0xx_HAL_Driver/Src/stm32l0xx_hal_adc_ex.c.obj
LOAD ../../boards/B-L072Z-LRWAN1/CMakeFiles/B-L072Z-LRWAN1.dir/__/mcu/stm32/STM32L0xx_HAL_Driver/Src/stm32l0xx_hal_cortex.c.obj
LOAD ../../boards/B-L072Z-LRWAN1/CMakeFiles/B-L072Z-LRWAN1.dir/__/mcu/stm32/STM32L0xx_HAL_Driver/Src/stm32l0xx_hal_dma.c.obj
LOAD ../../boards/B-L072Z-LRWAN1/CMakeFiles/B-L072Z-LRWAN1.dir/__/mcu/stm32/STM32L0xx_HAL_Driver/Src/stm32l0xx_hal_flash.c.obj
LOAD ../../boards/B-L072Z-LRWAN1/CMakeFiles/B-L072Z-LRWAN1.dir/__/mcu/stm32/STM32L0xx_HAL_Driver/Src/stm32l0xx_hal_flash_ex.c.obj
LOAD ../../boards/B-L072Z-LRWAN1/CMakeFiles/B-L072Z-LRWAN1.dir/__/mcu/stm32/STM32L0xx_HAL_Driver/Src/stm32l0xx_hal_gpio.c.obj
LOAD ../../boards/B-L072Z-LRWAN1/CMakeFiles/B-L072Z-LRWAN1.dir/__/mcu/stm32/STM32L0xx_HAL_Driver/Src/stm32l0xx_hal_i2c.c.obj
LOAD ../../boards/B-L072Z-LRWAN1/CMakeFiles/B-L072Z-LRWAN1.dir/__/mcu/stm32/STM32L0xx_HAL_Driver/Src/stm32l0xx_hal_i2c_ex.c.obj
LOAD ../../boards/B-L072Z-LRWAN1/CMakeFiles/B-L072Z-LRWAN1.dir/__/mcu/stm32/STM32L0xx_HAL_Driver/Src/stm32l0xx_hal_pwr.c.obj
LOAD ../../boards/B-L072Z-LRWAN1/CMakeFiles/B-L072Z-LRWAN1.dir/__/mcu/stm32/STM32L0xx_HAL_Driver/Src/stm32l0xx_hal_pwr_ex.c.obj
LOAD ../../boards/B-L072Z-LRWAN1/CMakeFiles/B-L072Z-LRWAN1.dir/__/mcu/stm32/STM32L0xx_HAL_Driver/Src/stm32l0xx_hal_rcc.c.obj
LOAD ../../boards/B-L072Z-LRWAN1/CMakeFiles/B-L072Z-LRWAN1.dir/__/mcu/stm32/STM32L0xx_HAL_Driver/Src/stm32l0xx_hal_rcc_ex.c.obj
LOAD ../../boards/B-L072Z-LRWAN1/CMakeFiles/B-L072Z-LRWAN1.dir/__/mcu/stm32/STM32L0xx_HAL_Driver/Src/stm32l0xx_hal_rtc.c.obj
LOAD ../../boards/B-L072Z-LRWAN1/CMakeFiles/B-L072Z-LRWAN1.dir/__/mcu/stm32/STM32L0xx_HAL_Driver/Src/stm32l0xx_hal_rtc_ex.c.obj
LOAD ../../boards/B-L072Z-LRWAN1/CMakeFiles/B-L072Z-LRWAN1.dir/__/mcu/stm32/STM32L0xx_HAL_Driver/Src/stm32l0xx_hal_spi.c.obj
LOAD ../../boards/B-L072Z-LRWAN1/CMakeFiles/B-L072Z-LRWAN1.dir/__/mcu/stm32/STM32L0xx_HAL_Driver/Src/stm32l0xx_hal_uart.c.obj
LOAD ../../boards/B-L072Z-LRWAN1/CMakeFiles/B-L072Z-LRWAN1.dir/__/mcu/stm32/STM32L0xx_HAL_Driver/Src/stm32l0xx_hal_uart_ex.c.obj
LOAD /usr/lib/gcc/arm-none-eabi/7.3.1/../../../arm-none-eabi/lib/thumb/v6-m/libm.a
START GROUP
LOAD /usr/lib/gcc/arm-none-eabi/7.3.1/thumb/v6-m/libgcc.a
LOAD /usr/lib/gcc/arm-none-eabi/7.3.1/../../../arm-none-eabi/lib/thumb/v6-m/libg_nano.a
LOAD /usr/lib/gcc/arm-none-eabi/7.3.1/../../../arm-none-eabi/lib/thumb/v6-m/libc_nano.a
END GROUP
START GROUP
LOAD /usr/lib/gcc/arm-none-eabi/7.3.1/thumb/v6-m/libgcc.a
LOAD /usr/lib/gcc/arm-none-eabi/7.3.1/../../../arm-none-eabi/lib/thumb/v6-m/libc_nano.a
LOAD /usr/lib/gcc/arm-none-eabi/7.3.1/../../../arm-none-eabi/lib/thumb/v6-m/libnosys.a
END GROUP
START GROUP
LOAD /usr/lib/gcc/arm-none-eabi/7.3.1/thumb/v6-m/libgcc.a
LOAD /usr/lib/gcc/arm-none-eabi/7.3.1/../../../arm-none-eabi/lib/thumb/v6-m/libc_nano.a
LOAD /usr/lib/gcc/arm-none-eabi/7.3.1/../../../arm-none-eabi/lib/thumb/v6-m/libnosys.a
END GROUP
LOAD /usr/lib/gcc/arm-none-eabi/7.3.1/thumb/v6-m/crtend.o
LOAD /usr/lib/gcc/arm-none-eabi/7.3.1/thumb/v6-m/crtn.o

.text           0x0000000008000000    0x12e24
 *(.isr_vector)
 .isr_vector    0x0000000008000000       0xc0 ../../boards/B-L072Z-LRWAN1/CMakeFiles/B-L072Z-LRWAN1.dir/cmsis/arm-gcc/startup_stm32l072xx.s.obj
                0x0000000008000000                g_pfnVectors
 *(.text*)
 .text          0x00000000080000c0       0x98 /usr/lib/gcc/arm-none-eabi/7.3.1/thumb/v6-m/crtbegin.o
 .text.CayenneLppReset
                0x0000000008000158        0xc CMakeFiles/LoRaMac-periodic-uplink-lpp.dir/common/CayenneLpp.c.obj
                0x0000000008000158                CayenneLppReset
 .text.CayenneLppGetSize
                0x0000000008000164        0xc CMakeFiles/LoRaMac-periodic-uplink-lpp.dir/common/CayenneLpp.c.obj
                0x0000000008000164                CayenneLppGetSize
 .text.CayenneLppCopy
                0x0000000008000170       0x18 CMakeFiles/LoRaMac-periodic-uplink-lpp.dir/common/CayenneLpp.c.obj
                0x0000000008000170                CayenneLppCopy
 .text.CayenneLppAddDigitalInput
                0x0000000008000188       0x30 CMakeFiles/LoRaMac-periodic-uplink-lpp.dir/common/CayenneLpp.c.obj
                0x0000000008000188                CayenneLppAddDigitalInput
 .text.CayenneLppAddAnalogInput
                0x00000000080001b8       0x4c CMakeFiles/LoRaMac-periodic-uplink-lpp.dir/common/CayenneLpp.c.obj
                0x00000000080001b8                CayenneLppAddAnalogInput
 .text.PrintHexBuffer
                0x0000000008000204       0x40 CMakeFiles/LoRaMac-periodic-uplink-lpp.dir/common/LmHandlerMsgDisplay.c.obj
                0x0000000008000204                PrintHexBuffer
 .text.DisplayNvmContextChange
                0x0000000008000244       0x1c CMakeFiles/LoRaMac-periodic-uplink-lpp.dir/common/LmHandlerMsgDisplay.c.obj
                0x0000000008000244                DisplayNvmContextChange
 .text.DisplayNetworkParametersUpdate
                0x0000000008000260       0x94 CMakeFiles/LoRaMac-periodic-uplink-lpp.dir/common/LmHandlerMsgDisplay.c.obj
                0x0000000008000260                DisplayNetworkParametersUpdate
 .text.DisplayMacMcpsRequestUpdate
                0x00000000080002f4       0x80 CMakeFiles/LoRaMac-periodic-uplink-lpp.dir/common/LmHandlerMsgDisplay.c.obj
                0x00000000080002f4                DisplayMacMcpsRequestUpdate
 .text.DisplayMacMlmeRequestUpdate
                0x0000000008000374       0xac CMakeFiles/LoRaMac-periodic-uplink-lpp.dir/common/LmHandlerMsgDisplay.c.obj
                0x0000000008000374                DisplayMacMlmeRequestUpdate
 .text.DisplayJoinRequestUpdate
                0x0000000008000420       0x78 CMakeFiles/LoRaMac-periodic-uplink-lpp.dir/common/LmHandlerMsgDisplay.c.obj
                0x0000000008000420                DisplayJoinRequestUpdate
 .text.DisplayTxUpdate
                0x0000000008000498      0x184 CMakeFiles/LoRaMac-periodic-uplink-lpp.dir/common/LmHandlerMsgDisplay.c.obj
                0x0000000008000498                DisplayTxUpdate
 .text.DisplayRxUpdate
                0x000000000800061c       0xdc CMakeFiles/LoRaMac-periodic-uplink-lpp.dir/common/LmHandlerMsgDisplay.c.obj
                0x000000000800061c                DisplayRxUpdate
 .text.DisplayBeaconUpdate
                0x00000000080006f8       0x9c CMakeFiles/LoRaMac-periodic-uplink-lpp.dir/common/LmHandlerMsgDisplay.c.obj
                0x00000000080006f8                DisplayBeaconUpdate
 .text.DisplayClassUpdate
                0x0000000008000794       0x18 CMakeFiles/LoRaMac-periodic-uplink-lpp.dir/common/LmHandlerMsgDisplay.c.obj
                0x0000000008000794                DisplayClassUpdate
 .text.DisplayAppInfo
                0x00000000080007ac       0x48 CMakeFiles/LoRaMac-periodic-uplink-lpp.dir/common/LmHandlerMsgDisplay.c.obj
                0x00000000080007ac                DisplayAppInfo
 .text.NvmCtxMgmtEvent
                0x00000000080007f4        0x2 CMakeFiles/LoRaMac-periodic-uplink-lpp.dir/common/NvmCtxMgmt.c.obj
                0x00000000080007f4                NvmCtxMgmtEvent
 .text.NvmCtxMgmtStore
                0x00000000080007f6        0x4 CMakeFiles/LoRaMac-periodic-uplink-lpp.dir/common/NvmCtxMgmt.c.obj
                0x00000000080007f6                NvmCtxMgmtStore
 .text.NvmCtxMgmtRestore
                0x00000000080007fa        0x4 CMakeFiles/LoRaMac-periodic-uplink-lpp.dir/common/NvmCtxMgmt.c.obj
                0x00000000080007fa                NvmCtxMgmtRestore
 *fill*         0x00000000080007fe        0x2 
 .text.LmHandlerDeviceTimeReq
                0x0000000008000800       0x2c CMakeFiles/LoRaMac-periodic-uplink-lpp.dir/common/LmHandler/LmHandler.c.obj
 .text.LmHandlerJoinRequest
                0x000000000800082c       0x5c CMakeFiles/LoRaMac-periodic-uplink-lpp.dir/common/LmHandler/LmHandler.c.obj
 .text.McpsConfirm
                0x0000000008000888       0x54 CMakeFiles/LoRaMac-periodic-uplink-lpp.dir/common/LmHandler/LmHandler.c.obj
 .text.LmHandlerInit
                0x00000000080008dc      0x11c CMakeFiles/LoRaMac-periodic-uplink-lpp.dir/common/LmHandler/LmHandler.c.obj
                0x00000000080008dc                LmHandlerInit
 .text.LmHandlerJoin
                0x00000000080009f8       0x10 CMakeFiles/LoRaMac-periodic-uplink-lpp.dir/common/LmHandler/LmHandler.c.obj
                0x00000000080009f8                LmHandlerJoin
 .text.LmHandlerJoinStatus
                0x0000000008000a08       0x24 CMakeFiles/LoRaMac-periodic-uplink-lpp.dir/common/LmHandler/LmHandler.c.obj
                0x0000000008000a08                LmHandlerJoinStatus
 .text.LmHandlerIsBusy
                0x0000000008000a2c       0x28 CMakeFiles/LoRaMac-periodic-uplink-lpp.dir/common/LmHandler/LmHandler.c.obj
                0x0000000008000a2c                LmHandlerIsBusy
 .text.LmHandlerSend
                0x0000000008000a54       0xbc CMakeFiles/LoRaMac-periodic-uplink-lpp.dir/common/LmHandler/LmHandler.c.obj
                0x0000000008000a54                LmHandlerSend
 .text.MlmeIndication
                0x0000000008000b10       0xd4 CMakeFiles/LoRaMac-periodic-uplink-lpp.dir/common/LmHandler/LmHandler.c.obj
 .text.LmHandlerPingSlotReq
                0x0000000008000be4       0x4c CMakeFiles/LoRaMac-periodic-uplink-lpp.dir/common/LmHandler/LmHandler.c.obj
                0x0000000008000be4                LmHandlerPingSlotReq
 .text.LmHandlerRequestClass
                0x0000000008000c30       0x80 CMakeFiles/LoRaMac-periodic-uplink-lpp.dir/common/LmHandler/LmHandler.c.obj
                0x0000000008000c30                LmHandlerRequestClass
 .text.LmHandlerGetCurrentClass
                0x0000000008000cb0       0x16 CMakeFiles/LoRaMac-periodic-uplink-lpp.dir/common/LmHandler/LmHandler.c.obj
                0x0000000008000cb0                LmHandlerGetCurrentClass
 *fill*         0x0000000008000cc6        0x2 
 .text.McpsIndication
                0x0000000008000cc8       0x9c CMakeFiles/LoRaMac-periodic-uplink-lpp.dir/common/LmHandler/LmHandler.c.obj
 .text.LmHandlerGetCurrentDatarate
                0x0000000008000d64       0x18 CMakeFiles/LoRaMac-periodic-uplink-lpp.dir/common/LmHandler/LmHandler.c.obj
                0x0000000008000d64                LmHandlerGetCurrentDatarate
 .text.MlmeConfirm
                0x0000000008000d7c       0xe4 CMakeFiles/LoRaMac-periodic-uplink-lpp.dir/common/LmHandler/LmHandler.c.obj
 .text.LmHandlerGetActiveRegion
                0x0000000008000e60        0xc CMakeFiles/LoRaMac-periodic-uplink-lpp.dir/common/LmHandler/LmHandler.c.obj
                0x0000000008000e60                LmHandlerGetActiveRegion
 .text.LmHandlerSetSystemMaxRxError
                0x0000000008000e6c       0x1c CMakeFiles/LoRaMac-periodic-uplink-lpp.dir/common/LmHandler/LmHandler.c.obj
                0x0000000008000e6c                LmHandlerSetSystemMaxRxError
 .text.LmHandlerPackageRegister
                0x0000000008000e88       0x80 CMakeFiles/LoRaMac-periodic-uplink-lpp.dir/common/LmHandler/LmHandler.c.obj
                0x0000000008000e88                LmHandlerPackageRegister
 .text.LmHandlerPackageIsInitialized
                0x0000000008000f08       0x18 CMakeFiles/LoRaMac-periodic-uplink-lpp.dir/common/LmHandler/LmHandler.c.obj
                0x0000000008000f08                LmHandlerPackageIsInitialized
 .text.LmHandlerProcess
                0x0000000008000f20       0x58 CMakeFiles/LoRaMac-periodic-uplink-lpp.dir/common/LmHandler/LmHandler.c.obj
                0x0000000008000f20                LmHandlerProcess
 .text.SetRow   0x0000000008000f78       0x20 CMakeFiles/LoRaMac-periodic-uplink-lpp.dir/common/LmHandler/packages/FragDecoder.c.obj
 .text.GetRow   0x0000000008000f98       0x20 CMakeFiles/LoRaMac-periodic-uplink-lpp.dir/common/LmHandler/packages/FragDecoder.c.obj
 .text.GetParity
                0x0000000008000fb8       0x12 CMakeFiles/LoRaMac-periodic-uplink-lpp.dir/common/LmHandler/packages/FragDecoder.c.obj
 .text.SetParity
                0x0000000008000fca       0x1e CMakeFiles/LoRaMac-periodic-uplink-lpp.dir/common/LmHandler/packages/FragDecoder.c.obj
 .text.XorDataLine
                0x0000000008000fe8       0x16 CMakeFiles/LoRaMac-periodic-uplink-lpp.dir/common/LmHandler/packages/FragDecoder.c.obj
 .text.XorParityLine
                0x0000000008000ffe       0x36 CMakeFiles/LoRaMac-periodic-uplink-lpp.dir/common/LmHandler/packages/FragDecoder.c.obj
 .text.FragFindMissingFrags
                0x0000000008001034       0x48 CMakeFiles/LoRaMac-periodic-uplink-lpp.dir/common/LmHandler/packages/FragDecoder.c.obj
 .text.FragFindMissingIndex
                0x000000000800107c       0x28 CMakeFiles/LoRaMac-periodic-uplink-lpp.dir/common/LmHandler/packages/FragDecoder.c.obj
 .text.FragExtractLineFromBinaryMatrix
                0x00000000080010a4       0x7c CMakeFiles/LoRaMac-periodic-uplink-lpp.dir/common/LmHandler/packages/FragDecoder.c.obj
 .text.FragDecoderInit
                0x0000000008001120       0x5c CMakeFiles/LoRaMac-periodic-uplink-lpp.dir/common/LmHandler/packages/FragDecoder.c.obj
                0x0000000008001120                FragDecoderInit
 .text.FragDecoderGetMaxFileSize
                0x000000000800117c        0x8 CMakeFiles/LoRaMac-periodic-uplink-lpp.dir/common/LmHandler/packages/FragDecoder.c.obj
                0x000000000800117c                FragDecoderGetMaxFileSize
 .text.FragDecoderProcess
                0x0000000008001184      0x32c CMakeFiles/LoRaMac-periodic-uplink-lpp.dir/common/LmHandler/packages/FragDecoder.c.obj
                0x0000000008001184                FragDecoderProcess
 .text.FragDecoderGetStatus
                0x00000000080014b0       0x18 CMakeFiles/LoRaMac-periodic-uplink-lpp.dir/common/LmHandler/packages/FragDecoder.c.obj
                0x00000000080014b0                FragDecoderGetStatus
 .text.LmhpClockSyncInit
                0x00000000080014c8       0x18 CMakeFiles/LoRaMac-periodic-uplink-lpp.dir/common/LmHandler/packages/LmhpClockSync.c.obj
 .text.LmhpClockSyncIsInitialized
                0x00000000080014e0        0xc CMakeFiles/LoRaMac-periodic-uplink-lpp.dir/common/LmHandler/packages/LmhpClockSync.c.obj
 .text.LmhpClockSyncIsRunning
                0x00000000080014ec       0x10 CMakeFiles/LoRaMac-periodic-uplink-lpp.dir/common/LmHandler/packages/LmhpClockSync.c.obj
 .text.LmhpClockSyncOnMcpsIndication
                0x00000000080014fc      0x158 CMakeFiles/LoRaMac-periodic-uplink-lpp.dir/common/LmHandler/packages/LmhpClockSync.c.obj
 .text.LmhpClockSyncOnMcpsConfirm
                0x0000000008001654       0x44 CMakeFiles/LoRaMac-periodic-uplink-lpp.dir/common/LmHandler/packages/LmhpClockSync.c.obj
 .text.LmphClockSyncPackageFactory
                0x0000000008001698        0x8 CMakeFiles/LoRaMac-periodic-uplink-lpp.dir/common/LmHandler/packages/LmhpClockSync.c.obj
                0x0000000008001698                LmphClockSyncPackageFactory
 .text.LmhpClockSyncAppTimeReq
                0x00000000080016a0       0xac CMakeFiles/LoRaMac-periodic-uplink-lpp.dir/common/LmHandler/packages/LmhpClockSync.c.obj
                0x00000000080016a0                LmhpClockSyncAppTimeReq
 .text.LmhpClockSyncProcess
                0x000000000800174c       0x20 CMakeFiles/LoRaMac-periodic-uplink-lpp.dir/common/LmHandler/packages/LmhpClockSync.c.obj
 .text.LmhpComplianceInit
                0x000000000800176c       0x28 CMakeFiles/LoRaMac-periodic-uplink-lpp.dir/common/LmHandler/packages/LmhpCompliance.c.obj
 .text.LmhpComplianceIsInitialized
                0x0000000008001794        0xc CMakeFiles/LoRaMac-periodic-uplink-lpp.dir/common/LmHandler/packages/LmhpCompliance.c.obj
 .text.LmhpComplianceIsRunning
                0x00000000080017a0       0x10 CMakeFiles/LoRaMac-periodic-uplink-lpp.dir/common/LmHandler/packages/LmhpCompliance.c.obj
 .text.OnComplianceTxNextPacketTimerEvent
                0x00000000080017b0        0xc CMakeFiles/LoRaMac-periodic-uplink-lpp.dir/common/LmHandler/packages/LmhpCompliance.c.obj
 .text.LmhpComplianceProcess
                0x00000000080017bc       0x88 CMakeFiles/LoRaMac-periodic-uplink-lpp.dir/common/LmHandler/packages/LmhpCompliance.c.obj
 .text.LmhpComplianceOnMlmeConfirm
                0x0000000008001844       0x28 CMakeFiles/LoRaMac-periodic-uplink-lpp.dir/common/LmHandler/packages/LmhpCompliance.c.obj
 .text.LmhpComplianceOnMcpsIndication
                0x000000000800186c      0x204 CMakeFiles/LoRaMac-periodic-uplink-lpp.dir/common/LmHandler/packages/LmhpCompliance.c.obj
 .text.LmphCompliancePackageFactory
                0x0000000008001a70        0x8 CMakeFiles/LoRaMac-periodic-uplink-lpp.dir/common/LmHandler/packages/LmhpCompliance.c.obj
                0x0000000008001a70                LmphCompliancePackageFactory
 .text.LmhpFragmentationIsInitialized
                0x0000000008001a78        0xc CMakeFiles/LoRaMac-periodic-uplink-lpp.dir/common/LmHandler/packages/LmhpFragmentation.c.obj
 .text.LmhpFragmentationIsRunning
                0x0000000008001a84       0x10 CMakeFiles/LoRaMac-periodic-uplink-lpp.dir/common/LmHandler/packages/LmhpFragmentation.c.obj
 .text.OnFragmentTxDelay
                0x0000000008001a94       0x18 CMakeFiles/LoRaMac-periodic-uplink-lpp.dir/common/LmHandler/packages/LmhpFragmentation.c.obj
 .text.LmhpFragmentationOnMcpsIndication
                0x0000000008001aac      0x30c CMakeFiles/LoRaMac-periodic-uplink-lpp.dir/common/LmHandler/packages/LmhpFragmentation.c.obj
 .text.LmhpFragmentationProcess
                0x0000000008001db8       0x50 CMakeFiles/LoRaMac-periodic-uplink-lpp.dir/common/LmHandler/packages/LmhpFragmentation.c.obj
 .text.LmhpFragmentationInit
                0x0000000008001e08       0x48 CMakeFiles/LoRaMac-periodic-uplink-lpp.dir/common/LmHandler/packages/LmhpFragmentation.c.obj
 .text.LmhpFragmentationPackageFactory
                0x0000000008001e50        0x8 CMakeFiles/LoRaMac-periodic-uplink-lpp.dir/common/LmHandler/packages/LmhpFragmentation.c.obj
                0x0000000008001e50                LmhpFragmentationPackageFactory
 .text.LmhpRemoteMcastSetupIsInitialized
                0x0000000008001e58        0xc CMakeFiles/LoRaMac-periodic-uplink-lpp.dir/common/LmHandler/packages/LmhpRemoteMcastSetup.c.obj
 .text.LmhpRemoteMcastSetupIsRunning
                0x0000000008001e64       0x10 CMakeFiles/LoRaMac-periodic-uplink-lpp.dir/common/LmHandler/packages/LmhpRemoteMcastSetup.c.obj
 .text.OnSessionStopTimer
                0x0000000008001e74       0x18 CMakeFiles/LoRaMac-periodic-uplink-lpp.dir/common/LmHandler/packages/LmhpRemoteMcastSetup.c.obj
 .text.OnSessionStartTimer
                0x0000000008001e8c       0x18 CMakeFiles/LoRaMac-periodic-uplink-lpp.dir/common/LmHandler/packages/LmhpRemoteMcastSetup.c.obj
 .text.LmhpRemoteMcastSetupOnMcpsIndication
                0x0000000008001ea4      0x3c8 CMakeFiles/LoRaMac-periodic-uplink-lpp.dir/common/LmHandler/packages/LmhpRemoteMcastSetup.c.obj
 .text.LmhpRemoteMcastSetupProcess
                0x000000000800226c       0x58 CMakeFiles/LoRaMac-periodic-uplink-lpp.dir/common/LmHandler/packages/LmhpRemoteMcastSetup.c.obj
 .text.LmhpRemoteMcastSetupInit
                0x00000000080022c4       0x40 CMakeFiles/LoRaMac-periodic-uplink-lpp.dir/common/LmHandler/packages/LmhpRemoteMcastSetup.c.obj
 .text.LmhpRemoteMcastSetupPackageFactory
                0x0000000008002304        0x8 CMakeFiles/LoRaMac-periodic-uplink-lpp.dir/common/LmHandler/packages/LmhpRemoteMcastSetup.c.obj
                0x0000000008002304                LmhpRemoteMcastSetupPackageFactory
 .text.OnTimerEvent
                0x000000000800230c       0x20 CMakeFiles/LoRaMac-periodic-uplink-lpp.dir/periodic-uplink-lpp/B-L072Z-LRWAN1/app.c.obj
 .text.app_setup
                0x000000000800232c       0x20 CMakeFiles/LoRaMac-periodic-uplink-lpp.dir/periodic-uplink-lpp/B-L072Z-LRWAN1/app.c.obj
                0x000000000800232c                app_setup
 .text.app      0x000000000800234c        0xe CMakeFiles/LoRaMac-periodic-uplink-lpp.dir/periodic-uplink-lpp/B-L072Z-LRWAN1/app.c.obj
                0x000000000800234c                app
 *fill*         0x000000000800235a        0x2 
 .text.OnMacProcessNotify
                0x000000000800235c        0xc CMakeFiles/LoRaMac-periodic-uplink-lpp.dir/periodic-uplink-lpp/B-L072Z-LRWAN1/main.c.obj
 .text.OnSysTimeUpdate
                0x0000000008002368        0x2 CMakeFiles/LoRaMac-periodic-uplink-lpp.dir/periodic-uplink-lpp/B-L072Z-LRWAN1/main.c.obj
 *fill*         0x000000000800236a        0x2 
 .text.OnBeaconStatusChange
                0x000000000800236c       0x2c CMakeFiles/LoRaMac-periodic-uplink-lpp.dir/periodic-uplink-lpp/B-L072Z-LRWAN1/main.c.obj
 .text.OnClassChange
                0x0000000008002398       0x16 CMakeFiles/LoRaMac-periodic-uplink-lpp.dir/periodic-uplink-lpp/B-L072Z-LRWAN1/main.c.obj
 *fill*         0x00000000080023ae        0x2 
 .text.OnRxData
                0x00000000080023b0       0x44 CMakeFiles/LoRaMac-periodic-uplink-lpp.dir/periodic-uplink-lpp/B-L072Z-LRWAN1/main.c.obj
 .text.OnLedBeaconTimerEvent
                0x00000000080023f4       0x24 CMakeFiles/LoRaMac-periodic-uplink-lpp.dir/periodic-uplink-lpp/B-L072Z-LRWAN1/main.c.obj
 .text.OnLed3TimerEvent
                0x0000000008002418       0x1c CMakeFiles/LoRaMac-periodic-uplink-lpp.dir/periodic-uplink-lpp/B-L072Z-LRWAN1/main.c.obj
 .text.OnLed2TimerEvent
                0x0000000008002434       0x1c CMakeFiles/LoRaMac-periodic-uplink-lpp.dir/periodic-uplink-lpp/B-L072Z-LRWAN1/main.c.obj
 .text.OnLed1TimerEvent
                0x0000000008002450       0x1c CMakeFiles/LoRaMac-periodic-uplink-lpp.dir/periodic-uplink-lpp/B-L072Z-LRWAN1/main.c.obj
 .text.OnTxData
                0x000000000800246c        0x8 CMakeFiles/LoRaMac-periodic-uplink-lpp.dir/periodic-uplink-lpp/B-L072Z-LRWAN1/main.c.obj
 .text.OnJoinRequest
                0x0000000008002474       0x1e CMakeFiles/LoRaMac-periodic-uplink-lpp.dir/periodic-uplink-lpp/B-L072Z-LRWAN1/main.c.obj
 .text.OnMacMlmeRequest
                0x0000000008002492        0x8 CMakeFiles/LoRaMac-periodic-uplink-lpp.dir/periodic-uplink-lpp/B-L072Z-LRWAN1/main.c.obj
 .text.OnMacMcpsRequest
                0x000000000800249a        0x8 CMakeFiles/LoRaMac-periodic-uplink-lpp.dir/periodic-uplink-lpp/B-L072Z-LRWAN1/main.c.obj
 .text.OnNetworkParametersChange
                0x00000000080024a2        0x8 CMakeFiles/LoRaMac-periodic-uplink-lpp.dir/periodic-uplink-lpp/B-L072Z-LRWAN1/main.c.obj
 .text.OnNvmContextChange
                0x00000000080024aa        0x8 CMakeFiles/LoRaMac-periodic-uplink-lpp.dir/periodic-uplink-lpp/B-L072Z-LRWAN1/main.c.obj
 *fill*         0x00000000080024b2        0x2 
 .text.OnTxTimerEvent
                0x00000000080024b4       0x3c CMakeFiles/LoRaMac-periodic-uplink-lpp.dir/periodic-uplink-lpp/B-L072Z-LRWAN1/main.c.obj
 .text.startup.main
                0x00000000080024f0      0x1b4 CMakeFiles/LoRaMac-periodic-uplink-lpp.dir/periodic-uplink-lpp/B-L072Z-LRWAN1/main.c.obj
                0x00000000080024f0                main
 .text.OnRadioTxTimeout
                0x00000000080026a4       0x2c ../../mac/CMakeFiles/mac.dir/LoRaMac.c.obj
 .text.OnRadioRxError
                0x00000000080026d0       0x2c ../../mac/CMakeFiles/mac.dir/LoRaMac.c.obj
 .text.OnRadioRxTimeout
                0x00000000080026fc       0x2c ../../mac/CMakeFiles/mac.dir/LoRaMac.c.obj
 .text.UpdateRxSlotIdleState
                0x0000000008002728       0x24 ../../mac/CMakeFiles/mac.dir/LoRaMac.c.obj
 .text.StopRetransmission
                0x000000000800274c       0x60 ../../mac/CMakeFiles/mac.dir/LoRaMac.c.obj
 .text.CallNvmCtxCallback
                0x00000000080027ac       0x1c ../../mac/CMakeFiles/mac.dir/LoRaMac.c.obj
 .text.EventMacNvmCtxChanged
                0x00000000080027c8        0xa ../../mac/CMakeFiles/mac.dir/LoRaMac.c.obj
 .text.EventRegionNvmCtxChanged
                0x00000000080027d2        0xa ../../mac/CMakeFiles/mac.dir/LoRaMac.c.obj
 .text.EventCryptoNvmCtxChanged
                0x00000000080027dc        0xa ../../mac/CMakeFiles/mac.dir/LoRaMac.c.obj
 .text.EventSecureElementNvmCtxChanged
                0x00000000080027e6        0xa ../../mac/CMakeFiles/mac.dir/LoRaMac.c.obj
 .text.EventCommandsNvmCtxChanged
                0x00000000080027f0        0xa ../../mac/CMakeFiles/mac.dir/LoRaMac.c.obj
 .text.EventClassBNvmCtxChanged
                0x00000000080027fa        0xa ../../mac/CMakeFiles/mac.dir/LoRaMac.c.obj
 .text.EventConfirmQueueNvmCtxChanged
                0x0000000008002804        0xa ../../mac/CMakeFiles/mac.dir/LoRaMac.c.obj
 *fill*         0x000000000800280e        0x2 
 .text.GetMaxAppPayloadWithoutFOptsLength
                0x0000000008002810       0x2c ../../mac/CMakeFiles/mac.dir/LoRaMac.c.obj
 .text.OnAckTimeoutTimerEvent
                0x000000000800283c       0x5c ../../mac/CMakeFiles/mac.dir/LoRaMac.c.obj
 .text.PrepareRxDoneAbort
                0x0000000008002898       0x3c ../../mac/CMakeFiles/mac.dir/LoRaMac.c.obj
 .text.HandleRadioRxErrorTimeout
                0x00000000080028d4       0xf0 ../../mac/CMakeFiles/mac.dir/LoRaMac.c.obj
 .text.OpenContinuousRxCWindow
                0x00000000080029c4       0x74 ../../mac/CMakeFiles/mac.dir/LoRaMac.c.obj
 .text.OnRadioRxDone
                0x0000000008002a38       0x48 ../../mac/CMakeFiles/mac.dir/LoRaMac.c.obj
 .text.OnRadioTxDone
                0x0000000008002a80       0x48 ../../mac/CMakeFiles/mac.dir/LoRaMac.c.obj
 .text.ResetMacParameters
                0x0000000008002ac8      0x164 ../../mac/CMakeFiles/mac.dir/LoRaMac.c.obj
 .text.SwitchClass
                0x0000000008002c2c      0x100 ../../mac/CMakeFiles/mac.dir/LoRaMac.c.obj
 .text.RxWindowSetup.constprop.8
                0x0000000008002d2c       0x4c ../../mac/CMakeFiles/mac.dir/LoRaMac.c.obj
 .text.OnRxWindow1TimerEvent
                0x0000000008002d78       0x5c ../../mac/CMakeFiles/mac.dir/LoRaMac.c.obj
 .text.OnRxWindow2TimerEvent
                0x0000000008002dd4       0x64 ../../mac/CMakeFiles/mac.dir/LoRaMac.c.obj
 .text.unlikely.ProcessMacCommands.isra.1.constprop.9
                0x0000000008002e38      0x59c ../../mac/CMakeFiles/mac.dir/LoRaMac.c.obj
 .text.LoRaMacIsBusy
                0x00000000080033d4       0x24 ../../mac/CMakeFiles/mac.dir/LoRaMac.c.obj
                0x00000000080033d4                LoRaMacIsBusy
 .text.PrepareFrame
                0x00000000080033f8      0x190 ../../mac/CMakeFiles/mac.dir/LoRaMac.c.obj
                0x00000000080033f8                PrepareFrame
 .text.SendFrameOnChannel
                0x0000000008003588      0x16c ../../mac/CMakeFiles/mac.dir/LoRaMac.c.obj
                0x0000000008003588                SendFrameOnChannel
 .text.ScheduleTx
                0x00000000080036f4      0x240 ../../mac/CMakeFiles/mac.dir/LoRaMac.c.obj
 .text.OnTxDelayedTimerEvent
                0x0000000008003934       0x64 ../../mac/CMakeFiles/mac.dir/LoRaMac.c.obj
 .text.Send     0x0000000008003998      0x128 ../../mac/CMakeFiles/mac.dir/LoRaMac.c.obj
                0x0000000008003998                Send
 .text.SendReJoinReq
                0x0000000008003ac0       0x58 ../../mac/CMakeFiles/mac.dir/LoRaMac.c.obj
                0x0000000008003ac0                SendReJoinReq
 .text.SetTxContinuousWave
                0x0000000008003b18       0x58 ../../mac/CMakeFiles/mac.dir/LoRaMac.c.obj
                0x0000000008003b18                SetTxContinuousWave
 .text.SetTxContinuousWave1
                0x0000000008003b70       0x2c ../../mac/CMakeFiles/mac.dir/LoRaMac.c.obj
                0x0000000008003b70                SetTxContinuousWave1
 .text.GetCtxs  0x0000000008003b9c       0x78 ../../mac/CMakeFiles/mac.dir/LoRaMac.c.obj
                0x0000000008003b9c                GetCtxs
 .text.RestoreCtxs
                0x0000000008003c14       0xc4 ../../mac/CMakeFiles/mac.dir/LoRaMac.c.obj
                0x0000000008003c14                RestoreCtxs
 .text.DetermineFrameType
                0x0000000008003cd8       0x4e ../../mac/CMakeFiles/mac.dir/LoRaMac.c.obj
                0x0000000008003cd8                DetermineFrameType
 *fill*         0x0000000008003d26        0x2 
 .text.LoRaMacProcess
                0x0000000008003d28      0xa0c ../../mac/CMakeFiles/mac.dir/LoRaMac.c.obj
                0x0000000008003d28                LoRaMacProcess
 .text.LoRaMacInitialization
                0x0000000008004734      0x388 ../../mac/CMakeFiles/mac.dir/LoRaMac.c.obj
                0x0000000008004734                LoRaMacInitialization
 .text.LoRaMacStart
                0x0000000008004abc       0x10 ../../mac/CMakeFiles/mac.dir/LoRaMac.c.obj
                0x0000000008004abc                LoRaMacStart
 .text.LoRaMacQueryTxPossible
                0x0000000008004acc       0xc4 ../../mac/CMakeFiles/mac.dir/LoRaMac.c.obj
                0x0000000008004acc                LoRaMacQueryTxPossible
 .text.LoRaMacMibGetRequestConfirm
                0x0000000008004b90      0x1cc ../../mac/CMakeFiles/mac.dir/LoRaMac.c.obj
                0x0000000008004b90                LoRaMacMibGetRequestConfirm
 .text.LoRaMacMibSetRequestConfirm
                0x0000000008004d5c      0x430 ../../mac/CMakeFiles/mac.dir/LoRaMac.c.obj
                0x0000000008004d5c                LoRaMacMibSetRequestConfirm
 .text.LoRaMacMcChannelSetup
                0x000000000800518c       0xcc ../../mac/CMakeFiles/mac.dir/LoRaMac.c.obj
                0x000000000800518c                LoRaMacMcChannelSetup
 .text.LoRaMacMcChannelDelete
                0x0000000008005258       0x68 ../../mac/CMakeFiles/mac.dir/LoRaMac.c.obj
                0x0000000008005258                LoRaMacMcChannelDelete
 .text.LoRaMacMcChannelSetupRxParams
                0x00000000080052c0       0xd0 ../../mac/CMakeFiles/mac.dir/LoRaMac.c.obj
                0x00000000080052c0                LoRaMacMcChannelSetupRxParams
 .text.LoRaMacMlmeRequest
                0x0000000008005390      0x188 ../../mac/CMakeFiles/mac.dir/LoRaMac.c.obj
                0x0000000008005390                LoRaMacMlmeRequest
 .text.LoRaMacMcpsRequest
                0x0000000008005518      0x164 ../../mac/CMakeFiles/mac.dir/LoRaMac.c.obj
                0x0000000008005518                LoRaMacMcpsRequest
 .text.LoRaMacTestSetDutyCycleOn
                0x000000000800567c       0x2c ../../mac/CMakeFiles/mac.dir/LoRaMac.c.obj
                0x000000000800567c                LoRaMacTestSetDutyCycleOn
 .text.LoRaMacAdrCalcNext
                0x00000000080056a8       0xc8 ../../mac/CMakeFiles/mac.dir/LoRaMacAdr.c.obj
                0x00000000080056a8                LoRaMacAdrCalcNext
 .text.NvmContextChange
                0x0000000008005770       0x14 ../../mac/CMakeFiles/mac.dir/LoRaMacClassB.c.obj
 .text.LoRaMacClassBPingSlotTimerEvent
                0x0000000008005784       0x24 ../../mac/CMakeFiles/mac.dir/LoRaMacClassB.c.obj
                0x0000000008005784                LoRaMacClassBPingSlotTimerEvent
 .text.LoRaMacClassBMulticastSlotTimerEvent
                0x00000000080057a8       0x24 ../../mac/CMakeFiles/mac.dir/LoRaMacClassB.c.obj
                0x00000000080057a8                LoRaMacClassBMulticastSlotTimerEvent
 .text.CalcDownlinkFrequency
                0x00000000080057cc       0x28 ../../mac/CMakeFiles/mac.dir/LoRaMacClassB.c.obj
 .text.LoRaMacClassBBeaconTimerEvent
                0x00000000080057f4       0x34 ../../mac/CMakeFiles/mac.dir/LoRaMacClassB.c.obj
                0x00000000080057f4                LoRaMacClassBBeaconTimerEvent
 .text.CalcNextSlotTime
                0x0000000008005828       0x90 ../../mac/CMakeFiles/mac.dir/LoRaMacClassB.c.obj
 .text.ComputePingOffset
                0x00000000080058b8       0x62 ../../mac/CMakeFiles/mac.dir/LoRaMacClassB.c.obj
 *fill*         0x000000000800591a        0x2 
 .text.BeaconCrc
                0x000000000800591c       0x40 ../../mac/CMakeFiles/mac.dir/LoRaMacClassB.c.obj
 .text.CalculateBeaconRxWindowConfig
                0x000000000800595c       0x48 ../../mac/CMakeFiles/mac.dir/LoRaMacClassB.c.obj
 .text.CalcDownlinkChannelAndFrequency.constprop.6
                0x00000000080059a4       0x68 ../../mac/CMakeFiles/mac.dir/LoRaMacClassB.c.obj
 .text.RxBeaconSetup
                0x0000000008005a0c       0x80 ../../mac/CMakeFiles/mac.dir/LoRaMacClassB.c.obj
 .text.InitClassB
                0x0000000008005a8c       0x80 ../../mac/CMakeFiles/mac.dir/LoRaMacClassB.c.obj
 .text.InitClassBDefaults
                0x0000000008005b0c       0x4c ../../mac/CMakeFiles/mac.dir/LoRaMacClassB.c.obj
 .text.LoRaMacClassBInit
                0x0000000008005b58       0x68 ../../mac/CMakeFiles/mac.dir/LoRaMacClassB.c.obj
                0x0000000008005b58                LoRaMacClassBInit
 .text.LoRaMacClassBRestoreNvmCtx
                0x0000000008005bc0       0x1c ../../mac/CMakeFiles/mac.dir/LoRaMacClassB.c.obj
                0x0000000008005bc0                LoRaMacClassBRestoreNvmCtx
 .text.LoRaMacClassBGetNvmCtx
                0x0000000008005bdc        0xc ../../mac/CMakeFiles/mac.dir/LoRaMacClassB.c.obj
                0x0000000008005bdc                LoRaMacClassBGetNvmCtx
 .text.LoRaMacClassBSetPingSlotState
                0x0000000008005be8        0xc ../../mac/CMakeFiles/mac.dir/LoRaMacClassB.c.obj
                0x0000000008005be8                LoRaMacClassBSetPingSlotState
 .text.LoRaMacClassBSetMulticastSlotState
                0x0000000008005bf4        0xc ../../mac/CMakeFiles/mac.dir/LoRaMacClassB.c.obj
                0x0000000008005bf4                LoRaMacClassBSetMulticastSlotState
 .text.LoRaMacClassBRxBeacon
                0x0000000008005c00      0x1c0 ../../mac/CMakeFiles/mac.dir/LoRaMacClassB.c.obj
                0x0000000008005c00                LoRaMacClassBRxBeacon
 .text.LoRaMacClassBIsBeaconExpected
                0x0000000008005dc0       0x1c ../../mac/CMakeFiles/mac.dir/LoRaMacClassB.c.obj
                0x0000000008005dc0                LoRaMacClassBIsBeaconExpected
 .text.LoRaMacClassBIsPingExpected
                0x0000000008005ddc       0x14 ../../mac/CMakeFiles/mac.dir/LoRaMacClassB.c.obj
                0x0000000008005ddc                LoRaMacClassBIsPingExpected
 .text.LoRaMacClassBIsMulticastExpected
                0x0000000008005df0       0x14 ../../mac/CMakeFiles/mac.dir/LoRaMacClassB.c.obj
                0x0000000008005df0                LoRaMacClassBIsMulticastExpected
 .text.LoRaMacClassBIsAcquisitionPending
                0x0000000008005e04       0x10 ../../mac/CMakeFiles/mac.dir/LoRaMacClassB.c.obj
                0x0000000008005e04                LoRaMacClassBIsAcquisitionPending
 .text.LoRaMacClassBSetBeaconState
                0x0000000008005e14       0x30 ../../mac/CMakeFiles/mac.dir/LoRaMacClassB.c.obj
                0x0000000008005e14                LoRaMacClassBSetBeaconState
 .text.LoRaMacClassBIsAcquisitionInProgress
                0x0000000008005e44       0x18 ../../mac/CMakeFiles/mac.dir/LoRaMacClassB.c.obj
                0x0000000008005e44                LoRaMacClassBIsAcquisitionInProgress
 .text.LoRaMacClassBIsBeaconModeActive
                0x0000000008005e5c       0x1c ../../mac/CMakeFiles/mac.dir/LoRaMacClassB.c.obj
                0x0000000008005e5c                LoRaMacClassBIsBeaconModeActive
 .text.LoRaMacClassBSetPingSlotInfo
                0x0000000008005e78       0x24 ../../mac/CMakeFiles/mac.dir/LoRaMacClassB.c.obj
                0x0000000008005e78                LoRaMacClassBSetPingSlotInfo
 .text.LoRaMacClassBResumeBeaconing
                0x0000000008005e9c       0x30 ../../mac/CMakeFiles/mac.dir/LoRaMacClassB.c.obj
                0x0000000008005e9c                LoRaMacClassBResumeBeaconing
 .text.LoRaMacClassBMibGetRequestConfirm
                0x0000000008005ecc       0x18 ../../mac/CMakeFiles/mac.dir/LoRaMacClassB.c.obj
                0x0000000008005ecc                LoRaMacClassBMibGetRequestConfirm
 .text.LoRaMacMibClassBSetRequestConfirm
                0x0000000008005ee4       0x20 ../../mac/CMakeFiles/mac.dir/LoRaMacClassB.c.obj
                0x0000000008005ee4                LoRaMacMibClassBSetRequestConfirm
 .text.LoRaMacClassBPingSlotInfoAns
                0x0000000008005f04       0x2c ../../mac/CMakeFiles/mac.dir/LoRaMacClassB.c.obj
                0x0000000008005f04                LoRaMacClassBPingSlotInfoAns
 .text.LoRaMacClassBPingSlotChannelReq
                0x0000000008005f30       0x90 ../../mac/CMakeFiles/mac.dir/LoRaMacClassB.c.obj
                0x0000000008005f30                LoRaMacClassBPingSlotChannelReq
 .text.LoRaMacClassBBeaconTimingAns
                0x0000000008005fc0       0x6c ../../mac/CMakeFiles/mac.dir/LoRaMacClassB.c.obj
                0x0000000008005fc0                LoRaMacClassBBeaconTimingAns
 .text.LoRaMacClassBDeviceTimeAns
                0x000000000800602c       0xa8 ../../mac/CMakeFiles/mac.dir/LoRaMacClassB.c.obj
                0x000000000800602c                LoRaMacClassBDeviceTimeAns
 .text.LoRaMacClassBBeaconFreqReq
                0x00000000080060d4       0x48 ../../mac/CMakeFiles/mac.dir/LoRaMacClassB.c.obj
                0x00000000080060d4                LoRaMacClassBBeaconFreqReq
 .text.LoRaMacClassBIsUplinkCollision
                0x000000000800611c       0x50 ../../mac/CMakeFiles/mac.dir/LoRaMacClassB.c.obj
                0x000000000800611c                LoRaMacClassBIsUplinkCollision
 .text.LoRaMacClassBStopRxSlots
                0x000000000800616c       0x34 ../../mac/CMakeFiles/mac.dir/LoRaMacClassB.c.obj
                0x000000000800616c                LoRaMacClassBStopRxSlots
 .text.LoRaMacClassBHaltBeaconing
                0x00000000080061a0       0x54 ../../mac/CMakeFiles/mac.dir/LoRaMacClassB.c.obj
                0x00000000080061a0                LoRaMacClassBHaltBeaconing
 .text.LoRaMacClassBSwitchClass
                0x00000000080061f4       0x38 ../../mac/CMakeFiles/mac.dir/LoRaMacClassB.c.obj
                0x00000000080061f4                LoRaMacClassBSwitchClass
 .text.LoRaMacClassBStartRxSlots
                0x000000000800622c       0x4c ../../mac/CMakeFiles/mac.dir/LoRaMacClassB.c.obj
                0x000000000800622c                LoRaMacClassBStartRxSlots
 .text.UpdateBeaconState
                0x0000000008006278       0x98 ../../mac/CMakeFiles/mac.dir/LoRaMacClassB.c.obj
 .text.LoRaMacClassBSetMulticastPeriodicity
                0x0000000008006310       0x1e ../../mac/CMakeFiles/mac.dir/LoRaMacClassB.c.obj
                0x0000000008006310                LoRaMacClassBSetMulticastPeriodicity
 *fill*         0x000000000800632e        0x2 
 .text.LoRaMacClassBProcess
                0x0000000008006330      0x57c ../../mac/CMakeFiles/mac.dir/LoRaMacClassB.c.obj
                0x0000000008006330                LoRaMacClassBProcess
 .text.NvmCtxCallback
                0x00000000080068ac       0x14 ../../mac/CMakeFiles/mac.dir/LoRaMacCommands.c.obj
 .text.LoRaMacCommandsInit
                0x00000000080068c0       0x24 ../../mac/CMakeFiles/mac.dir/LoRaMacCommands.c.obj
                0x00000000080068c0                LoRaMacCommandsInit
 .text.LoRaMacCommandsRestoreNvmCtx
                0x00000000080068e4       0x1c ../../mac/CMakeFiles/mac.dir/LoRaMacCommands.c.obj
                0x00000000080068e4                LoRaMacCommandsRestoreNvmCtx
 .text.LoRaMacCommandsGetNvmCtx
                0x0000000008006900        0xc ../../mac/CMakeFiles/mac.dir/LoRaMacCommands.c.obj
                0x0000000008006900                LoRaMacCommandsGetNvmCtx
 .text.LoRaMacCommandsAddCmd
                0x000000000800690c       0x9c ../../mac/CMakeFiles/mac.dir/LoRaMacCommands.c.obj
                0x000000000800690c                LoRaMacCommandsAddCmd
 .text.LoRaMacCommandsRemoveCmd
                0x00000000080069a8       0x58 ../../mac/CMakeFiles/mac.dir/LoRaMacCommands.c.obj
                0x00000000080069a8                LoRaMacCommandsRemoveCmd
 .text.LoRaMacCommandsRemoveNoneStickyCmds
                0x0000000008006a00       0x20 ../../mac/CMakeFiles/mac.dir/LoRaMacCommands.c.obj
                0x0000000008006a00                LoRaMacCommandsRemoveNoneStickyCmds
 .text.LoRaMacCommandsRemoveStickyAnsCmds
                0x0000000008006a20       0x30 ../../mac/CMakeFiles/mac.dir/LoRaMacCommands.c.obj
                0x0000000008006a20                LoRaMacCommandsRemoveStickyAnsCmds
 .text.LoRaMacCommandsGetSizeSerializedCmds
                0x0000000008006a50       0x18 ../../mac/CMakeFiles/mac.dir/LoRaMacCommands.c.obj
                0x0000000008006a50                LoRaMacCommandsGetSizeSerializedCmds
 .text.LoRaMacCommandsSerializeCmds
                0x0000000008006a68       0x64 ../../mac/CMakeFiles/mac.dir/LoRaMacCommands.c.obj
                0x0000000008006a68                LoRaMacCommandsSerializeCmds
 .text.LoRaMacCommandsStickyCmdsPending
                0x0000000008006acc       0x2c ../../mac/CMakeFiles/mac.dir/LoRaMacCommands.c.obj
                0x0000000008006acc                LoRaMacCommandsStickyCmdsPending
 .text.LoRaMacCommandsGetCmdSize
                0x0000000008006af8       0x14 ../../mac/CMakeFiles/mac.dir/LoRaMacCommands.c.obj
                0x0000000008006af8                LoRaMacCommandsGetCmdSize
 .text.GetElement.isra.0
                0x0000000008006b0c       0x38 ../../mac/CMakeFiles/mac.dir/LoRaMacConfirmQueue.c.obj
 .text.LoRaMacConfirmQueueInit
                0x0000000008006b44       0x30 ../../mac/CMakeFiles/mac.dir/LoRaMacConfirmQueue.c.obj
                0x0000000008006b44                LoRaMacConfirmQueueInit
 .text.LoRaMacConfirmQueueRestoreNvmCtx
                0x0000000008006b74       0x1c ../../mac/CMakeFiles/mac.dir/LoRaMacConfirmQueue.c.obj
                0x0000000008006b74                LoRaMacConfirmQueueRestoreNvmCtx
 .text.LoRaMacConfirmQueueGetNvmCtx
                0x0000000008006b90        0xc ../../mac/CMakeFiles/mac.dir/LoRaMacConfirmQueue.c.obj
                0x0000000008006b90                LoRaMacConfirmQueueGetNvmCtx
 .text.LoRaMacConfirmQueueAdd
                0x0000000008006b9c       0x3c ../../mac/CMakeFiles/mac.dir/LoRaMacConfirmQueue.c.obj
                0x0000000008006b9c                LoRaMacConfirmQueueAdd
 .text.LoRaMacConfirmQueueRemoveFirst
                0x0000000008006bd8       0x2c ../../mac/CMakeFiles/mac.dir/LoRaMacConfirmQueue.c.obj
                0x0000000008006bd8                LoRaMacConfirmQueueRemoveFirst
 .text.LoRaMacConfirmQueueSetStatus
                0x0000000008006c04       0x28 ../../mac/CMakeFiles/mac.dir/LoRaMacConfirmQueue.c.obj
                0x0000000008006c04                LoRaMacConfirmQueueSetStatus
 .text.LoRaMacConfirmQueueGetStatus
                0x0000000008006c2c       0x24 ../../mac/CMakeFiles/mac.dir/LoRaMacConfirmQueue.c.obj
                0x0000000008006c2c                LoRaMacConfirmQueueGetStatus
 .text.LoRaMacConfirmQueueSetStatusCmn
                0x0000000008006c50       0x38 ../../mac/CMakeFiles/mac.dir/LoRaMacConfirmQueue.c.obj
                0x0000000008006c50                LoRaMacConfirmQueueSetStatusCmn
 .text.LoRaMacConfirmQueueIsCmdActive
                0x0000000008006c88       0x18 ../../mac/CMakeFiles/mac.dir/LoRaMacConfirmQueue.c.obj
                0x0000000008006c88                LoRaMacConfirmQueueIsCmdActive
 .text.LoRaMacConfirmQueueHandleCb
                0x0000000008006ca0       0x58 ../../mac/CMakeFiles/mac.dir/LoRaMacConfirmQueue.c.obj
                0x0000000008006ca0                LoRaMacConfirmQueueHandleCb
 .text.LoRaMacConfirmQueueGetCnt
                0x0000000008006cf8        0xc ../../mac/CMakeFiles/mac.dir/LoRaMacConfirmQueue.c.obj
                0x0000000008006cf8                LoRaMacConfirmQueueGetCnt
 .text.LoRaMacConfirmQueueIsFull
                0x0000000008006d04       0x14 ../../mac/CMakeFiles/mac.dir/LoRaMacConfirmQueue.c.obj
                0x0000000008006d04                LoRaMacConfirmQueueIsFull
 .text.GetLastFcntDown
                0x0000000008006d18       0x54 ../../mac/CMakeFiles/mac.dir/LoRaMacCrypto.c.obj
 .text.DummyCB  0x0000000008006d6c        0x2 ../../mac/CMakeFiles/mac.dir/LoRaMacCrypto.c.obj
 .text.DeriveSessionKey10x
                0x0000000008006d6e       0x56 ../../mac/CMakeFiles/mac.dir/LoRaMacCrypto.c.obj
 .text.PayloadEncrypt
                0x0000000008006dc4       0xb0 ../../mac/CMakeFiles/mac.dir/LoRaMacCrypto.c.obj
 .text.LoRaMacCryptoDeriveMcRootKey.part.1
                0x0000000008006e74       0x30 ../../mac/CMakeFiles/mac.dir/LoRaMacCrypto.c.obj
 .text.LoRaMacCryptoDeriveMcKEKey.part.2
                0x0000000008006ea4       0x24 ../../mac/CMakeFiles/mac.dir/LoRaMacCrypto.c.obj
 .text.VerifyCmacB0.constprop.3
                0x0000000008006ec8       0xac ../../mac/CMakeFiles/mac.dir/LoRaMacCrypto.c.obj
 .text.LoRaMacCryptoInit
                0x0000000008006f74       0x54 ../../mac/CMakeFiles/mac.dir/LoRaMacCrypto.c.obj
                0x0000000008006f74                LoRaMacCryptoInit
 .text.LoRaMacCryptoSetLrWanVersion
                0x0000000008006fc8       0x10 ../../mac/CMakeFiles/mac.dir/LoRaMacCrypto.c.obj
                0x0000000008006fc8                LoRaMacCryptoSetLrWanVersion
 .text.LoRaMacCryptoRestoreNvmCtx
                0x0000000008006fd8       0x1c ../../mac/CMakeFiles/mac.dir/LoRaMacCrypto.c.obj
                0x0000000008006fd8                LoRaMacCryptoRestoreNvmCtx
 .text.LoRaMacCryptoGetNvmCtx
                0x0000000008006ff4        0xc ../../mac/CMakeFiles/mac.dir/LoRaMacCrypto.c.obj
                0x0000000008006ff4                LoRaMacCryptoGetNvmCtx
 .text.LoRaMacCryptoGetFCntUp
                0x0000000008007000       0x1c ../../mac/CMakeFiles/mac.dir/LoRaMacCrypto.c.obj
                0x0000000008007000                LoRaMacCryptoGetFCntUp
 .text.LoRaMacCryptoGetFCntDown
                0x000000000800701c       0x7c ../../mac/CMakeFiles/mac.dir/LoRaMacCrypto.c.obj
                0x000000000800701c                LoRaMacCryptoGetFCntDown
 .text.LoRaMacCryptoSetMulticastReference
                0x0000000008007098       0x28 ../../mac/CMakeFiles/mac.dir/LoRaMacCrypto.c.obj
                0x0000000008007098                LoRaMacCryptoSetMulticastReference
 .text.LoRaMacCryptoSetKey
                0x00000000080070c0       0x34 ../../mac/CMakeFiles/mac.dir/LoRaMacCrypto.c.obj
                0x00000000080070c0                LoRaMacCryptoSetKey
 .text.LoRaMacCryptoPrepareJoinRequest
                0x00000000080070f4       0x60 ../../mac/CMakeFiles/mac.dir/LoRaMacCrypto.c.obj
                0x00000000080070f4                LoRaMacCryptoPrepareJoinRequest
 .text.LoRaMacCryptoHandleJoinAccept
                0x0000000008007154      0x104 ../../mac/CMakeFiles/mac.dir/LoRaMacCrypto.c.obj
                0x0000000008007154                LoRaMacCryptoHandleJoinAccept
 .text.LoRaMacCryptoSecureMessage
                0x0000000008007258       0xcc ../../mac/CMakeFiles/mac.dir/LoRaMacCrypto.c.obj
                0x0000000008007258                LoRaMacCryptoSecureMessage
 .text.LoRaMacCryptoUnsecureMessage
                0x0000000008007324       0xfc ../../mac/CMakeFiles/mac.dir/LoRaMacCrypto.c.obj
                0x0000000008007324                LoRaMacCryptoUnsecureMessage
 .text.LoRaMacCryptoDeriveMcSessionKeyPair
                0x0000000008007420       0x90 ../../mac/CMakeFiles/mac.dir/LoRaMacCrypto.c.obj
                0x0000000008007420                LoRaMacCryptoDeriveMcSessionKeyPair
 .text.LoRaMacParserJoinAccept
                0x00000000080074b0       0x98 ../../mac/CMakeFiles/mac.dir/LoRaMacParser.c.obj
                0x00000000080074b0                LoRaMacParserJoinAccept
 .text.LoRaMacParserData
                0x0000000008007548       0xb6 ../../mac/CMakeFiles/mac.dir/LoRaMacParser.c.obj
                0x0000000008007548                LoRaMacParserData
 .text.LoRaMacSerializerJoinRequest
                0x00000000080075fe       0x6a ../../mac/CMakeFiles/mac.dir/LoRaMacSerializer.c.obj
                0x00000000080075fe                LoRaMacSerializerJoinRequest
 .text.LoRaMacSerializerData
                0x0000000008007668       0xde ../../mac/CMakeFiles/mac.dir/LoRaMacSerializer.c.obj
                0x0000000008007668                LoRaMacSerializerData
 .text.RegionIsActive
                0x0000000008007746        0x8 ../../mac/CMakeFiles/mac.dir/region/Region.c.obj
                0x0000000008007746                RegionIsActive
 .text.RegionGetPhyParam
                0x000000000800774e       0x18 ../../mac/CMakeFiles/mac.dir/region/Region.c.obj
                0x000000000800774e                RegionGetPhyParam
 .text.RegionSetBandTxDone
                0x0000000008007766        0xe ../../mac/CMakeFiles/mac.dir/region/Region.c.obj
                0x0000000008007766                RegionSetBandTxDone
 .text.RegionInitDefaults
                0x0000000008007774        0xe ../../mac/CMakeFiles/mac.dir/region/Region.c.obj
                0x0000000008007774                RegionInitDefaults
 .text.RegionGetNvmCtx
                0x0000000008007782       0x12 ../../mac/CMakeFiles/mac.dir/region/Region.c.obj
                0x0000000008007782                RegionGetNvmCtx
 .text.RegionVerify
                0x0000000008007794       0x16 ../../mac/CMakeFiles/mac.dir/region/Region.c.obj
                0x0000000008007794                RegionVerify
 .text.RegionApplyCFList
                0x00000000080077aa        0xe ../../mac/CMakeFiles/mac.dir/region/Region.c.obj
                0x00000000080077aa                RegionApplyCFList
 .text.RegionChanMaskSet
                0x00000000080077b8       0x12 ../../mac/CMakeFiles/mac.dir/region/Region.c.obj
                0x00000000080077b8                RegionChanMaskSet
 .text.RegionComputeRxWindowParameters
                0x00000000080077ca       0x16 ../../mac/CMakeFiles/mac.dir/region/Region.c.obj
                0x00000000080077ca                RegionComputeRxWindowParameters
 .text.RegionRxConfig
                0x00000000080077e0       0x16 ../../mac/CMakeFiles/mac.dir/region/Region.c.obj
                0x00000000080077e0                RegionRxConfig
 .text.RegionTxConfig
                0x00000000080077f6       0x18 ../../mac/CMakeFiles/mac.dir/region/Region.c.obj
                0x00000000080077f6                RegionTxConfig
 .text.RegionLinkAdrReq
                0x000000000800780e       0x1e ../../mac/CMakeFiles/mac.dir/region/Region.c.obj
                0x000000000800780e                RegionLinkAdrReq
 .text.RegionRxParamSetupReq
                0x000000000800782c       0x12 ../../mac/CMakeFiles/mac.dir/region/Region.c.obj
                0x000000000800782c                RegionRxParamSetupReq
 .text.RegionNewChannelReq
                0x000000000800783e       0x12 ../../mac/CMakeFiles/mac.dir/region/Region.c.obj
                0x000000000800783e                RegionNewChannelReq
 .text.RegionTxParamSetupReq
                0x0000000008007850       0x12 ../../mac/CMakeFiles/mac.dir/region/Region.c.obj
                0x0000000008007850                RegionTxParamSetupReq
 .text.RegionDlChannelReq
                0x0000000008007862       0x12 ../../mac/CMakeFiles/mac.dir/region/Region.c.obj
                0x0000000008007862                RegionDlChannelReq
 .text.RegionAlternateDr
                0x0000000008007874       0x16 ../../mac/CMakeFiles/mac.dir/region/Region.c.obj
                0x0000000008007874                RegionAlternateDr
 .text.RegionNextChannel
                0x000000000800788a       0x1a ../../mac/CMakeFiles/mac.dir/region/Region.c.obj
                0x000000000800788a                RegionNextChannel
 .text.RegionSetContinuousWave
                0x00000000080078a4        0xe ../../mac/CMakeFiles/mac.dir/region/Region.c.obj
                0x00000000080078a4                RegionSetContinuousWave
 .text.RegionApplyDrOffset
                0x00000000080078b2       0x18 ../../mac/CMakeFiles/mac.dir/region/Region.c.obj
                0x00000000080078b2                RegionApplyDrOffset
 .text.RegionRxBeaconSetup
                0x00000000080078ca       0x12 ../../mac/CMakeFiles/mac.dir/region/Region.c.obj
                0x00000000080078ca                RegionRxBeaconSetup
 .text.RegionGetVersion
                0x00000000080078dc        0x8 ../../mac/CMakeFiles/mac.dir/region/Region.c.obj
                0x00000000080078dc                RegionGetVersion
 .text.GetTimeOnAir
                0x00000000080078e4       0x3c ../../mac/CMakeFiles/mac.dir/region/RegionAU915.c.obj
 .text.VerifyRfFreq
                0x0000000008007920       0x3c ../../mac/CMakeFiles/mac.dir/region/RegionAU915.c.obj
 .text.RegionAU915GetPhyParam
                0x000000000800795c      0x168 ../../mac/CMakeFiles/mac.dir/region/RegionAU915.c.obj
                0x000000000800795c                RegionAU915GetPhyParam
 .text.RegionAU915SetBandTxDone
                0x0000000008007ac4       0x30 ../../mac/CMakeFiles/mac.dir/region/RegionAU915.c.obj
                0x0000000008007ac4                RegionAU915SetBandTxDone
 .text.RegionAU915InitDefaults
                0x0000000008007af4      0x10c ../../mac/CMakeFiles/mac.dir/region/RegionAU915.c.obj
                0x0000000008007af4                RegionAU915InitDefaults
 .text.RegionAU915GetNvmCtx
                0x0000000008007c00       0x10 ../../mac/CMakeFiles/mac.dir/region/RegionAU915.c.obj
                0x0000000008007c00                RegionAU915GetNvmCtx
 .text.RegionAU915Verify
                0x0000000008007c10       0x5a ../../mac/CMakeFiles/mac.dir/region/RegionAU915.c.obj
                0x0000000008007c10                RegionAU915Verify
 *fill*         0x0000000008007c6a        0x2 
 .text.RegionAU915ApplyCFList
                0x0000000008007c6c       0x50 ../../mac/CMakeFiles/mac.dir/region/RegionAU915.c.obj
                0x0000000008007c6c                RegionAU915ApplyCFList
 .text.RegionAU915ChanMaskSet
                0x0000000008007cbc       0x64 ../../mac/CMakeFiles/mac.dir/region/RegionAU915.c.obj
                0x0000000008007cbc                RegionAU915ChanMaskSet
 .text.RegionAU915ComputeRxWindowParameters
                0x0000000008007d20       0x60 ../../mac/CMakeFiles/mac.dir/region/RegionAU915.c.obj
                0x0000000008007d20                RegionAU915ComputeRxWindowParameters
 .text.RegionAU915RxConfig
                0x0000000008007d80       0xa0 ../../mac/CMakeFiles/mac.dir/region/RegionAU915.c.obj
                0x0000000008007d80                RegionAU915RxConfig
 .text.RegionAU915TxConfig
                0x0000000008007e20       0xb8 ../../mac/CMakeFiles/mac.dir/region/RegionAU915.c.obj
                0x0000000008007e20                RegionAU915TxConfig
 .text.RegionAU915LinkAdrReq
                0x0000000008007ed8      0x1fc ../../mac/CMakeFiles/mac.dir/region/RegionAU915.c.obj
                0x0000000008007ed8                RegionAU915LinkAdrReq
 .text.RegionAU915RxParamSetupReq
                0x00000000080080d4       0x4e ../../mac/CMakeFiles/mac.dir/region/RegionAU915.c.obj
                0x00000000080080d4                RegionAU915RxParamSetupReq
 .text.RegionAU915NewChannelReq
                0x0000000008008122        0x6 ../../mac/CMakeFiles/mac.dir/region/RegionAU915.c.obj
                0x0000000008008122                RegionAU915NewChannelReq
 .text.RegionAU915TxParamSetupReq
                0x0000000008008128        0x4 ../../mac/CMakeFiles/mac.dir/region/RegionAU915.c.obj
                0x0000000008008128                RegionAU915TxParamSetupReq
 .text.RegionAU915DlChannelReq
                0x000000000800812c        0x6 ../../mac/CMakeFiles/mac.dir/region/RegionAU915.c.obj
                0x000000000800812c                RegionAU915DlChannelReq
 *fill*         0x0000000008008132        0x2 
 .text.RegionAU915AlternateDr
                0x0000000008008134       0x30 ../../mac/CMakeFiles/mac.dir/region/RegionAU915.c.obj
                0x0000000008008134                RegionAU915AlternateDr
 .text.RegionAU915NextChannel
                0x0000000008008164      0x13c ../../mac/CMakeFiles/mac.dir/region/RegionAU915.c.obj
                0x0000000008008164                RegionAU915NextChannel
 .text.RegionAU915SetContinuousWave
                0x00000000080082a0       0x50 ../../mac/CMakeFiles/mac.dir/region/RegionAU915.c.obj
                0x00000000080082a0                RegionAU915SetContinuousWave
 .text.RegionAU915ApplyDrOffset
                0x00000000080082f0       0x1c ../../mac/CMakeFiles/mac.dir/region/RegionAU915.c.obj
                0x00000000080082f0                RegionAU915ApplyDrOffset
 .text.RegionAU915RxBeaconSetup
                0x000000000800830c       0x38 ../../mac/CMakeFiles/mac.dir/region/RegionAU915.c.obj
                0x000000000800830c                RegionAU915RxBeaconSetup
 .text.RegionBaseUSComputeNext125kHzJoinChannel
                0x0000000008008344       0x90 ../../mac/CMakeFiles/mac.dir/region/RegionBaseUS.c.obj
                0x0000000008008344                RegionBaseUSComputeNext125kHzJoinChannel
 .text.RegionBaseUSCalcDownlinkFrequency
                0x00000000080083d4        0x6 ../../mac/CMakeFiles/mac.dir/region/RegionBaseUS.c.obj
                0x00000000080083d4                RegionBaseUSCalcDownlinkFrequency
 .text.RegionCommonChanVerifyDr
                0x00000000080083da       0x6e ../../mac/CMakeFiles/mac.dir/region/RegionCommon.c.obj
                0x00000000080083da                RegionCommonChanVerifyDr
 .text.RegionCommonValueInRange
                0x0000000008008448       0x14 ../../mac/CMakeFiles/mac.dir/region/RegionCommon.c.obj
                0x0000000008008448                RegionCommonValueInRange
 .text.RegionCommonChanDisable
                0x000000000800845c       0x2a ../../mac/CMakeFiles/mac.dir/region/RegionCommon.c.obj
                0x000000000800845c                RegionCommonChanDisable
 .text.RegionCommonCountChannels
                0x0000000008008486       0x40 ../../mac/CMakeFiles/mac.dir/region/RegionCommon.c.obj
                0x0000000008008486                RegionCommonCountChannels
 .text.RegionCommonChanMaskCopy
                0x00000000080084c6       0x1c ../../mac/CMakeFiles/mac.dir/region/RegionCommon.c.obj
                0x00000000080084c6                RegionCommonChanMaskCopy
 *fill*         0x00000000080084e2        0x2 
 .text.RegionCommonSetBandTxDone
                0x00000000080084e4       0x5c ../../mac/CMakeFiles/mac.dir/region/RegionCommon.c.obj
                0x00000000080084e4                RegionCommonSetBandTxDone
 .text.RegionCommonUpdateBandTimeOff
                0x0000000008008540      0x200 ../../mac/CMakeFiles/mac.dir/region/RegionCommon.c.obj
                0x0000000008008540                RegionCommonUpdateBandTimeOff
 .text.RegionCommonParseLinkAdrReq
                0x0000000008008740       0x36 ../../mac/CMakeFiles/mac.dir/region/RegionCommon.c.obj
                0x0000000008008740                RegionCommonParseLinkAdrReq
 .text.RegionCommonLinkAdrReqVerifyParams
                0x0000000008008776       0x8c ../../mac/CMakeFiles/mac.dir/region/RegionCommon.c.obj
                0x0000000008008776                RegionCommonLinkAdrReqVerifyParams
 *fill*         0x0000000008008802        0x2 
 .text.RegionCommonComputeSymbolTimeLoRa
                0x0000000008008804       0x14 ../../mac/CMakeFiles/mac.dir/region/RegionCommon.c.obj
                0x0000000008008804                RegionCommonComputeSymbolTimeLoRa
 .text.RegionCommonComputeRxWindowParameters
                0x0000000008008818       0x5c ../../mac/CMakeFiles/mac.dir/region/RegionCommon.c.obj
                0x0000000008008818                RegionCommonComputeRxWindowParameters
 .text.RegionCommonComputeTxPower
                0x0000000008008874       0x2a ../../mac/CMakeFiles/mac.dir/region/RegionCommon.c.obj
                0x0000000008008874                RegionCommonComputeTxPower
 *fill*         0x000000000800889e        0x2 
 .text.RegionCommonRxBeaconSetup
                0x00000000080088a0       0x5c ../../mac/CMakeFiles/mac.dir/region/RegionCommon.c.obj
                0x00000000080088a0                RegionCommonRxBeaconSetup
 .text.RegionCommonCountNbOfEnabledChannels
                0x00000000080088fc       0xb4 ../../mac/CMakeFiles/mac.dir/region/RegionCommon.c.obj
                0x00000000080088fc                RegionCommonCountNbOfEnabledChannels
 .text.RegionCommonIdentifyChannels
                0x00000000080089b0       0x84 ../../mac/CMakeFiles/mac.dir/region/RegionCommon.c.obj
                0x00000000080089b0                RegionCommonIdentifyChannels
 .text.RegionCommonGetNextLowerTxDr
                0x0000000008008a34       0x36 ../../mac/CMakeFiles/mac.dir/region/RegionCommon.c.obj
                0x0000000008008a34                RegionCommonGetNextLowerTxDr
 .text.RegionCommonLimitTxPower
                0x0000000008008a6a        0xc ../../mac/CMakeFiles/mac.dir/region/RegionCommon.c.obj
                0x0000000008008a6a                RegionCommonLimitTxPower
 *fill*         0x0000000008008a76        0x2 
 .text.RegionCommonGetBandwidth
                0x0000000008008a78       0x20 ../../mac/CMakeFiles/mac.dir/region/RegionCommon.c.obj
                0x0000000008008a78                RegionCommonGetBandwidth
 .text.DelayMs  0x0000000008008a98        0x8 ../../system/CMakeFiles/system.dir/delay.c.obj
                0x0000000008008a98                DelayMs
 .text.FifoInit
                0x0000000008008aa0        0xa ../../system/CMakeFiles/system.dir/fifo.c.obj
                0x0000000008008aa0                FifoInit
 .text.FifoPush
                0x0000000008008aaa       0x18 ../../system/CMakeFiles/system.dir/fifo.c.obj
                0x0000000008008aaa                FifoPush
 .text.FifoPop  0x0000000008008ac2       0x16 ../../system/CMakeFiles/system.dir/fifo.c.obj
                0x0000000008008ac2                FifoPop
 .text.IsFifoEmpty
                0x0000000008008ad8        0xe ../../system/CMakeFiles/system.dir/fifo.c.obj
                0x0000000008008ad8                IsFifoEmpty
 .text.IsFifoFull
                0x0000000008008ae6       0x1c ../../system/CMakeFiles/system.dir/fifo.c.obj
                0x0000000008008ae6                IsFifoFull
 .text.GpioInit
                0x0000000008008b02       0x12 ../../system/CMakeFiles/system.dir/gpio.c.obj
                0x0000000008008b02                GpioInit
 .text.GpioSetInterrupt
                0x0000000008008b14        0x8 ../../system/CMakeFiles/system.dir/gpio.c.obj
                0x0000000008008b14                GpioSetInterrupt
 .text.GpioWrite
                0x0000000008008b1c        0x8 ../../system/CMakeFiles/system.dir/gpio.c.obj
                0x0000000008008b1c                GpioWrite
 .text.GpioToggle
                0x0000000008008b24        0x8 ../../system/CMakeFiles/system.dir/gpio.c.obj
                0x0000000008008b24                GpioToggle
 .text.GpioRead
                0x0000000008008b2c        0x8 ../../system/CMakeFiles/system.dir/gpio.c.obj
                0x0000000008008b2c                GpioRead
 .text.SysTimeAdd
                0x0000000008008b34       0x34 ../../system/CMakeFiles/system.dir/systime.c.obj
                0x0000000008008b34                SysTimeAdd
 .text.SysTimeSub
                0x0000000008008b68       0x2c ../../system/CMakeFiles/system.dir/systime.c.obj
                0x0000000008008b68                SysTimeSub
 .text.SysTimeSet
                0x0000000008008b94       0x3a ../../system/CMakeFiles/system.dir/systime.c.obj
                0x0000000008008b94                SysTimeSet
 *fill*         0x0000000008008bce        0x2 
 .text.SysTimeGet
                0x0000000008008bd0       0x50 ../../system/CMakeFiles/system.dir/systime.c.obj
                0x0000000008008bd0                SysTimeGet
 .text.SysTimeGetMcuTime
                0x0000000008008c20       0x1e ../../system/CMakeFiles/system.dir/systime.c.obj
                0x0000000008008c20                SysTimeGetMcuTime
 .text.SysTimeToMs
                0x0000000008008c3e       0x3a ../../system/CMakeFiles/system.dir/systime.c.obj
                0x0000000008008c3e                SysTimeToMs
 .text.SysTimeFromMs
                0x0000000008008c78       0x54 ../../system/CMakeFiles/system.dir/systime.c.obj
                0x0000000008008c78                SysTimeFromMs
 .text.TimerSetTimeout
                0x0000000008008ccc       0x2a ../../system/CMakeFiles/system.dir/timer.c.obj
 *fill*         0x0000000008008cf6        0x2 
 .text.TimerInsertNewHeadTimer
                0x0000000008008cf8       0x1c ../../system/CMakeFiles/system.dir/timer.c.obj
 .text.TimerInit
                0x0000000008008d14       0x12 ../../system/CMakeFiles/system.dir/timer.c.obj
                0x0000000008008d14                TimerInit
 *fill*         0x0000000008008d26        0x2 
 .text.TimerStart
                0x0000000008008d28       0x78 ../../system/CMakeFiles/system.dir/timer.c.obj
                0x0000000008008d28                TimerStart
 .text.TimerIrqHandler
                0x0000000008008da0       0x78 ../../system/CMakeFiles/system.dir/timer.c.obj
                0x0000000008008da0                TimerIrqHandler
 .text.TimerStop
                0x0000000008008e18       0x5c ../../system/CMakeFiles/system.dir/timer.c.obj
                0x0000000008008e18                TimerStop
 .text.TimerSetValue
                0x0000000008008e74       0x22 ../../system/CMakeFiles/system.dir/timer.c.obj
                0x0000000008008e74                TimerSetValue
 .text.TimerGetCurrentTime
                0x0000000008008e96        0xc ../../system/CMakeFiles/system.dir/timer.c.obj
                0x0000000008008e96                TimerGetCurrentTime
 .text.TimerGetElapsedTime
                0x0000000008008ea2       0x1e ../../system/CMakeFiles/system.dir/timer.c.obj
                0x0000000008008ea2                TimerGetElapsedTime
 .text.TimerTempCompensation
                0x0000000008008ec0        0x8 ../../system/CMakeFiles/system.dir/timer.c.obj
                0x0000000008008ec0                TimerTempCompensation
 .text.UartInit
                0x0000000008008ec8       0x12 ../../system/CMakeFiles/system.dir/uart.c.obj
                0x0000000008008ec8                UartInit
 .text.UartConfig
                0x0000000008008eda       0x1a ../../system/CMakeFiles/system.dir/uart.c.obj
                0x0000000008008eda                UartConfig
 .text.UartPutChar
                0x0000000008008ef4        0x8 ../../system/CMakeFiles/system.dir/uart.c.obj
                0x0000000008008ef4                UartPutChar
 .text.UartGetChar
                0x0000000008008efc        0x8 ../../system/CMakeFiles/system.dir/uart.c.obj
                0x0000000008008efc                UartGetChar
 .text.UartPutBuffer
                0x0000000008008f04        0x8 ../../system/CMakeFiles/system.dir/uart.c.obj
                0x0000000008008f04                UartPutBuffer
 .text.UartGetBuffer
                0x0000000008008f0c        0x8 ../../system/CMakeFiles/system.dir/uart.c.obj
                0x0000000008008f0c                UartGetBuffer
 .text.GetFskBandwidthRegValue
                0x0000000008008f14       0x28 ../../radio/CMakeFiles/radio.dir/sx1276/sx1276.c.obj
 .text.SX1276OnDio4Irq
                0x0000000008008f3c       0x20 ../../radio/CMakeFiles/radio.dir/sx1276/sx1276.c.obj
 .text.SX1276GetStatus
                0x0000000008008f5c        0xc ../../radio/CMakeFiles/radio.dir/sx1276/sx1276.c.obj
                0x0000000008008f5c                SX1276GetStatus
 .text.SX1276GetTimeOnAir
                0x0000000008008f68       0xec ../../radio/CMakeFiles/radio.dir/sx1276/sx1276.c.obj
                0x0000000008008f68                SX1276GetTimeOnAir
 .text.SX1276WriteBuffer
                0x0000000008009054       0x44 ../../radio/CMakeFiles/radio.dir/sx1276/sx1276.c.obj
                0x0000000008009054                SX1276WriteBuffer
 .text.SX1276Write
                0x0000000008009098       0x12 ../../radio/CMakeFiles/radio.dir/sx1276/sx1276.c.obj
                0x0000000008009098                SX1276Write
 *fill*         0x00000000080090aa        0x2 
 .text.SX1276SetChannel
                0x00000000080090ac       0x54 ../../radio/CMakeFiles/radio.dir/sx1276/sx1276.c.obj
                0x00000000080090ac                SX1276SetChannel
 .text.SX1276ReadBuffer
                0x0000000008009100       0x44 ../../radio/CMakeFiles/radio.dir/sx1276/sx1276.c.obj
                0x0000000008009100                SX1276ReadBuffer
 .text.SX1276Read
                0x0000000008009144       0x12 ../../radio/CMakeFiles/radio.dir/sx1276/sx1276.c.obj
                0x0000000008009144                SX1276Read
 *fill*         0x0000000008009156        0x2 
 .text.SX1276OnDio3Irq
                0x0000000008009158       0x54 ../../radio/CMakeFiles/radio.dir/sx1276/sx1276.c.obj
 .text.SX1276OnDio2Irq
                0x00000000080091ac       0xdc ../../radio/CMakeFiles/radio.dir/sx1276/sx1276.c.obj
 .text.RxChainCalibration
                0x0000000008009288       0x98 ../../radio/CMakeFiles/radio.dir/sx1276/sx1276.c.obj
 .text.SX1276SetOpMode
                0x0000000008009320       0x38 ../../radio/CMakeFiles/radio.dir/sx1276/sx1276.c.obj
 .text.SX1276SetSleep
                0x0000000008009358       0x3c ../../radio/CMakeFiles/radio.dir/sx1276/sx1276.c.obj
                0x0000000008009358                SX1276SetSleep
 .text.SX1276SetStby
                0x0000000008009394       0x34 ../../radio/CMakeFiles/radio.dir/sx1276/sx1276.c.obj
                0x0000000008009394                SX1276SetStby
 .text.SX1276Send
                0x00000000080093c8      0x1b0 ../../radio/CMakeFiles/radio.dir/sx1276/sx1276.c.obj
                0x00000000080093c8                SX1276Send
 .text.SX1276SetRx
                0x0000000008009578      0x240 ../../radio/CMakeFiles/radio.dir/sx1276/sx1276.c.obj
                0x0000000008009578                SX1276SetRx
 .text.SX1276StartCad
                0x00000000080097b8       0x38 ../../radio/CMakeFiles/radio.dir/sx1276/sx1276.c.obj
                0x00000000080097b8                SX1276StartCad
 .text.SX1276ReadRssi
                0x00000000080097f0       0x48 ../../radio/CMakeFiles/radio.dir/sx1276/sx1276.c.obj
                0x00000000080097f0                SX1276ReadRssi
 .text.SX1276SetModem
                0x0000000008009838       0x70 ../../radio/CMakeFiles/radio.dir/sx1276/sx1276.c.obj
                0x0000000008009838                SX1276SetModem
 .text.SX1276Init
                0x00000000080098a8       0x80 ../../radio/CMakeFiles/radio.dir/sx1276/sx1276.c.obj
                0x00000000080098a8                SX1276Init
 .text.SX1276IsChannelFree
                0x0000000008009928       0x66 ../../radio/CMakeFiles/radio.dir/sx1276/sx1276.c.obj
                0x0000000008009928                SX1276IsChannelFree
 .text.SX1276Random
                0x000000000800998e       0x3c ../../radio/CMakeFiles/radio.dir/sx1276/sx1276.c.obj
                0x000000000800998e                SX1276Random
 *fill*         0x00000000080099ca        0x2 
 .text.SX1276SetRxConfig
                0x00000000080099cc      0x2f0 ../../radio/CMakeFiles/radio.dir/sx1276/sx1276.c.obj
                0x00000000080099cc                SX1276SetRxConfig
 .text.SX1276SetTxConfig
                0x0000000008009cbc      0x298 ../../radio/CMakeFiles/radio.dir/sx1276/sx1276.c.obj
                0x0000000008009cbc                SX1276SetTxConfig
 .text.SX1276SetTxContinuousWave
                0x0000000008009f54       0x80 ../../radio/CMakeFiles/radio.dir/sx1276/sx1276.c.obj
                0x0000000008009f54                SX1276SetTxContinuousWave
 .text.SX1276OnDio1Irq
                0x0000000008009fd4      0x114 ../../radio/CMakeFiles/radio.dir/sx1276/sx1276.c.obj
 .text.SX1276OnDio0Irq
                0x000000000800a0e8      0x2a0 ../../radio/CMakeFiles/radio.dir/sx1276/sx1276.c.obj
 .text.SX1276SetMaxPayloadLength
                0x000000000800a388       0x34 ../../radio/CMakeFiles/radio.dir/sx1276/sx1276.c.obj
                0x000000000800a388                SX1276SetMaxPayloadLength
 .text.SX1276SetPublicNetwork
                0x000000000800a3bc       0x28 ../../radio/CMakeFiles/radio.dir/sx1276/sx1276.c.obj
                0x000000000800a3bc                SX1276SetPublicNetwork
 .text.SX1276OnTimeoutIrq
                0x000000000800a3e4       0xc8 ../../radio/CMakeFiles/radio.dir/sx1276/sx1276.c.obj
 .text.SX1276GetWakeupTime
                0x000000000800a4ac        0xa ../../radio/CMakeFiles/radio.dir/sx1276/sx1276.c.obj
                0x000000000800a4ac                SX1276GetWakeupTime
 .text.xor_block
                0x000000000800a4b6       0x82 ../../peripherals/CMakeFiles/peripherals.dir/soft-se/aes.c.obj
 .text.copy_and_key
                0x000000000800a538       0x84 ../../peripherals/CMakeFiles/peripherals.dir/soft-se/aes.c.obj
 .text.aes_set_key
                0x000000000800a5bc      0x108 ../../peripherals/CMakeFiles/peripherals.dir/soft-se/aes.c.obj
                0x000000000800a5bc                aes_set_key
 .text.aes_encrypt
                0x000000000800a6c4      0x2c8 ../../peripherals/CMakeFiles/peripherals.dir/soft-se/aes.c.obj
                0x000000000800a6c4                aes_encrypt
 .text.AES_CMAC_Init
                0x000000000800a98c       0x20 ../../peripherals/CMakeFiles/peripherals.dir/soft-se/cmac.c.obj
                0x000000000800a98c                AES_CMAC_Init
 .text.AES_CMAC_SetKey
                0x000000000800a9ac        0xe ../../peripherals/CMakeFiles/peripherals.dir/soft-se/cmac.c.obj
                0x000000000800a9ac                AES_CMAC_SetKey
 .text.AES_CMAC_Update
                0x000000000800a9ba       0xe0 ../../peripherals/CMakeFiles/peripherals.dir/soft-se/cmac.c.obj
                0x000000000800a9ba                AES_CMAC_Update
 .text.AES_CMAC_Final
                0x000000000800aa9a      0x156 ../../peripherals/CMakeFiles/peripherals.dir/soft-se/cmac.c.obj
                0x000000000800aa9a                AES_CMAC_Final
 .text.SoftSeHalGetRandomNumber
                0x000000000800abf0       0x10 ../../peripherals/CMakeFiles/peripherals.dir/soft-se/soft-se-hal.c.obj
                0x000000000800abf0                SoftSeHalGetRandomNumber
 .text.DummyCB  0x000000000800ac00        0x2 ../../peripherals/CMakeFiles/peripherals.dir/soft-se/soft-se.c.obj
 *fill*         0x000000000800ac02        0x2 
 .text.ComputeCmac.part.0
                0x000000000800ac04       0x68 ../../peripherals/CMakeFiles/peripherals.dir/soft-se/soft-se.c.obj
 .text.SecureElementInit
                0x000000000800ac6c       0x1c ../../peripherals/CMakeFiles/peripherals.dir/soft-se/soft-se.c.obj
                0x000000000800ac6c                SecureElementInit
 .text.SecureElementRestoreNvmCtx
                0x000000000800ac88       0x1c ../../peripherals/CMakeFiles/peripherals.dir/soft-se/soft-se.c.obj
                0x000000000800ac88                SecureElementRestoreNvmCtx
 .text.SecureElementGetNvmCtx
                0x000000000800aca4       0x10 ../../peripherals/CMakeFiles/peripherals.dir/soft-se/soft-se.c.obj
                0x000000000800aca4                SecureElementGetNvmCtx
 .text.SecureElementComputeAesCmac
                0x000000000800acb4       0x20 ../../peripherals/CMakeFiles/peripherals.dir/soft-se/soft-se.c.obj
                0x000000000800acb4                SecureElementComputeAesCmac
 .text.SecureElementVerifyAesCmac
                0x000000000800acd4       0x30 ../../peripherals/CMakeFiles/peripherals.dir/soft-se/soft-se.c.obj
                0x000000000800acd4                SecureElementVerifyAesCmac
 .text.SecureElementAesEncrypt
                0x000000000800ad04       0x78 ../../peripherals/CMakeFiles/peripherals.dir/soft-se/soft-se.c.obj
                0x000000000800ad04                SecureElementAesEncrypt
 .text.SecureElementSetKey.part.2
                0x000000000800ad7c       0x84 ../../peripherals/CMakeFiles/peripherals.dir/soft-se/soft-se.c.obj
 .text.SecureElementSetKey
                0x000000000800ae00       0x12 ../../peripherals/CMakeFiles/peripherals.dir/soft-se/soft-se.c.obj
                0x000000000800ae00                SecureElementSetKey
 .text.SecureElementDeriveAndStoreKey
                0x000000000800ae12       0x3e ../../peripherals/CMakeFiles/peripherals.dir/soft-se/soft-se.c.obj
                0x000000000800ae12                SecureElementDeriveAndStoreKey
 .text.SecureElementProcessJoinAccept
                0x000000000800ae50       0x8e ../../peripherals/CMakeFiles/peripherals.dir/soft-se/soft-se.c.obj
                0x000000000800ae50                SecureElementProcessJoinAccept
 .text.SecureElementRandomNumber
                0x000000000800aede       0x14 ../../peripherals/CMakeFiles/peripherals.dir/soft-se/soft-se.c.obj
                0x000000000800aede                SecureElementRandomNumber
 *fill*         0x000000000800aef2        0x2 
 .text.SecureElementSetDevEui
                0x000000000800aef4       0x24 ../../peripherals/CMakeFiles/peripherals.dir/soft-se/soft-se.c.obj
                0x000000000800aef4                SecureElementSetDevEui
 .text.SecureElementGetDevEui
                0x000000000800af18        0x8 ../../peripherals/CMakeFiles/peripherals.dir/soft-se/soft-se.c.obj
                0x000000000800af18                SecureElementGetDevEui
 .text.SecureElementSetJoinEui
                0x000000000800af20       0x24 ../../peripherals/CMakeFiles/peripherals.dir/soft-se/soft-se.c.obj
                0x000000000800af20                SecureElementSetJoinEui
 .text.SecureElementGetJoinEui
                0x000000000800af44        0x8 ../../peripherals/CMakeFiles/peripherals.dir/soft-se/soft-se.c.obj
                0x000000000800af44                SecureElementGetJoinEui
 .text.SecureElementSetPin
                0x000000000800af4c       0x24 ../../peripherals/CMakeFiles/peripherals.dir/soft-se/soft-se.c.obj
                0x000000000800af4c                SecureElementSetPin
 .text.SecureElementGetPin
                0x000000000800af70        0x8 ../../peripherals/CMakeFiles/peripherals.dir/soft-se/soft-se.c.obj
                0x000000000800af70                SecureElementGetPin
 .text.OnCalibrateSystemWakeupTimeTimerEvent
                0x000000000800af78       0x14 ../../boards/B-L072Z-LRWAN1/CMakeFiles/B-L072Z-LRWAN1.dir/board.c.obj
 .text.BoardCriticalSectionBegin
                0x000000000800af8c        0xa ../../boards/B-L072Z-LRWAN1/CMakeFiles/B-L072Z-LRWAN1.dir/board.c.obj
                0x000000000800af8c                BoardCriticalSectionBegin
 .text.BoardCriticalSectionEnd
                0x000000000800af96        0x8 ../../boards/B-L072Z-LRWAN1/CMakeFiles/B-L072Z-LRWAN1.dir/board.c.obj
                0x000000000800af96                BoardCriticalSectionEnd
 .text.BoardInitPeriph
                0x000000000800af9e        0x2 ../../boards/B-L072Z-LRWAN1/CMakeFiles/B-L072Z-LRWAN1.dir/board.c.obj
                0x000000000800af9e                BoardInitPeriph
 .text.BoardDeInitMcu
                0x000000000800afa0       0x14 ../../boards/B-L072Z-LRWAN1/CMakeFiles/B-L072Z-LRWAN1.dir/board.c.obj
                0x000000000800afa0                BoardDeInitMcu
 .text.BoardGetRandomSeed
                0x000000000800afb4       0x20 ../../boards/B-L072Z-LRWAN1/CMakeFiles/B-L072Z-LRWAN1.dir/board.c.obj
                0x000000000800afb4                BoardGetRandomSeed
 .text.BoardGetBatteryLevel
                0x000000000800afd4        0x4 ../../boards/B-L072Z-LRWAN1/CMakeFiles/B-L072Z-LRWAN1.dir/board.c.obj
                0x000000000800afd4                BoardGetBatteryLevel
 .text.SysTick_Handler
                0x000000000800afd8        0xc ../../boards/B-L072Z-LRWAN1/CMakeFiles/B-L072Z-LRWAN1.dir/board.c.obj
                0x000000000800afd8                SysTick_Handler
 .text.GetBoardPowerSource
                0x000000000800afe4       0x10 ../../boards/B-L072Z-LRWAN1/CMakeFiles/B-L072Z-LRWAN1.dir/board.c.obj
                0x000000000800afe4                GetBoardPowerSource
 .text.BoardInitMcu
                0x000000000800aff4      0x25c ../../boards/B-L072Z-LRWAN1/CMakeFiles/B-L072Z-LRWAN1.dir/board.c.obj
                0x000000000800aff4                BoardInitMcu
 .text.LpmEnterStopMode
                0x000000000800b250       0x38 ../../boards/B-L072Z-LRWAN1/CMakeFiles/B-L072Z-LRWAN1.dir/board.c.obj
                0x000000000800b250                LpmEnterStopMode
 .text.LpmExitStopMode
                0x000000000800b288       0x14 ../../boards/B-L072Z-LRWAN1/CMakeFiles/B-L072Z-LRWAN1.dir/board.c.obj
                0x000000000800b288                LpmExitStopMode
 .text.LpmEnterSleepMode
                0x000000000800b29c        0xc ../../boards/B-L072Z-LRWAN1/CMakeFiles/B-L072Z-LRWAN1.dir/board.c.obj
                0x000000000800b29c                LpmEnterSleepMode
 .text.BoardLowPowerHandler
                0x000000000800b2a8        0xc ../../boards/B-L072Z-LRWAN1/CMakeFiles/B-L072Z-LRWAN1.dir/board.c.obj
                0x000000000800b2a8                BoardLowPowerHandler
 .text._write   0x000000000800b2b4       0x1c ../../boards/B-L072Z-LRWAN1/CMakeFiles/B-L072Z-LRWAN1.dir/board.c.obj
                0x000000000800b2b4                _write
 .text._read    0x000000000800b2d0       0x34 ../../boards/B-L072Z-LRWAN1/CMakeFiles/B-L072Z-LRWAN1.dir/board.c.obj
                0x000000000800b2d0                _read
 .text.DelayMsMcu
                0x000000000800b304        0x8 ../../boards/B-L072Z-LRWAN1/CMakeFiles/B-L072Z-LRWAN1.dir/delay-board.c.obj
                0x000000000800b304                DelayMsMcu
 .text.GpioMcuSetInterrupt
                0x000000000800b30c       0xe4 ../../boards/B-L072Z-LRWAN1/CMakeFiles/B-L072Z-LRWAN1.dir/gpio-board.c.obj
                0x000000000800b30c                GpioMcuSetInterrupt
 .text.GpioMcuWrite
                0x000000000800b3f0       0x1a ../../boards/B-L072Z-LRWAN1/CMakeFiles/B-L072Z-LRWAN1.dir/gpio-board.c.obj
                0x000000000800b3f0                GpioMcuWrite
 *fill*         0x000000000800b40a        0x2 
 .text.GpioMcuInit
                0x000000000800b40c       0xfc ../../boards/B-L072Z-LRWAN1/CMakeFiles/B-L072Z-LRWAN1.dir/gpio-board.c.obj
                0x000000000800b40c                GpioMcuInit
 .text.GpioMcuToggle
                0x000000000800b508       0x18 ../../boards/B-L072Z-LRWAN1/CMakeFiles/B-L072Z-LRWAN1.dir/gpio-board.c.obj
                0x000000000800b508                GpioMcuToggle
 .text.GpioMcuRead
                0x000000000800b520       0x1c ../../boards/B-L072Z-LRWAN1/CMakeFiles/B-L072Z-LRWAN1.dir/gpio-board.c.obj
                0x000000000800b520                GpioMcuRead
 .text.EXTI0_1_IRQHandler
                0x000000000800b53c       0x10 ../../boards/B-L072Z-LRWAN1/CMakeFiles/B-L072Z-LRWAN1.dir/gpio-board.c.obj
                0x000000000800b53c                EXTI0_1_IRQHandler
 .text.EXTI2_3_IRQHandler
                0x000000000800b54c       0x10 ../../boards/B-L072Z-LRWAN1/CMakeFiles/B-L072Z-LRWAN1.dir/gpio-board.c.obj
                0x000000000800b54c                EXTI2_3_IRQHandler
 .text.EXTI4_15_IRQHandler
                0x000000000800b55c       0x5c ../../boards/B-L072Z-LRWAN1/CMakeFiles/B-L072Z-LRWAN1.dir/gpio-board.c.obj
                0x000000000800b55c                EXTI4_15_IRQHandler
 .text.HAL_GPIO_EXTI_Callback
                0x000000000800b5b8       0x30 ../../boards/B-L072Z-LRWAN1/CMakeFiles/B-L072Z-LRWAN1.dir/gpio-board.c.obj
                0x000000000800b5b8                HAL_GPIO_EXTI_Callback
 .text.LpmSetOffMode
                0x000000000800b5e8       0x34 ../../boards/B-L072Z-LRWAN1/CMakeFiles/B-L072Z-LRWAN1.dir/lpm-board.c.obj
                0x000000000800b5e8                LpmSetOffMode
 .text.LpmSetStopMode
                0x000000000800b61c       0x34 ../../boards/B-L072Z-LRWAN1/CMakeFiles/B-L072Z-LRWAN1.dir/lpm-board.c.obj
                0x000000000800b61c                LpmSetStopMode
 .text.LpmGetMode
                0x000000000800b650       0x30 ../../boards/B-L072Z-LRWAN1/CMakeFiles/B-L072Z-LRWAN1.dir/lpm-board.c.obj
                0x000000000800b650                LpmGetMode
 .text.LpmExitSleepMode
                0x000000000800b680        0x2 ../../boards/B-L072Z-LRWAN1/CMakeFiles/B-L072Z-LRWAN1.dir/lpm-board.c.obj
                0x000000000800b680                LpmExitSleepMode
 .text.LpmEnterOffMode
                0x000000000800b682        0x2 ../../boards/B-L072Z-LRWAN1/CMakeFiles/B-L072Z-LRWAN1.dir/lpm-board.c.obj
                0x000000000800b682                LpmEnterOffMode
 .text.LpmExitOffMode
                0x000000000800b684        0x2 ../../boards/B-L072Z-LRWAN1/CMakeFiles/B-L072Z-LRWAN1.dir/lpm-board.c.obj
                0x000000000800b684                LpmExitOffMode
 *fill*         0x000000000800b686        0x2 
 .text.LpmEnterLowPower
                0x000000000800b688       0x38 ../../boards/B-L072Z-LRWAN1/CMakeFiles/B-L072Z-LRWAN1.dir/lpm-board.c.obj
                0x000000000800b688                LpmEnterLowPower
 .text.RtcGetCalendarValue
                0x000000000800b6c0       0xb0 ../../boards/B-L072Z-LRWAN1/CMakeFiles/B-L072Z-LRWAN1.dir/rtc-board.c.obj
 .text.RtcSetTimerContext
                0x000000000800b770       0x18 ../../boards/B-L072Z-LRWAN1/CMakeFiles/B-L072Z-LRWAN1.dir/rtc-board.c.obj
                0x000000000800b770                RtcSetTimerContext
 .text.RtcInit  0x000000000800b788       0x98 ../../boards/B-L072Z-LRWAN1/CMakeFiles/B-L072Z-LRWAN1.dir/rtc-board.c.obj
                0x000000000800b788                RtcInit
 .text.RtcGetTimerContext
                0x000000000800b820        0xc ../../boards/B-L072Z-LRWAN1/CMakeFiles/B-L072Z-LRWAN1.dir/rtc-board.c.obj
                0x000000000800b820                RtcGetTimerContext
 .text.RtcGetMinimumTimeout
                0x000000000800b82c        0x4 ../../boards/B-L072Z-LRWAN1/CMakeFiles/B-L072Z-LRWAN1.dir/rtc-board.c.obj
                0x000000000800b82c                RtcGetMinimumTimeout
 .text.RtcMs2Tick
                0x000000000800b830       0x10 ../../boards/B-L072Z-LRWAN1/CMakeFiles/B-L072Z-LRWAN1.dir/rtc-board.c.obj
                0x000000000800b830                RtcMs2Tick
 .text.RtcTick2Ms
                0x000000000800b840       0x14 ../../boards/B-L072Z-LRWAN1/CMakeFiles/B-L072Z-LRWAN1.dir/rtc-board.c.obj
                0x000000000800b840                RtcTick2Ms
 .text.RtcStopAlarm
                0x000000000800b854       0x30 ../../boards/B-L072Z-LRWAN1/CMakeFiles/B-L072Z-LRWAN1.dir/rtc-board.c.obj
                0x000000000800b854                RtcStopAlarm
 .text.RtcStartAlarm
                0x000000000800b884      0x120 ../../boards/B-L072Z-LRWAN1/CMakeFiles/B-L072Z-LRWAN1.dir/rtc-board.c.obj
                0x000000000800b884                RtcStartAlarm
 .text.RtcGetTimerValue
                0x000000000800b9a4        0xe ../../boards/B-L072Z-LRWAN1/CMakeFiles/B-L072Z-LRWAN1.dir/rtc-board.c.obj
                0x000000000800b9a4                RtcGetTimerValue
 *fill*         0x000000000800b9b2        0x2 
 .text.RtcGetTimerElapsedTime
                0x000000000800b9b4       0x18 ../../boards/B-L072Z-LRWAN1/CMakeFiles/B-L072Z-LRWAN1.dir/rtc-board.c.obj
                0x000000000800b9b4                RtcGetTimerElapsedTime
 .text.RtcSetAlarm
                0x000000000800b9cc       0x48 ../../boards/B-L072Z-LRWAN1/CMakeFiles/B-L072Z-LRWAN1.dir/rtc-board.c.obj
                0x000000000800b9cc                RtcSetAlarm
 .text.RtcSetMcuWakeUpTime
                0x000000000800ba14       0x7c ../../boards/B-L072Z-LRWAN1/CMakeFiles/B-L072Z-LRWAN1.dir/rtc-board.c.obj
                0x000000000800ba14                RtcSetMcuWakeUpTime
 .text.RtcGetCalendarTime
                0x000000000800ba90       0x26 ../../boards/B-L072Z-LRWAN1/CMakeFiles/B-L072Z-LRWAN1.dir/rtc-board.c.obj
                0x000000000800ba90                RtcGetCalendarTime
 *fill*         0x000000000800bab6        0x2 
 .text.RTC_IRQHandler
                0x000000000800bab8       0x40 ../../boards/B-L072Z-LRWAN1/CMakeFiles/B-L072Z-LRWAN1.dir/rtc-board.c.obj
                0x000000000800bab8                RTC_IRQHandler
 .text.RtcBkupWrite
                0x000000000800baf8       0x20 ../../boards/B-L072Z-LRWAN1/CMakeFiles/B-L072Z-LRWAN1.dir/rtc-board.c.obj
                0x000000000800baf8                RtcBkupWrite
 .text.RtcBkupRead
                0x000000000800bb18       0x24 ../../boards/B-L072Z-LRWAN1/CMakeFiles/B-L072Z-LRWAN1.dir/rtc-board.c.obj
                0x000000000800bb18                RtcBkupRead
 .text.RtcTempCompensation
                0x000000000800bb3c       0x5c ../../boards/B-L072Z-LRWAN1/CMakeFiles/B-L072Z-LRWAN1.dir/rtc-board.c.obj
                0x000000000800bb3c                RtcTempCompensation
 .text.SpiDeInit